2025-09-30 15:57:32,656 - INFO - Starting 10 million row benchmark suite...
2025-09-30 15:57:32,663 - INFO - Found test file: C:\Users\kalia\Downloads\dummy_data\Dummy_1M_records_01.xlsx
2025-09-30 15:57:32,664 - INFO - Found test file: C:\Users\kalia\Downloads\dummy_data\Dummy_1M_records_02.xlsx
2025-09-30 15:57:32,664 - INFO - Found test file: C:\Users\kalia\Downloads\dummy_data\Dummy_1M_records_03.xlsx
2025-09-30 15:57:32,666 - INFO - Found test file: C:\Users\kalia\Downloads\dummy_data\Dummy_1M_records_04.xlsx
2025-09-30 15:57:32,668 - INFO - Found test file: C:\Users\kalia\Downloads\dummy_data\Dummy_1M_records_05.xlsx
2025-09-30 15:57:32,672 - INFO - Found test file: C:\Users\kalia\Downloads\dummy_data\Dummy_1M_records_06.xlsx
2025-09-30 15:57:32,674 - INFO - Found test file: C:\Users\kalia\Downloads\dummy_data\Dummy_1M_records_07.xlsx
2025-09-30 15:57:32,677 - INFO - Found test file: C:\Users\kalia\Downloads\dummy_data\Dummy_1M_records_08.xlsx
2025-09-30 15:57:32,678 - INFO - Found test file: C:\Users\kalia\Downloads\dummy_data\Dummy_1M_records_09.xlsx
2025-09-30 15:57:32,681 - INFO - Found test file: C:\Users\kalia\Downloads\dummy_data\Dummy_1M_records_10.xlsx
2025-09-30 15:57:32,683 - INFO - Found 10 test files for 10M benchmark
2025-09-30 15:57:32,685 - INFO - Loading 10 million row dataset...
2025-09-30 15:57:32,687 - INFO - Loading file: Dummy_1M_records_01.xlsx
2025-09-30 16:01:01,038 - INFO - Starting 10 million row benchmark suite...
2025-09-30 16:01:01,045 - INFO - Found test file: C:\Users\kalia\Downloads\dummy_data\Dummy_1M_records_01.xlsx
2025-09-30 16:01:01,046 - INFO - Found test file: C:\Users\kalia\Downloads\dummy_data\Dummy_1M_records_02.xlsx
2025-09-30 16:01:01,047 - INFO - Found test file: C:\Users\kalia\Downloads\dummy_data\Dummy_1M_records_03.xlsx
2025-09-30 16:01:01,048 - INFO - Found test file: C:\Users\kalia\Downloads\dummy_data\Dummy_1M_records_04.xlsx
2025-09-30 16:01:01,048 - INFO - Found test file: C:\Users\kalia\Downloads\dummy_data\Dummy_1M_records_05.xlsx
2025-09-30 16:01:01,050 - INFO - Found test file: C:\Users\kalia\Downloads\dummy_data\Dummy_1M_records_06.xlsx
2025-09-30 16:01:01,050 - INFO - Found test file: C:\Users\kalia\Downloads\dummy_data\Dummy_1M_records_07.xlsx
2025-09-30 16:01:01,050 - INFO - Found test file: C:\Users\kalia\Downloads\dummy_data\Dummy_1M_records_08.xlsx
2025-09-30 16:01:01,051 - INFO - Found test file: C:\Users\kalia\Downloads\dummy_data\Dummy_1M_records_09.xlsx
2025-09-30 16:01:01,053 - INFO - Found test file: C:\Users\kalia\Downloads\dummy_data\Dummy_1M_records_10.xlsx
2025-09-30 16:01:01,054 - INFO - Found 10 test files for 10M benchmark
2025-09-30 16:01:01,054 - INFO - Loading 10 million row dataset...
2025-09-30 16:01:01,055 - INFO - Loading file: Dummy_1M_records_01.xlsx
2025-09-30 16:02:21,667 - INFO - Loading file: Dummy_1M_records_02.xlsx
2025-09-30 16:04:02,197 - INFO - Loading file: Dummy_1M_records_03.xlsx
2025-09-30 16:07:27,022 - INFO - Loading file: Dummy_1M_records_04.xlsx
2025-09-30 16:11:12,099 - INFO - Loading file: Dummy_1M_records_05.xlsx
2025-09-30 16:14:48,825 - INFO - Loading file: Dummy_1M_records_06.xlsx
2025-09-30 16:18:10,904 - INFO - Loading file: Dummy_1M_records_07.xlsx
2025-09-30 16:19:24,296 - INFO - Loading file: Dummy_1M_records_08.xlsx
2025-09-30 16:20:37,284 - INFO - Loading file: Dummy_1M_records_09.xlsx
2025-09-30 16:21:49,604 - INFO - Loading file: Dummy_1M_records_10.xlsx
2025-09-30 16:23:02,008 - INFO - Combining 10 chunks...
2025-09-30 16:23:09,123 - INFO - Dataset loaded: 10,000,000 rows, 4865.1 MB
2025-09-30 16:23:09,539 - INFO - Successfully loaded 10,000,000 rows for benchmarking
2025-09-30 16:23:09,540 - INFO - Starting 10M data loading benchmark...
2025-09-30 16:23:09,545 - INFO - Starting benchmark: data_loading_10m with 10,000,000 records
2025-09-30 16:23:09,545 - INFO - Loading 10 million row dataset...
2025-09-30 16:23:09,546 - INFO - Loading file: Dummy_1M_records_01.xlsx
2025-09-30 16:24:22,414 - INFO - Loading file: Dummy_1M_records_02.xlsx
2025-09-30 16:25:35,489 - INFO - Loading file: Dummy_1M_records_03.xlsx
2025-09-30 16:26:52,536 - INFO - Loading file: Dummy_1M_records_04.xlsx
2025-09-30 16:28:22,393 - INFO - Loading file: Dummy_1M_records_05.xlsx
2025-09-30 16:29:41,149 - INFO - Loading file: Dummy_1M_records_06.xlsx
2025-09-30 16:31:12,455 - INFO - Loading file: Dummy_1M_records_07.xlsx
2025-09-30 16:32:40,738 - INFO - Loading file: Dummy_1M_records_08.xlsx
2025-09-30 16:33:58,131 - INFO - Loading file: Dummy_1M_records_09.xlsx
2025-09-30 16:36:45,302 - INFO - Loading file: Dummy_1M_records_10.xlsx
2025-09-30 16:40:25,970 - INFO - Combining 10 chunks...
2025-09-30 16:40:42,284 - INFO - Dataset loaded: 10,000,000 rows, 4865.1 MB
2025-09-30 16:40:59,514 - INFO - Benchmark complete: 1069.968s, 4013.0MB, 15.2% CPU, 9346 records/s
2025-09-30 16:41:01,389 - INFO - Starting 10M query benchmarks...
2025-09-30 16:41:01,390 - INFO - Testing query: Single department filter
2025-09-30 16:41:01,391 - INFO - Starting benchmark: query_10m_simple_department_filter with 10,000,000 records
2025-09-30 16:41:07,055 - INFO - Benchmark complete: 5.664s, 209.7MB, 20.1% CPU, 1765538 records/s
2025-09-30 16:41:07,055 - INFO - Testing query: Multi-department filter with OR logic
2025-09-30 16:41:07,057 - INFO - Starting benchmark: query_10m_complex_multi_department with 10,000,000 records
2025-09-30 16:41:13,029 - INFO - Benchmark complete: 5.971s, 202.9MB, 7.7% CPU, 1674686 records/s
2025-09-30 16:41:13,031 - INFO - Testing query: Global search across all columns
2025-09-30 16:41:13,032 - INFO - Starting benchmark: query_10m_global_search with 10,000,000 records
2025-09-30 16:41:17,189 - INFO - Benchmark complete: 4.156s, 343.4MB, 30.0% CPU, 2406259 records/s
2025-09-30 16:41:17,190 - INFO - Testing query: Date range filtering
2025-09-30 16:41:17,191 - INFO - Starting benchmark: query_10m_date_range_filter with 10,000,000 records
2025-09-30 16:41:21,846 - INFO - Benchmark complete: 4.655s, -3.4MB, 7.8% CPU, 2148332 records/s
2025-09-30 16:41:22,578 - INFO - Starting 10M memory usage analysis...
2025-09-30 16:41:22,580 - INFO - Starting benchmark: memory_analysis_10m with 10,000,000 records
2025-09-30 16:41:37,237 - INFO - Benchmark complete: 14.656s, 9.2MB, 13.2% CPU, 682305 records/s
2025-09-30 16:41:37,245 - INFO - Creating 10M benchmark visualizations...
2025-09-30 16:41:38,806 - ERROR - Error creating visualizations: Wedge sizes 'x' must be non negative values
2025-09-30 16:41:41,005 - INFO - 10M benchmark results saved to: 10m_benchmark_results_20250930_164140.json
