2025-08-28 11:58:24 - root - INFO - Logging to file: G:\My Drive\0dev\Search Utility v3\tender_management_v3\dist\TenderManagementUtility\_internal\logs\app_20250828_115824.log
2025-08-28 11:58:24 - root - INFO - Application starting...
2025-08-28 11:58:28 - core.config_manager - INFO - Configuration loaded from G:\My Drive\0dev\Search Utility v3\tender_management_v3\dist\TenderManagementUtility\_internal\config\config.json
2025-08-28 11:58:28 - ui.main_window - INFO - Global styles configured
2025-08-28 11:58:31 - ui.calendar_tab.CalendarTab - INFO - CalendarTab initialized
2025-08-28 11:58:31 - ui.calendar_tab.CalendarTab - INFO - No calendar events file found at G:\My Drive\0dev\Search Utility v3\tender_management_v3\dist\TenderManagementUtility\_internal\data\calendar_events.json
2025-08-28 11:58:31 - ui.tender_tasks_tab.TenderTasksTab - INFO - TenderTasksTab initialized (placeholder)
2025-08-28 11:58:31 - ui.settings_tab.SettingsTab - INFO - SettingsTab initialized
2025-08-28 11:58:31 - ui.logs_tab.LogsTab - INFO - Log handler attached to root logger
2025-08-28 11:58:31 - ui.main_window - INFO - Main application initialized
2025-08-28 11:58:31 - root - INFO - Main window initialized
2025-08-28 11:59:33 - core.config_manager - INFO - Configuration saved to G:\My Drive\0dev\Search Utility v3\tender_management_v3\dist\TenderManagementUtility\_internal\config\config.json
2025-08-28 11:59:33 - ui.search_dashboard_tab.SearchDashboardTab - INFO - Added folder: G:/My Drive/0dev/Search Utility v3/tender_management_v3/dist/TenderManagementUtility/data/merged_data
2025-08-28 11:59:35 - core.config_manager - INFO - Configuration saved to G:\My Drive\0dev\Search Utility v3\tender_management_v3\dist\TenderManagementUtility\_internal\config\config.json
2025-08-28 11:59:35 - core.data_processor.TenderDataProcessor - INFO - Loading data from: G:/My Drive/0dev/Search Utility v3/tender_management_v3/dist/TenderManagementUtility/data/merged_data\hptenders_gov_in_tenders_20250828_115443.xlsx
2025-08-28 11:59:40 - core.data_processor.TenderDataProcessor - INFO - Total columns in data: 10
2025-08-28 11:59:40 - core.data_processor.TenderDataProcessor - INFO - Found potential closing date column: 'Closing Date'
2025-08-28 11:59:40 - core.data_processor.TenderDataProcessor - INFO - Sample values before conversion for 'Closing Date': ['15-Sep-2025 10:30 AM', '15-Sep-2025 10:30 AM', '15-Sep-2025 10:30 AM', '15-Sep-2025 10:30 AM', '15-Sep-2025 10:30 AM']
2025-08-28 11:59:40 - core.data_processor.TenderDataProcessor - INFO - Converted 'Closing Date' using automatic inference: 947/947 values
2025-08-28 11:59:40 - core.data_processor.TenderDataProcessor - INFO - Sample values after conversion for 'Closing Date': [Timestamp('2025-09-15 10:30:00'), Timestamp('2025-09-15 10:30:00'), Timestamp('2025-09-15 10:30:00'), Timestamp('2025-09-15 10:30:00'), Timestamp('2025-09-15 10:30:00')]
2025-08-28 11:59:40 - core.data_processor.TenderDataProcessor - INFO - Successfully loaded 947 records from 1 files.
2025-08-28 11:59:42 - ui.search_dashboard_tab.SearchDashboardTab - INFO - Updated treeview with 947 rows.
2025-08-28 12:00:50 - ui.search_dashboard_tab.SearchDashboardTab - INFO - Updated treeview with 947 rows.
2025-08-28 12:00:50 - ui.search_dashboard_tab.SearchDashboardTab - INFO - Applied filters: {'CaseInsensitive': True, 'GlobalSearch': 'k', 'GlobalSearchOperator': 'AND'}
2025-08-28 12:00:50 - ui.search_dashboard_tab.SearchDashboardTab - INFO - Updated treeview with 131 rows.
2025-08-28 12:00:50 - ui.search_dashboard_tab.SearchDashboardTab - INFO - Applied filters: {'CaseInsensitive': True, 'GlobalSearch': 'kh', 'GlobalSearchOperator': 'AND'}
2025-08-28 12:00:50 - ui.search_dashboard_tab.SearchDashboardTab - INFO - Updated treeview with 87 rows.
2025-08-28 12:00:50 - ui.search_dashboard_tab.SearchDashboardTab - INFO - Applied filters: {'CaseInsensitive': True, 'GlobalSearch': 'kha', 'GlobalSearchOperator': 'AND'}
2025-08-28 12:00:51 - ui.search_dashboard_tab.SearchDashboardTab - INFO - Applied filters: {'CaseInsensitive': True, 'GlobalSearch': 'khaw', 'GlobalSearchOperator': 'AND'}
2025-08-28 12:00:51 - ui.search_dashboard_tab.SearchDashboardTab - INFO - Applied filters: {'CaseInsensitive': True, 'GlobalSearch': 'khawa', 'GlobalSearchOperator': 'AND'}
2025-08-28 12:00:51 - ui.search_dashboard_tab.SearchDashboardTab - INFO - Applied filters: {'CaseInsensitive': True, 'GlobalSearch': 'khawaj', 'GlobalSearchOperator': 'AND'}
2025-08-28 12:00:51 - ui.search_dashboard_tab.SearchDashboardTab - INFO - Applied filters: {'CaseInsensitive': True, 'GlobalSearch': 'khawaja', 'GlobalSearchOperator': 'AND'}
2025-08-28 12:00:58 - ui.search_dashboard_tab.SearchDashboardTab - INFO - Updated treeview with 947 rows.
2025-08-28 12:00:58 - ui.search_dashboard_tab.SearchDashboardTab - INFO - Applied filters: {'CaseInsensitive': True, 'GlobalSearch': 'k', 'GlobalSearchOperator': 'AND'}
2025-08-28 12:00:58 - ui.search_dashboard_tab.SearchDashboardTab - INFO - Updated treeview with 131 rows.
2025-08-28 12:00:58 - ui.search_dashboard_tab.SearchDashboardTab - INFO - Applied filters: {'CaseInsensitive': True, 'GlobalSearch': 'kh', 'GlobalSearchOperator': 'AND'}
2025-08-28 12:00:59 - ui.search_dashboard_tab.SearchDashboardTab - INFO - Updated treeview with 87 rows.
2025-08-28 12:00:59 - ui.search_dashboard_tab.SearchDashboardTab - INFO - Applied filters: {'CaseInsensitive': True, 'GlobalSearch': 'kha', 'GlobalSearchOperator': 'AND'}
2025-08-28 12:00:59 - ui.search_dashboard_tab.SearchDashboardTab - INFO - Updated treeview with 22 rows.
2025-08-28 12:00:59 - ui.search_dashboard_tab.SearchDashboardTab - INFO - Applied filters: {'CaseInsensitive': True, 'GlobalSearch': 'khad', 'GlobalSearchOperator': 'AND'}
2025-08-28 12:03:59 - ui.search_dashboard_tab.SearchDashboardTab - INFO - Applying date filter preset: expired
2025-08-28 12:03:59 - ui.search_dashboard_tab.SearchDashboardTab - INFO - Applied filters: {'CaseInsensitive': True, 'GlobalSearch': 'khad', 'GlobalSearchOperator': 'AND', 'DateFilter': {'type': 'expired'}}
2025-08-28 12:04:20 - ui.search_dashboard_tab.SearchDashboardTab - INFO - Updated treeview with 947 rows.
2025-08-28 12:04:20 - ui.search_dashboard_tab.SearchDashboardTab - INFO - Applied filters: {'CaseInsensitive': True}
2025-08-28 12:04:20 - ui.search_dashboard_tab.SearchDashboardTab - INFO - All filters have been reset
2025-08-28 12:04:22 - ui.search_dashboard_tab.SearchDashboardTab - INFO - Applying date filter preset: expired
2025-08-28 12:04:22 - ui.search_dashboard_tab.SearchDashboardTab - INFO - Updated treeview with 13 rows.
2025-08-28 12:04:22 - ui.search_dashboard_tab.SearchDashboardTab - INFO - Applied filters: {'CaseInsensitive': True, 'DateFilter': {'type': 'expired'}}
2025-08-28 12:06:05 - ui.tender_tasks_tab.TenderTasksTab - INFO - TenderTasksTab selected (placeholder)
2025-08-28 12:06:07 - ui.settings_tab.SettingsTab - INFO - Settings tab selected and refreshed
2025-08-28 12:06:08 - ui.logs_tab.LogsTab - INFO - Logs tab selected
