2025-08-26 17:44:34 - root - INFO - Logging to file: G:\My Drive\0dev\Search Utility v3\tender_management_v3\logs\app_20250826_174434.log
2025-08-26 17:44:34 - root - INFO - Application starting...
2025-08-26 17:44:34 - core.config_manager - INFO - Configuration loaded from G:\My Drive\0dev\Search Utility v3\tender_management_v3\config\config.json
2025-08-26 17:44:34 - ui.main_window - INFO - Global styles configured
2025-08-26 17:44:35 - ui.calendar_tab.CalendarTab - INFO - CalendarTab initialized
2025-08-26 17:44:35 - ui.calendar_tab.CalendarTab - INFO - Loaded 12 calendar events from G:\My Drive\0dev\Search Utility v3\tender_management_v3\data\calendar_events.json
2025-08-26 17:44:35 - ui.tender_tasks_tab.TenderTasksTab - INFO - TenderTasksTab initialized (placeholder)
2025-08-26 17:44:35 - ui.settings_tab.SettingsTab - INFO - SettingsTab initialized
2025-08-26 17:44:35 - ui.logs_tab.LogsTab - INFO - Log handler attached to root logger
2025-08-26 17:44:35 - core.config_manager - INFO - Configuration saved to G:\My Drive\0dev\Search Utility v3\tender_management_v3\config\config.json
2025-08-26 17:44:35 - core.data_processor.TenderDataProcessor - INFO - Loading data from: H:/My Drive/CRM T84/0 Live App/Search Utility/data/merged_data\hptenders_gov_in_consolidated_master.xlsx
2025-08-26 17:44:37 - core.data_processor.TenderDataProcessor - INFO - Converted 'Closing Date' to datetime format using %Y-%m-%d (closing date)
2025-08-26 17:44:37 - core.data_processor.TenderDataProcessor - INFO - Identified closing date columns: ['Closing Date']
2025-08-26 17:44:37 - core.data_processor.TenderDataProcessor - INFO - Successfully loaded 9816 records from 1 files.
2025-08-26 17:44:44 - ui.search_dashboard_tab.SearchDashboardTab - INFO - Updated treeview with 9816 rows.
2025-08-26 17:44:44 - ui.search_dashboard_tab.SearchDashboardTab - INFO - Restored previous session data from 1 files
2025-08-26 17:44:44 - ui.main_window - INFO - Main application initialized
2025-08-26 17:44:44 - root - INFO - Main window initialized
2025-08-26 17:44:57 - ui.search_dashboard_tab.SearchDashboardTab - INFO - Applying date filter preset: live
2025-08-26 17:44:58 - ui.search_dashboard_tab.SearchDashboardTab - INFO - Updated treeview with 850 rows.
2025-08-26 17:44:58 - ui.search_dashboard_tab.SearchDashboardTab - INFO - Applied filters: {'CaseInsensitive': True, 'DateFilter': {'type': 'live'}}
2025-08-26 17:45:15 - ui.search_dashboard_tab.SearchDashboardTab - INFO - Applying date filter preset: expired
2025-08-26 17:45:21 - ui.search_dashboard_tab.SearchDashboardTab - INFO - Updated treeview with 8966 rows.
2025-08-26 17:45:21 - ui.search_dashboard_tab.SearchDashboardTab - INFO - Applied filters: {'CaseInsensitive': True, 'DateFilter': {'type': 'expired'}}
2025-08-26 17:45:32 - ui.search_dashboard_tab.SearchDashboardTab - INFO - Applying date filter preset: all
2025-08-26 17:45:40 - ui.search_dashboard_tab.SearchDashboardTab - INFO - Updated treeview with 9816 rows.
2025-08-26 17:45:40 - ui.search_dashboard_tab.SearchDashboardTab - INFO - Applied filters: {'CaseInsensitive': True, 'DateFilter': {'type': 'all'}}
2025-08-26 17:45:53 - ui.search_dashboard_tab.SearchDashboardTab - INFO - Applying custom date filter: 2025-08-26 to 2025-08-28
2025-08-26 17:45:53 - core.data_processor.TenderDataProcessor - INFO - Custom date filter: 2025-08-26 00:00:00 to 2025-08-28 23:59:59
2025-08-26 17:45:53 - core.data_processor.TenderDataProcessor - INFO - Custom date filter returned 269 records
2025-08-26 17:45:53 - ui.search_dashboard_tab.SearchDashboardTab - INFO - Updated treeview with 269 rows.
2025-08-26 17:45:53 - ui.search_dashboard_tab.SearchDashboardTab - INFO - Applied filters: {'CaseInsensitive': True, 'DateFilter': {'type': 'custom', 'start_date': '2025-08-26', 'end_date': '2025-08-28'}}
2025-08-26 17:46:05 - ui.search_dashboard_tab.SearchDashboardTab - INFO - Applying custom date filter: 2025-08-27 to 2025-08-28
2025-08-26 17:46:05 - core.data_processor.TenderDataProcessor - INFO - Custom date filter: 2025-08-27 00:00:00 to 2025-08-28 23:59:59
2025-08-26 17:46:05 - core.data_processor.TenderDataProcessor - INFO - Custom date filter returned 212 records
2025-08-26 17:46:05 - ui.search_dashboard_tab.SearchDashboardTab - INFO - Updated treeview with 212 rows.
2025-08-26 17:46:05 - ui.search_dashboard_tab.SearchDashboardTab - INFO - Applied filters: {'CaseInsensitive': True, 'DateFilter': {'type': 'custom', 'start_date': '2025-08-27', 'end_date': '2025-08-28'}}
