2025-09-25 20:01:30 - root - INFO - Logging to file: G:\My Drive\0dev\Search Utility v3\tender_management_v3\logs\app_20250925_200130.log
2025-09-25 20:01:30 - root - INFO - Application starting...
2025-09-25 20:01:30 - ui.main_window.MainApplication - INFO - Initializing MainApplication...
2025-09-25 20:01:30 - core.config_manager - INFO - Configuration loaded from G:\My Drive\0dev\Search Utility v3\tender_management_v3\config\config.json
2025-09-25 20:01:30 - ui.main_window.MainApplication - INFO - Global configuration loaded successfully
2025-09-25 20:01:30 - ui.main_window.MainApplication - INFO - Window geometry set to 1200x800+168+32
2025-09-25 20:01:31 - ui.search_dashboard_tab.SearchDashboardTab - INFO - Applying status filter: live
2025-09-25 20:01:31 - ui.calendar_tab.CalendarTab - INFO - CalendarTab initialized
2025-09-25 20:01:31 - ui.calendar_tab.CalendarTab - INFO - Loaded 12 calendar events from G:\My Drive\0dev\Search Utility v3\tender_management_v3\data\calendar_events.json
2025-09-25 20:01:31 - ui.tender_tasks_tab.TenderTasksTab - INFO - TenderTasksTab initialized (placeholder)
2025-09-25 20:01:31 - ui.settings_tab.SettingsTab - INFO - SettingsTab initialized
2025-09-25 20:01:31 - ui.logs_tab.LogsTab - INFO - Log handler attached to root logger
2025-09-25 20:01:31 - ui.main_window.MainApplication - INFO - All tabs initialized successfully
2025-09-25 20:01:31 - ui.main_window - INFO - Main application initialized
2025-09-25 20:01:31 - root - INFO - Main window initialized
2025-09-25 20:01:52 - core.config_manager - INFO - Configuration saved to G:\My Drive\0dev\Search Utility v3\tender_management_v3\config\config.json
2025-09-25 20:01:54 - ui.search_dashboard_tab.SearchDashboardTab - INFO - Saved search configuration: PWD Una
2025-09-25 20:02:25 - ui.search_dashboard_tab.SearchDashboardTab - INFO - Exported saved searches to: H:/My Drive/CRM T84/0 Live App/Search Utility/data/input_excel_files/saved searches.json
2025-09-25 20:02:32 - ui.search_dashboard_tab.SearchDashboardTab - ERROR - Error importing saved searches: 'dict' object has no attribute 'append'
2025-09-25 20:03:09 - ui.search_dashboard_tab.SearchDashboardTab - ERROR - Error deleting saved search: 'dict' object has no attribute 'remove'
2025-09-25 20:04:16 - ui.main_window - INFO - Application closing
2025-09-25 20:04:16 - core.config_manager - INFO - Configuration saved to G:\My Drive\0dev\Search Utility v3\tender_management_v3\config\config.json
