2025-09-01 15:28:04 - root - INFO - Logging to file: G:\My Drive\0dev\Search Utility v3\tender_management_v3\logs\app_20250901_152804.log
2025-09-01 15:28:04 - root - INFO - Application starting...
2025-09-01 15:28:04 - ui.main_window.MainApplication - INFO - Initializing MainApplication...
2025-09-01 15:28:04 - core.config_manager - INFO - Configuration loaded from G:\My Drive\0dev\Search Utility v3\tender_management_v3\config\config.json
2025-09-01 15:28:04 - ui.main_window.MainApplication - INFO - Global configuration loaded successfully
2025-09-01 15:28:04 - ui.main_window.MainApplication - INFO - Window geometry set to 1200x800+168+32
2025-09-01 15:28:05 - ui.search_dashboard_tab.SearchDashboardTab - INFO - Applying status filter: live
2025-09-01 15:28:09 - ui.calendar_tab.CalendarTab - INFO - CalendarTab initialized
2025-09-01 15:28:09 - ui.calendar_tab.CalendarTab - INFO - Loaded 12 calendar events from G:\My Drive\0dev\Search Utility v3\tender_management_v3\data\calendar_events.json
2025-09-01 15:28:09 - ui.tender_tasks_tab.TenderTasksTab - INFO - TenderTasksTab initialized (placeholder)
2025-09-01 15:28:09 - ui.settings_tab.SettingsTab - INFO - SettingsTab initialized
2025-09-01 15:28:09 - ui.logs_tab.LogsTab - INFO - Log handler attached to root logger
2025-09-01 15:28:09 - ui.main_window.MainApplication - INFO - All tabs initialized successfully
2025-09-01 15:28:09 - ui.main_window - INFO - Main application initialized
2025-09-01 15:28:09 - root - INFO - Main window initialized
2025-09-01 15:29:01 - ui.search_dashboard_tab.SearchDashboardTab - INFO - Applying time filter: today
2025-09-01 15:29:04 - ui.search_dashboard_tab.SearchDashboardTab - INFO - Applying time filter: next_3_days
2025-09-01 15:29:07 - ui.search_dashboard_tab.SearchDashboardTab - INFO - Applying time filter: next_7_days
2025-09-01 15:29:09 - ui.search_dashboard_tab.SearchDashboardTab - INFO - Applying time filter: next_30_days
2025-09-01 15:29:45 - ui.search_dashboard_tab.SearchDashboardTab - INFO - Applying time filter: today
