2025-09-24 19:08:37 - root - INFO - Logging to file: G:\My Drive\0dev\Search Utility v3\tender_management_v3\logs\app_20250924_190837.log
2025-09-24 19:08:38 - root - INFO - Application starting...
2025-09-24 19:08:38 - ui.main_window.MainApplication - INFO - Initializing MainApplication...
2025-09-24 19:08:38 - core.config_manager - INFO - Configuration loaded from G:\My Drive\0dev\Search Utility v3\tender_management_v3\config\config.json
2025-09-24 19:08:38 - ui.main_window.MainApplication - INFO - Global configuration loaded successfully
2025-09-24 19:08:38 - ui.main_window.MainApplication - INFO - Window geometry set to 1200x800+168+32
2025-09-24 19:08:38 - ui.search_dashboard_tab.SearchDashboardTab - INFO - Applying status filter: live
2025-09-24 19:08:39 - ui.calendar_tab.CalendarTab - INFO - CalendarTab initialized
2025-09-24 19:08:39 - ui.calendar_tab.CalendarTab - INFO - Loaded 12 calendar events from G:\My Drive\0dev\Search Utility v3\tender_management_v3\data\calendar_events.json
2025-09-24 19:08:39 - ui.tender_tasks_tab.TenderTasksTab - INFO - TenderTasksTab initialized (placeholder)
2025-09-24 19:08:39 - ui.settings_tab.SettingsTab - INFO - SettingsTab initialized
2025-09-24 19:08:39 - ui.logs_tab.LogsTab - INFO - Log handler attached to root logger
2025-09-24 19:08:39 - ui.main_window.MainApplication - INFO - All tabs initialized successfully
2025-09-24 19:08:39 - ui.main_window - INFO - Main application initialized
2025-09-24 19:08:39 - root - INFO - Main window initialized
2025-09-24 19:08:53 - ui.portal_merger_tab.PortalDataMergerTab - INFO - Added new files for merging: ('H:/My Drive/CRM T84/0 Live App/Search data/input_excel_files/hptenders_consolidated_master.xlsx', 'H:/My Drive/CRM T84/0 Live App/Search data/input_excel_files/hptenders_gov_in_consolidated_master.xlsx', 'H:/My Drive/CRM T84/0 Live App/Search data/input_excel_files/hptenders_gov_in_tenders_20250924_105656.xlsx')
2025-09-24 19:08:58 - ui.portal_merger_tab.PortalDataMergerTab - INFO - Starting batch merge process via UI. Output Folder='H:/My Drive/CRM T84/0 Live App/Search data/merged_data'
2025-09-24 19:08:58 - ui.portal_merger_tab.PortalDataMergerTab - INFO - Processing portal hptenders with 3 files
2025-09-24 19:08:58 - ui.portal_merger_tab.PortalDataMergerTab - INFO - Sorted 3 files for portal 'hptenders', oldest first.
2025-09-24 19:08:58 - ui.portal_merger_tab.PortalDataMergerTab - INFO - Portal hptenders: Processing files in this order:
  1. hptenders_gov_in_tenders_20250924_105656.xlsx
  2. hptenders_consolidated_master.xlsx
  3. hptenders_gov_in_consolidated_master.xlsx

2025-09-24 19:08:58 - core.file_merger - INFO - No existing consolidated file found for portal 'hptenders'. Creating new master.
2025-09-24 19:08:58 - core.file_merger - INFO - Loaded 1453 records from hptenders_gov_in_tenders_20250924_105656.xlsx
2025-09-24 19:08:59 - core.file_merger - INFO - Loaded 13809 records from hptenders_consolidated_master.xlsx
2025-09-24 19:09:01 - core.file_merger - INFO - Loaded 13809 records from hptenders_gov_in_consolidated_master.xlsx
2025-09-24 19:09:01 - core.file_merger - INFO - Columns in combined data: ['Department Name', 'S.No', 'e-Published Date', 'Closing Date', 'Opening Date', 'Organisation Chain', 'Title and Ref.No./Tender ID', 'Tender ID (Extracted)', 'Direct URL', 'Status URL']
2025-09-24 19:09:01 - core.file_merger - INFO - Preferred unique keys: ['tender_ID']
2025-09-24 19:09:01 - core.file_merger - WARNING - No suitable unique key found in merged data.
2025-09-24 19:09:24 - ui.portal_merger_tab.PortalDataMergerTab - INFO - Batch merge process completed. Success: 0, Fail: 1
2025-09-24 19:09:24 - ui.portal_merger_tab.PortalDataMergerTab - INFO - Cleared all files from merge list.
2025-09-24 19:20:16 - ui.main_window - INFO - Application closing
2025-09-24 19:20:16 - core.config_manager - INFO - Configuration saved to G:\My Drive\0dev\Search Utility v3\tender_management_v3\config\config.json
