2025-09-23 18:21:37 - root - INFO - Logging to file: g:\My Drive\0dev\Search Utility v3\tender_management_v3\logs\app_20250923_182137.log
2025-09-23 18:21:37 - root - INFO - Application starting...
2025-09-23 18:21:37 - ui.main_window.MainApplication - INFO - Initializing MainApplication...
2025-09-23 18:21:37 - core.config_manager - INFO - Configuration loaded from g:\My Drive\0dev\Search Utility v3\tender_management_v3\config\config.json
2025-09-23 18:21:37 - ui.main_window.MainApplication - INFO - Global configuration loaded successfully
2025-09-23 18:21:38 - ui.main_window.MainApplication - INFO - Window geometry set to 1200x800+168+32
2025-09-23 18:21:38 - ui.search_dashboard_tab.SearchDashboardTab - INFO - Applying status filter: live
2025-09-23 18:21:38 - ui.calendar_tab.CalendarTab - INFO - CalendarTab initialized
2025-09-23 18:21:38 - ui.calendar_tab.CalendarTab - INFO - Loaded 12 calendar events from g:\My Drive\0dev\Search Utility v3\tender_management_v3\data\calendar_events.json
2025-09-23 18:21:38 - ui.tender_tasks_tab.TenderTasksTab - INFO - TenderTasksTab initialized (placeholder)
2025-09-23 18:21:38 - ui.settings_tab.SettingsTab - INFO - SettingsTab initialized
2025-09-23 18:21:38 - ui.logs_tab.LogsTab - INFO - Log handler attached to root logger
2025-09-23 18:21:38 - ui.main_window.MainApplication - INFO - All tabs initialized successfully
2025-09-23 18:21:38 - ui.main_window - INFO - Main application initialized
2025-09-23 18:21:38 - root - INFO - Main window initialized
2025-09-23 18:22:00 - ui.search_dashboard_tab.SearchDashboardTab - INFO - Applying status filter: live
2025-09-23 18:22:00 - ui.search_dashboard_tab.SearchDashboardTab - INFO - Live tenders filter: 1174 records closing after 2025-09-23 18:22:00.784911
2025-09-23 18:39:25 - ui.search_dashboard_tab.SearchDashboardTab - INFO - Applying status filter: live
2025-09-23 18:39:25 - ui.search_dashboard_tab.SearchDashboardTab - INFO - Live tenders filter: 1174 records closing after 2025-09-23 18:39:25.817544
2025-09-23 18:39:40 - ui.main_window - INFO - Application closing
2025-09-23 18:39:41 - core.config_manager - INFO - Configuration saved to g:\My Drive\0dev\Search Utility v3\tender_management_v3\config\config.json
