2025-08-30 20:41:22 - root - INFO - Logging to file: G:\My Drive\0dev\Search Utility v3\tender_management_v3\logs\app_20250830_204122.log
2025-08-30 20:41:22 - root - INFO - Application starting...
2025-08-30 20:41:22 - ui.main_window.MainApplication - INFO - Initializing MainApplication...
2025-08-30 20:41:22 - core.config_manager - INFO - Configuration loaded from G:\My Drive\0dev\Search Utility v3\tender_management_v3\config\config.json
2025-08-30 20:41:22 - ui.main_window.MainApplication - INFO - Global configuration loaded successfully
2025-08-30 20:41:22 - ui.main_window.MainApplication - INFO - Window icon set successfully: resources\app_icon.ico
2025-08-30 20:41:22 - ui.main_window.MainApplication - INFO - Window geometry set to 1200x800+168+32
2025-08-30 20:41:23 - ui.calendar_tab.CalendarTab - INFO - CalendarTab initialized
2025-08-30 20:41:23 - ui.calendar_tab.CalendarTab - INFO - Loaded 12 calendar events from G:\My Drive\0dev\Search Utility v3\tender_management_v3\data\calendar_events.json
2025-08-30 20:41:23 - ui.tender_tasks_tab.TenderTasksTab - INFO - TenderTasksTab initialized (placeholder)
2025-08-30 20:41:23 - ui.settings_tab.SettingsTab - INFO - SettingsTab initialized
2025-08-30 20:41:23 - ui.logs_tab.LogsTab - INFO - Log handler attached to root logger
2025-08-30 20:41:23 - ui.main_window.MainApplication - INFO - All tabs initialized successfully
2025-08-30 20:41:23 - ui.main_window - INFO - Main application initialized
2025-08-30 20:41:23 - root - INFO - Main window initialized
2025-08-30 20:41:23 - core.config_manager - INFO - Configuration saved to G:\My Drive\0dev\Search Utility v3\tender_management_v3\config\config.json
2025-08-30 20:41:23 - core.data_processor.TenderDataProcessor - INFO - Loading data from: G:/My Drive/0dev/Search Utility v3/tender_management_v3/data/merged_data\hptenders_gov_in_consolidated_master.xlsx
2025-08-30 20:41:24 - core.data_processor.TenderDataProcessor - INFO - Total columns in data: 10
2025-08-30 20:41:24 - core.data_processor.TenderDataProcessor - INFO - Found potential closing date column: 'Closing Date'
2025-08-30 20:41:24 - core.data_processor.TenderDataProcessor - INFO - Sample values before conversion for 'Closing Date': [Timestamp('2025-06-05 13:00:00'), Timestamp('2025-05-27 13:00:00'), Timestamp('2025-05-27 12:00:00'), Timestamp('2025-06-20 15:00:00'), Timestamp('2025-06-24 11:00:00')]
2025-08-30 20:41:25 - core.data_processor.TenderDataProcessor - INFO - Converted 'Closing Date' using format '%Y-%m-%d %H:%M:%S': 9816/9816 values
2025-08-30 20:41:25 - core.data_processor.TenderDataProcessor - INFO - Sample values after conversion for 'Closing Date': [Timestamp('2025-06-05 13:00:00'), Timestamp('2025-05-27 13:00:00'), Timestamp('2025-05-27 12:00:00'), Timestamp('2025-06-20 15:00:00'), Timestamp('2025-06-24 11:00:00')]
2025-08-30 20:41:25 - core.data_processor.TenderDataProcessor - INFO - Successfully loaded 9816 records from 1 files.
2025-08-30 20:41:31 - ui.search_dashboard_tab.SearchDashboardTab - INFO - Updated treeview with 9816 rows.
2025-08-30 20:41:31 - ui.search_dashboard_tab.SearchDashboardTab - INFO - Restored previous session data from 1 files
2025-08-30 20:41:31 - ui.main_window.MainApplication - INFO - Initial data loaded for Search tab
2025-08-30 20:42:23 - ui.search_dashboard_tab.SearchDashboardTab - INFO - Applying custom date filter: 2025-08-30 to 2025-08-30
2025-08-30 20:42:23 - core.data_processor.TenderDataProcessor - INFO - Custom date filter: 2025-08-30 00:00:00 to 2025-08-30 23:59:59
2025-08-30 20:42:23 - core.data_processor.TenderDataProcessor - INFO - Custom date filter returned 133 records
2025-08-30 20:42:23 - ui.search_dashboard_tab.SearchDashboardTab - INFO - Updated treeview with 133 rows.
2025-08-30 20:42:23 - ui.search_dashboard_tab.SearchDashboardTab - INFO - Applied filters: {'CaseInsensitive': True, 'DateFilter': {'type': 'custom', 'start_date': '2025-08-30', 'end_date': '2025-08-30'}}
2025-08-30 20:43:09 - ui.search_dashboard_tab.SearchDashboardTab - INFO - Applying date filter preset: live
2025-08-30 20:43:09 - ui.search_dashboard_tab.SearchDashboardTab - INFO - Reset all date filter buttons to original colors
2025-08-30 20:43:09 - ui.search_dashboard_tab.SearchDashboardTab - INFO - Set date filter button 'Live' as active
2025-08-30 20:43:10 - ui.search_dashboard_tab.SearchDashboardTab - INFO - Updated treeview with 367 rows.
2025-08-30 20:43:10 - ui.search_dashboard_tab.SearchDashboardTab - INFO - Applied filters: {'CaseInsensitive': True, 'DateFilter': {'type': 'live'}}
2025-08-30 20:43:23 - ui.search_dashboard_tab.SearchDashboardTab - INFO - Applying date filter preset: today
2025-08-30 20:43:23 - ui.search_dashboard_tab.SearchDashboardTab - INFO - Reset all date filter buttons to original colors
2025-08-30 20:43:23 - ui.search_dashboard_tab.SearchDashboardTab - INFO - Set date filter button 'Today' as active
2025-08-30 20:43:23 - ui.search_dashboard_tab.SearchDashboardTab - INFO - Updated treeview with 133 rows.
2025-08-30 20:43:23 - ui.search_dashboard_tab.SearchDashboardTab - INFO - Applied filters: {'CaseInsensitive': True, 'DateFilter': {'type': 'today'}}
2025-08-30 20:43:28 - ui.search_dashboard_tab.SearchDashboardTab - INFO - Applying date filter preset: live
2025-08-30 20:43:28 - ui.search_dashboard_tab.SearchDashboardTab - INFO - Reset all date filter buttons to original colors
2025-08-30 20:43:28 - ui.search_dashboard_tab.SearchDashboardTab - INFO - Set date filter button 'Live' as active
2025-08-30 20:43:28 - ui.search_dashboard_tab.SearchDashboardTab - INFO - Updated treeview with 367 rows.
2025-08-30 20:43:28 - ui.search_dashboard_tab.SearchDashboardTab - INFO - Applied filters: {'CaseInsensitive': True, 'DateFilter': {'type': 'live'}}
2025-08-30 20:43:32 - ui.search_dashboard_tab.SearchDashboardTab - INFO - Applying date filter preset: today
2025-08-30 20:43:32 - ui.search_dashboard_tab.SearchDashboardTab - INFO - Reset all date filter buttons to original colors
2025-08-30 20:43:32 - ui.search_dashboard_tab.SearchDashboardTab - INFO - Set date filter button 'Today' as active
2025-08-30 20:43:32 - ui.search_dashboard_tab.SearchDashboardTab - INFO - Updated treeview with 133 rows.
2025-08-30 20:43:32 - ui.search_dashboard_tab.SearchDashboardTab - INFO - Applied filters: {'CaseInsensitive': True, 'DateFilter': {'type': 'today'}}
2025-08-30 20:43:50 - ui.search_dashboard_tab.SearchDashboardTab - INFO - Applying date filter preset: live
2025-08-30 20:43:50 - ui.search_dashboard_tab.SearchDashboardTab - INFO - Reset all date filter buttons to original colors
2025-08-30 20:43:50 - ui.search_dashboard_tab.SearchDashboardTab - INFO - Set date filter button 'Live' as active
2025-08-30 20:43:50 - ui.search_dashboard_tab.SearchDashboardTab - INFO - Updated treeview with 367 rows.
2025-08-30 20:43:50 - ui.search_dashboard_tab.SearchDashboardTab - INFO - Applied filters: {'CaseInsensitive': True, 'DateFilter': {'type': 'live'}}
