2025-06-08 11:39:01 - root - INFO - Logging to file: H:\My Drive\0dev\Search Utility v2\tender_management_v2.1\logs\app_20250608_113901.log
2025-06-08 11:39:01 - root - INFO - Application starting...
2025-06-08 11:39:01 - core.config_manager - INFO - Configuration loaded from H:\My Drive\0dev\Search Utility v2\tender_management_v2.1\config\config.json
2025-06-08 11:39:01 - ui.main_window - INFO - Global styles configured
2025-06-08 11:39:02 - ui.calendar_tab.CalendarTab - INFO - CalendarTab initialized
2025-06-08 11:39:02 - ui.calendar_tab.CalendarTab - INFO - Loaded 12 calendar events from H:\My Drive\0dev\Search Utility v2\tender_management_v2.1\data\calendar_events.json
2025-06-08 11:39:02 - ui.tender_tasks_tab.TenderTasksTab - INFO - TenderTasksTab initialized (placeholder)
2025-06-08 11:39:02 - ui.settings_tab.SettingsTab - INFO - SettingsTab initialized
2025-06-08 11:39:02 - root - INFO - LogsTab initialized and custom log handler added.
2025-06-08 11:39:02 - core.config_manager - INFO - Configuration saved to H:\My Drive\0dev\Search Utility v2\tender_management_v2.1\config\config.json
2025-06-08 11:39:02 - core.data_processor.TenderDataProcessor - INFO - Loading data from: ./data/merged_data/hptenders_gov_in_consolidated_master.xlsx
2025-06-08 11:39:03 - core.data_processor.TenderDataProcessor - INFO - Converted 'Closing Date' to datetime format (closing date)
2025-06-08 11:39:03 - core.data_processor.TenderDataProcessor - INFO - Identified closing date columns: ['Closing Date']
2025-06-08 11:39:03 - core.data_processor.TenderDataProcessor - INFO - Successfully loaded 2093 records from 1 files.
2025-06-08 11:39:04 - ui.search_dashboard_tab.SearchDashboardTab - INFO - Updated treeview with 2093 rows.
2025-06-08 11:39:04 - ui.search_dashboard_tab.SearchDashboardTab - INFO - Restored previous session data from 1 files
2025-06-08 11:39:04 - ui.main_window - INFO - Main application initialized
2025-06-08 11:39:04 - root - INFO - Main window initialized
2025-06-08 11:39:36 - ui.search_dashboard_tab.SearchDashboardTab - INFO - Updated treeview with 2092 rows.
2025-06-08 11:39:36 - ui.search_dashboard_tab.SearchDashboardTab - INFO - Applied filters: {'CaseInsensitive': True, 'GlobalSearch': '1', 'GlobalSearchOperator': 'AND'}
2025-06-08 11:39:37 - ui.search_dashboard_tab.SearchDashboardTab - INFO - Updated treeview with 2084 rows.
2025-06-08 11:39:37 - ui.search_dashboard_tab.SearchDashboardTab - INFO - Applied filters: {'CaseInsensitive': True, 'GlobalSearch': '10', 'GlobalSearchOperator': 'AND'}
2025-06-08 11:39:37 - ui.search_dashboard_tab.SearchDashboardTab - INFO - Updated treeview with 1255 rows.
2025-06-08 11:39:37 - ui.search_dashboard_tab.SearchDashboardTab - INFO - Applied filters: {'CaseInsensitive': True, 'GlobalSearch': '106', 'GlobalSearchOperator': 'AND'}
2025-06-08 11:39:38 - ui.search_dashboard_tab.SearchDashboardTab - INFO - Updated treeview with 126 rows.
2025-06-08 11:39:38 - ui.search_dashboard_tab.SearchDashboardTab - INFO - Applied filters: {'CaseInsensitive': True, 'GlobalSearch': '1064', 'GlobalSearchOperator': 'AND'}
2025-06-08 11:39:38 - ui.search_dashboard_tab.SearchDashboardTab - INFO - Updated treeview with 11 rows.
2025-06-08 11:39:38 - ui.search_dashboard_tab.SearchDashboardTab - INFO - Applied filters: {'CaseInsensitive': True, 'GlobalSearch': '10648', 'GlobalSearchOperator': 'AND'}
2025-06-08 11:39:38 - ui.search_dashboard_tab.SearchDashboardTab - INFO - Updated treeview with 1 rows.
2025-06-08 11:39:38 - ui.search_dashboard_tab.SearchDashboardTab - INFO - Applied filters: {'CaseInsensitive': True, 'GlobalSearch': '106489', 'GlobalSearchOperator': 'AND'}
2025-06-08 11:39:42 - ui.search_dashboard_tab.SearchDashboardTab - INFO - Opened URL: https://hptenders.gov.in/nicgep/app?component=%24DirectLink&page=FrontEndViewTender&service=direct&sp=SbULozDNifuNTTPHvz3H6Iw%3D%3D
2025-06-08 11:43:27 - ui.search_dashboard_tab.SearchDashboardTab - INFO - Updated treeview with 2093 rows.
2025-06-08 11:43:27 - ui.search_dashboard_tab.SearchDashboardTab - INFO - Applied filters: {'CaseInsensitive': True, 'GlobalSearch': 's', 'GlobalSearchOperator': 'AND'}
2025-06-08 11:43:28 - ui.search_dashboard_tab.SearchDashboardTab - INFO - Updated treeview with 609 rows.
2025-06-08 11:43:28 - ui.search_dashboard_tab.SearchDashboardTab - INFO - Applied filters: {'CaseInsensitive': True, 'GlobalSearch': 'su', 'GlobalSearchOperator': 'AND'}
2025-06-08 11:43:28 - ui.search_dashboard_tab.SearchDashboardTab - INFO - Updated treeview with 98 rows.
2025-06-08 11:43:28 - ui.search_dashboard_tab.SearchDashboardTab - INFO - Applied filters: {'CaseInsensitive': True, 'GlobalSearch': 'sun', 'GlobalSearchOperator': 'AND'}
2025-06-08 11:43:28 - ui.search_dashboard_tab.SearchDashboardTab - INFO - Applied filters: {'CaseInsensitive': True, 'GlobalSearch': 'sunt', 'GlobalSearchOperator': 'AND'}
2025-06-08 11:43:28 - ui.search_dashboard_tab.SearchDashboardTab - INFO - Applied filters: {'CaseInsensitive': True, 'GlobalSearch': 'suntu', 'GlobalSearchOperator': 'AND'}
2025-06-08 11:43:32 - ui.search_dashboard_tab.SearchDashboardTab - INFO - Applied filters: {'CaseInsensitive': True, 'GlobalSearch': 'sunt', 'GlobalSearchOperator': 'AND'}
2025-06-08 11:43:34 - ui.search_dashboard_tab.SearchDashboardTab - INFO - Applied filters: {'CaseInsensitive': True, 'GlobalSearch': 'sunto', 'GlobalSearchOperator': 'AND'}
2025-06-08 11:43:34 - ui.search_dashboard_tab.SearchDashboardTab - INFO - Applied filters: {'CaseInsensitive': True, 'GlobalSearch': 'suntoo', 'GlobalSearchOperator': 'AND'}
2025-06-08 11:43:35 - ui.search_dashboard_tab.SearchDashboardTab - INFO - Applied filters: {'CaseInsensitive': True, 'GlobalSearch': 'sunto', 'GlobalSearchOperator': 'AND'}
2025-06-08 11:43:35 - ui.search_dashboard_tab.SearchDashboardTab - INFO - Applied filters: {'CaseInsensitive': True, 'GlobalSearch': 'sunt', 'GlobalSearchOperator': 'AND'}
2025-06-08 11:43:35 - ui.search_dashboard_tab.SearchDashboardTab - INFO - Updated treeview with 98 rows.
2025-06-08 11:43:35 - ui.search_dashboard_tab.SearchDashboardTab - INFO - Applied filters: {'CaseInsensitive': True, 'GlobalSearch': 'sun', 'GlobalSearchOperator': 'AND'}
2025-06-08 11:43:35 - ui.search_dashboard_tab.SearchDashboardTab - INFO - Updated treeview with 609 rows.
2025-06-08 11:43:35 - ui.search_dashboard_tab.SearchDashboardTab - INFO - Applied filters: {'CaseInsensitive': True, 'GlobalSearch': 'su', 'GlobalSearchOperator': 'AND'}
2025-06-08 11:43:36 - ui.search_dashboard_tab.SearchDashboardTab - INFO - Updated treeview with 2093 rows.
2025-06-08 11:43:36 - ui.search_dashboard_tab.SearchDashboardTab - INFO - Applied filters: {'CaseInsensitive': True, 'GlobalSearch': 's', 'GlobalSearchOperator': 'AND'}
2025-06-08 11:43:36 - ui.search_dashboard_tab.SearchDashboardTab - INFO - Updated treeview with 2093 rows.
2025-06-08 11:43:36 - ui.search_dashboard_tab.SearchDashboardTab - INFO - Applied filters: {'CaseInsensitive': True}
2025-06-08 11:43:37 - ui.search_dashboard_tab.SearchDashboardTab - INFO - Updated treeview with 2093 rows.
2025-06-08 11:43:37 - ui.search_dashboard_tab.SearchDashboardTab - INFO - Applied filters: {'CaseInsensitive': True}
2025-06-08 11:43:38 - ui.search_dashboard_tab.SearchDashboardTab - INFO - Updated treeview with 2093 rows.
2025-06-08 11:43:38 - ui.search_dashboard_tab.SearchDashboardTab - INFO - Applied filters: {'CaseInsensitive': True}
2025-06-08 11:43:38 - ui.search_dashboard_tab.SearchDashboardTab - INFO - Updated treeview with 2093 rows.
2025-06-08 11:43:38 - ui.search_dashboard_tab.SearchDashboardTab - INFO - Applied filters: {'CaseInsensitive': True}
2025-06-08 11:43:39 - ui.search_dashboard_tab.SearchDashboardTab - INFO - Updated treeview with 2093 rows.
2025-06-08 11:43:39 - ui.search_dashboard_tab.SearchDashboardTab - INFO - Applied filters: {'CaseInsensitive': True}
2025-06-08 11:43:41 - ui.search_dashboard_tab.SearchDashboardTab - INFO - Updated treeview with 2093 rows.
2025-06-08 11:43:41 - ui.search_dashboard_tab.SearchDashboardTab - INFO - Applied filters: {'CaseInsensitive': True, 'GlobalSearch': 't', 'GlobalSearchOperator': 'AND'}
2025-06-08 11:43:41 - ui.search_dashboard_tab.SearchDashboardTab - INFO - Updated treeview with 1341 rows.
2025-06-08 11:43:41 - ui.search_dashboard_tab.SearchDashboardTab - INFO - Applied filters: {'CaseInsensitive': True, 'GlobalSearch': 'ti', 'GlobalSearchOperator': 'AND'}
2025-06-08 11:43:41 - ui.search_dashboard_tab.SearchDashboardTab - INFO - Updated treeview with 16 rows.
2025-06-08 11:43:41 - ui.search_dashboard_tab.SearchDashboardTab - INFO - Applied filters: {'CaseInsensitive': True, 'GlobalSearch': 'til', 'GlobalSearchOperator': 'AND'}
2025-06-08 11:43:41 - ui.search_dashboard_tab.SearchDashboardTab - INFO - Updated treeview with 3 rows.
2025-06-08 11:43:41 - ui.search_dashboard_tab.SearchDashboardTab - INFO - Applied filters: {'CaseInsensitive': True, 'GlobalSearch': 'till', 'GlobalSearchOperator': 'AND'}
2025-06-08 11:43:41 - ui.search_dashboard_tab.SearchDashboardTab - INFO - Updated treeview with 3 rows.
2025-06-08 11:43:41 - ui.search_dashboard_tab.SearchDashboardTab - INFO - Applied filters: {'CaseInsensitive': True, 'GlobalSearch': 'tilla', 'GlobalSearchOperator': 'AND'}
2025-06-08 11:44:14 - ui.search_dashboard_tab.SearchDashboardTab - INFO - Opened URL: https://hptenders.gov.in/nicgep/app?component=%24DirectLink&page=FrontEndViewTender&service=direct&sp=S%2BVMg2Tsrt66E6Cqb5tY3cQ%3D%3D
2025-06-08 12:04:35 - ui.main_window - INFO - Application closing
2025-06-08 12:04:35 - core.config_manager - INFO - Configuration saved to H:\My Drive\0dev\Search Utility v2\tender_management_v2.1\config\config.json
