2025-09-28 12:03:13 - root - INFO - Logging to file: G:\My Drive\0dev\Search Utility v3\tender_management_v3\logs\app_20250928_120313.log
2025-09-28 12:03:13 - root - INFO - Application starting...
2025-09-28 12:03:13 - ui.main_window.MainApplication - INFO - Initializing MainApplication...
2025-09-28 12:03:13 - core.config_manager - INFO - Configuration loaded from G:\My Drive\0dev\Search Utility v3\tender_management_v3\config\config.json
2025-09-28 12:03:13 - ui.main_window.MainApplication - INFO - Global configuration loaded successfully
2025-09-28 12:03:13 - ui.main_window.MainApplication - INFO - Window geometry set to 1200x800+168+32
2025-09-28 12:03:14 - ui.search_dashboard_tab.SearchDashboardTab - INFO - Applying status filter: live
2025-09-28 12:03:14 - ui.calendar_tab.CalendarTab - INFO - CalendarTab initialized
2025-09-28 12:03:14 - ui.calendar_tab.CalendarTab - INFO - Loaded 12 calendar events from G:\My Drive\0dev\Search Utility v3\tender_management_v3\data\calendar_events.json
2025-09-28 12:03:14 - ui.tender_tasks_tab.TenderTasksTab - INFO - TenderTasksTab initialized (placeholder)
2025-09-28 12:03:14 - ui.settings_tab.SettingsTab - INFO - Default column settings initialized
2025-09-28 12:03:14 - ui.settings_tab.SettingsTab - INFO - Loaded column settings for 18 columns
2025-09-28 12:03:14 - ui.settings_tab.SettingsTab - INFO - SettingsTab initialized
2025-09-28 12:03:14 - ui.logs_tab.LogsTab - INFO - Log handler attached to root logger
2025-09-28 12:03:14 - ui.main_window.MainApplication - INFO - All tabs initialized successfully
2025-09-28 12:03:14 - ui.main_window - INFO - Main application initialized
2025-09-28 12:03:14 - root - INFO - Main window initialized
2025-09-28 12:03:15 - ui.search_dashboard_tab.SearchDashboardTab - INFO - Loading last used data source: export_test_data.xlsx
2025-09-28 12:03:23 - ui.search_dashboard_tab.SearchDashboardTab - INFO - Detected URL columns: []
2025-09-28 12:03:23 - ui.search_dashboard_tab.SearchDashboardTab - INFO - Applied column settings to treeview: 7 columns
2025-09-28 12:03:23 - ui.search_dashboard_tab.SearchDashboardTab - INFO - Applying status filter: live
2025-09-28 12:03:25 - ui.search_dashboard_tab.SearchDashboardTab - INFO - Live tenders filter: 0 records closing after 2025-09-28 12:03:25.963665
2025-09-28 12:03:25 - ui.search_dashboard_tab.SearchDashboardTab - INFO - Loaded merged file for analysis: export_test_data.xlsx (15000 records)
2025-09-28 12:03:25 - ui.search_dashboard_tab.SearchDashboardTab - INFO - Successfully loaded last used data source: export_test_data.xlsx
2025-09-28 12:03:25 - ui.main_window.MainApplication - INFO - Initial data loaded for Search tab
2025-09-28 12:03:38 - ui.search_dashboard_tab.SearchDashboardTab - WARNING - Clipboard text access failed: CLIPBOARD selection doesn't exist or form "STRING" not defined
2025-09-28 12:03:38 - ui.search_dashboard_tab.SearchDashboardTab - INFO - Configured tesseract path: C:\Program Files\Tesseract-OCR\tesseract.exe
2025-09-28 12:03:38 - ui.search_dashboard_tab.SearchDashboardTab - INFO - Found PIL image in clipboard
2025-09-28 12:03:39 - ui.search_dashboard_tab.SearchDashboardTab - INFO - OCR successful: extracted 29 characters
2025-09-28 12:03:39 - ui.search_dashboard_tab.SearchDashboardTab - INFO - OCR extracted text from image: 29 characters
2025-09-28 12:03:39 - ui.search_dashboard_tab.SearchDashboardTab - INFO - OCR successfully filled Global Search with 29 characters
2025-09-28 12:15:28 - ui.search_dashboard_tab.SearchDashboardTab - WARNING - Clipboard text access failed: CLIPBOARD selection doesn't exist or form "STRING" not defined
2025-09-28 12:15:28 - ui.search_dashboard_tab.SearchDashboardTab - INFO - Configured tesseract path: C:\Program Files\Tesseract-OCR\tesseract.exe
2025-09-28 12:15:28 - ui.search_dashboard_tab.SearchDashboardTab - INFO - Found PIL image in clipboard
2025-09-28 12:15:28 - ui.search_dashboard_tab.SearchDashboardTab - INFO - OCR successful: extracted 25 characters
2025-09-28 12:15:28 - ui.search_dashboard_tab.SearchDashboardTab - INFO - OCR extracted text from image: 25 characters
2025-09-28 12:15:28 - ui.search_dashboard_tab.SearchDashboardTab - INFO - OCR successfully filled Global Search with 25 characters
2025-09-28 12:15:35 - ui.search_dashboard_tab.SearchDashboardTab - INFO - Live tenders filter: 0 records closing after 2025-09-28 12:15:35.572783
2025-09-28 12:15:43 - ui.search_dashboard_tab.SearchDashboardTab - INFO - Live tenders filter: 0 records closing after 2025-09-28 12:15:43.303137
2025-09-28 12:15:50 - ui.search_dashboard_tab.SearchDashboardTab - WARNING - Clipboard text access failed: CLIPBOARD selection doesn't exist or form "STRING" not defined
2025-09-28 12:15:50 - ui.search_dashboard_tab.SearchDashboardTab - INFO - Configured tesseract path: C:\Program Files\Tesseract-OCR\tesseract.exe
2025-09-28 12:15:50 - ui.search_dashboard_tab.SearchDashboardTab - INFO - Found PIL image in clipboard
2025-09-28 12:15:50 - ui.search_dashboard_tab.SearchDashboardTab - INFO - OCR successful: extracted 25 characters
2025-09-28 12:15:50 - ui.search_dashboard_tab.SearchDashboardTab - INFO - OCR extracted text from image: 25 characters
2025-09-28 12:15:50 - ui.search_dashboard_tab.SearchDashboardTab - INFO - OCR successfully filled Global Search with 25 characters
2025-09-28 12:16:00 - ui.search_dashboard_tab.SearchDashboardTab - INFO - Detected URL columns: ['Direct URL', 'Status URL']
2025-09-28 12:16:00 - ui.search_dashboard_tab.SearchDashboardTab - INFO - Applied column settings to treeview: 11 columns
2025-09-28 12:16:00 - ui.search_dashboard_tab.SearchDashboardTab - INFO - Applying status filter: live
2025-09-28 12:16:00 - ui.search_dashboard_tab.SearchDashboardTab - INFO - Live tenders filter: 1283 records closing after 2025-09-28 12:16:00.257222
2025-09-28 12:16:00 - ui.search_dashboard_tab.SearchDashboardTab - INFO - Global search applied: 0 records match 'Bus Stands Management and' with AND logic
2025-09-28 12:16:02 - ui.search_dashboard_tab.SearchDashboardTab - INFO - Live tenders filter: 1283 records closing after 2025-09-28 12:16:02.806824
2025-09-28 12:16:02 - ui.search_dashboard_tab.SearchDashboardTab - INFO - Global search applied: 0 records match 'Bus Stands Management and' with AND logic
2025-09-28 12:16:06 - ui.search_dashboard_tab.SearchDashboardTab - INFO - Live tenders filter: 1283 records closing after 2025-09-28 12:16:06.170049
2025-09-28 12:16:06 - ui.search_dashboard_tab.SearchDashboardTab - INFO - Global search applied: 0 records match 'Bus Stands Management' with AND logic
2025-09-28 12:16:07 - ui.search_dashboard_tab.SearchDashboardTab - INFO - Live tenders filter: 1283 records closing after 2025-09-28 12:16:07.921620
2025-09-28 12:16:07 - ui.search_dashboard_tab.SearchDashboardTab - INFO - Global search applied: 0 records match 'Bus Stands Man' with AND logic
2025-09-28 12:16:08 - ui.search_dashboard_tab.SearchDashboardTab - INFO - Live tenders filter: 1283 records closing after 2025-09-28 12:16:08.960993
2025-09-28 12:16:08 - ui.search_dashboard_tab.SearchDashboardTab - INFO - Global search applied: 2 records match 'Bus Stan' with AND logic
2025-09-28 12:16:08 - ui.search_dashboard_tab.SearchDashboardTab - INFO - Detected URL columns: ['Direct URL', 'Status URL']
2025-09-28 12:16:08 - ui.search_dashboard_tab.SearchDashboardTab - INFO - Applied column settings to treeview: 11 columns
2025-09-28 12:16:09 - ui.search_dashboard_tab.SearchDashboardTab - INFO - Live tenders filter: 1283 records closing after 2025-09-28 12:16:09.800250
2025-09-28 12:16:09 - ui.search_dashboard_tab.SearchDashboardTab - INFO - Global search applied: 2 records match 'Bus Sta' with AND logic
2025-09-28 12:16:09 - ui.search_dashboard_tab.SearchDashboardTab - INFO - Detected URL columns: ['Direct URL', 'Status URL']
2025-09-28 12:16:09 - ui.search_dashboard_tab.SearchDashboardTab - INFO - Applied column settings to treeview: 11 columns
2025-09-28 12:16:11 - ui.search_dashboard_tab.SearchDashboardTab - INFO - Live tenders filter: 1283 records closing after 2025-09-28 12:16:11.344595
2025-09-28 12:16:11 - ui.search_dashboard_tab.SearchDashboardTab - INFO - Global search applied: 2 records match 'Bus S' with AND logic
2025-09-28 12:16:11 - ui.search_dashboard_tab.SearchDashboardTab - INFO - Detected URL columns: ['Direct URL', 'Status URL']
2025-09-28 12:16:11 - ui.search_dashboard_tab.SearchDashboardTab - INFO - Applied column settings to treeview: 11 columns
2025-09-28 12:16:11 - ui.search_dashboard_tab.SearchDashboardTab - INFO - Live tenders filter: 1283 records closing after 2025-09-28 12:16:11.813421
2025-09-28 12:16:11 - ui.search_dashboard_tab.SearchDashboardTab - INFO - Global search applied: 8 records match 'Bus' with AND logic
2025-09-28 12:16:11 - ui.search_dashboard_tab.SearchDashboardTab - INFO - Detected URL columns: ['Direct URL', 'Status URL']
2025-09-28 12:16:11 - ui.search_dashboard_tab.SearchDashboardTab - INFO - Applied column settings to treeview: 11 columns
2025-09-28 12:16:21 - ui.search_dashboard_tab.SearchDashboardTab - INFO - Live tenders filter: 1283 records closing after 2025-09-28 12:16:21.994435
2025-09-28 12:16:21 - ui.search_dashboard_tab.SearchDashboardTab - INFO - Detected URL columns: ['Direct URL', 'Status URL']
2025-09-28 12:16:21 - ui.search_dashboard_tab.SearchDashboardTab - INFO - Applied column settings to treeview: 11 columns
2025-09-28 12:16:30 - ui.search_dashboard_tab.SearchDashboardTab - INFO - Live tenders filter: 1283 records closing after 2025-09-28 12:16:30.943934
2025-09-28 12:16:30 - ui.search_dashboard_tab.SearchDashboardTab - INFO - Detected URL columns: ['Direct URL', 'Status URL']
2025-09-28 12:16:30 - ui.search_dashboard_tab.SearchDashboardTab - INFO - Applied column settings to treeview: 11 columns
2025-09-28 12:16:37 - ui.search_dashboard_tab.SearchDashboardTab - WARNING - Clipboard text access failed: CLIPBOARD selection doesn't exist or form "STRING" not defined
2025-09-28 12:16:37 - ui.search_dashboard_tab.SearchDashboardTab - INFO - Configured tesseract path: C:\Program Files\Tesseract-OCR\tesseract.exe
2025-09-28 12:16:37 - ui.search_dashboard_tab.SearchDashboardTab - INFO - Found PIL image in clipboard
2025-09-28 12:16:37 - ui.search_dashboard_tab.SearchDashboardTab - INFO - OCR successful: extracted 19 characters
2025-09-28 12:16:37 - ui.search_dashboard_tab.SearchDashboardTab - INFO - OCR extracted text from image: 19 characters
2025-09-28 12:16:37 - ui.search_dashboard_tab.SearchDashboardTab - INFO - OCR successfully filled Global Search with 19 characters
2025-09-28 12:16:44 - ui.search_dashboard_tab.SearchDashboardTab - INFO - Live tenders filter: 1283 records closing after 2025-09-28 12:16:44.188272
2025-09-28 12:16:44 - ui.search_dashboard_tab.SearchDashboardTab - INFO - Global search applied: 0 records match 'Electrical Charging' with AND logic
2025-09-28 12:17:07 - ui.search_dashboard_tab.SearchDashboardTab - INFO - Extracted text from clipboard: 19 characters
2025-09-28 12:17:07 - ui.search_dashboard_tab.SearchDashboardTab - INFO - OCR successfully filled Global Search with 19 characters
2025-09-28 12:17:13 - ui.search_dashboard_tab.SearchDashboardTab - INFO - Live tenders filter: 1283 records closing after 2025-09-28 12:17:13.036384
2025-09-28 12:17:13 - ui.search_dashboard_tab.SearchDashboardTab - INFO - Global search applied: 0 records match '2025_BSMDA_116079_8' with AND logic
2025-09-28 12:17:15 - ui.search_dashboard_tab.SearchDashboardTab - INFO - Live tenders filter: 1283 records closing after 2025-09-28 12:17:15.385310
2025-09-28 12:17:15 - ui.search_dashboard_tab.SearchDashboardTab - INFO - Global search applied: 0 records match '2025_BSMDA_116079_8' with AND logic
2025-09-28 12:17:28 - ui.search_dashboard_tab.SearchDashboardTab - INFO - Live tenders filter: 1283 records closing after 2025-09-28 12:17:28.421321
2025-09-28 12:17:28 - ui.search_dashboard_tab.SearchDashboardTab - INFO - Global search applied: 0 records match '2025_BSMDA_116079_8' with AND logic
2025-09-28 12:17:30 - ui.search_dashboard_tab.SearchDashboardTab - INFO - Live tenders filter: 1283 records closing after 2025-09-28 12:17:30.319384
2025-09-28 12:17:30 - ui.search_dashboard_tab.SearchDashboardTab - INFO - Detected URL columns: ['Direct URL', 'Status URL']
2025-09-28 12:17:30 - ui.search_dashboard_tab.SearchDashboardTab - INFO - Applied column settings to treeview: 11 columns
2025-09-28 12:17:32 - ui.search_dashboard_tab.SearchDashboardTab - INFO - Live tenders filter: 1283 records closing after 2025-09-28 12:17:32.377036
2025-09-28 12:17:32 - ui.search_dashboard_tab.SearchDashboardTab - INFO - Global search applied: 0 records match '116079' with AND logic
2025-09-28 12:18:06 - ui.search_dashboard_tab.SearchDashboardTab - WARNING - Clipboard text access failed: CLIPBOARD selection doesn't exist or form "STRING" not defined
2025-09-28 12:18:06 - ui.search_dashboard_tab.SearchDashboardTab - INFO - Configured tesseract path: C:\Program Files\Tesseract-OCR\tesseract.exe
2025-09-28 12:18:06 - ui.search_dashboard_tab.SearchDashboardTab - INFO - Found PIL image in clipboard
2025-09-28 12:18:06 - ui.search_dashboard_tab.SearchDashboardTab - INFO - OCR successful: extracted 18 characters
2025-09-28 12:18:06 - ui.search_dashboard_tab.SearchDashboardTab - INFO - OCR extracted text from image: 18 characters
2025-09-28 12:18:06 - ui.search_dashboard_tab.SearchDashboardTab - INFO - OCR successfully filled Global Search with 18 characters
2025-09-28 12:18:10 - ui.search_dashboard_tab.SearchDashboardTab - INFO - Live tenders filter: 1283 records closing after 2025-09-28 12:18:10.800458
2025-09-28 12:18:10 - ui.search_dashboard_tab.SearchDashboardTab - INFO - Global search applied: 1 records match '2025_DFHW_115538_1' with AND logic
2025-09-28 12:18:10 - ui.search_dashboard_tab.SearchDashboardTab - INFO - Detected URL columns: ['Direct URL', 'Status URL']
2025-09-28 12:18:10 - ui.search_dashboard_tab.SearchDashboardTab - INFO - Applied column settings to treeview: 11 columns
