2025-09-06 16:56:24 - root - INFO - Logging to file: G:\My Drive\0dev\Search Utility v3\tender_management_v3\logs\app_20250906_165624.log
2025-09-06 16:56:24 - root - INFO - Application starting...
2025-09-06 16:56:25 - ui.main_window.MainApplication - INFO - Initializing MainApplication...
2025-09-06 16:56:25 - core.config_manager - INFO - Configuration loaded from G:\My Drive\0dev\Search Utility v3\tender_management_v3\config\config.json
2025-09-06 16:56:25 - ui.main_window.MainApplication - INFO - Global configuration loaded successfully
2025-09-06 16:56:25 - ui.main_window.MainApplication - INFO - Window geometry set to 1200x800+168+32
2025-09-06 16:56:26 - ui.search_dashboard_tab.SearchDashboardTab - INFO - Applying status filter: live
2025-09-06 16:56:26 - ui.calendar_tab.CalendarTab - INFO - CalendarTab initialized
2025-09-06 16:56:26 - ui.calendar_tab.CalendarTab - INFO - Loaded 12 calendar events from G:\My Drive\0dev\Search Utility v3\tender_management_v3\data\calendar_events.json
2025-09-06 16:56:26 - ui.tender_tasks_tab.TenderTasksTab - INFO - TenderTasksTab initialized (placeholder)
2025-09-06 16:56:26 - ui.settings_tab.SettingsTab - INFO - SettingsTab initialized
2025-09-06 16:56:26 - ui.logs_tab.LogsTab - INFO - Log handler attached to root logger
2025-09-06 16:56:26 - ui.main_window.MainApplication - INFO - All tabs initialized successfully
2025-09-06 16:56:26 - ui.main_window - INFO - Main application initialized
2025-09-06 16:56:26 - root - INFO - Main window initialized
2025-09-06 16:57:21 - ui.search_dashboard_tab.SearchDashboardTab - INFO - Applying status filter: live
2025-09-06 16:57:21 - ui.search_dashboard_tab.SearchDashboardTab - INFO - Live tenders filter: 51 records closing after 2025-09-06 16:57:21.607717
2025-09-06 16:57:36 - ui.search_dashboard_tab.SearchDashboardTab - INFO - Applying status filter: expired
2025-09-06 16:57:36 - ui.search_dashboard_tab.SearchDashboardTab - INFO - Expired tenders filter: 9765 records closed before 2025-09-06 16:57:36.604763
2025-09-06 16:57:38 - ui.search_dashboard_tab.SearchDashboardTab - INFO - Applying time filter: today
2025-09-06 16:57:38 - ui.search_dashboard_tab.SearchDashboardTab - INFO - Time range filter (today): 0 records from 2025-09-06 16:57:38.251235
