2025-09-26 15:55:32 - root - INFO - Logging to file: G:\My Drive\0dev\Search Utility v3\tender_management_v3\logs\app_20250926_155532.log
2025-09-26 15:55:32 - root - INFO - Application starting...
2025-09-26 15:55:32 - ui.main_window.MainApplication - INFO - Initializing MainApplication...
2025-09-26 15:55:32 - core.config_manager - INFO - Configuration loaded from G:\My Drive\0dev\Search Utility v3\tender_management_v3\config\config.json
2025-09-26 15:55:32 - ui.main_window.MainApplication - INFO - Global configuration loaded successfully
2025-09-26 15:55:32 - ui.main_window.MainApplication - INFO - Window geometry set to 1200x800+168+32
2025-09-26 15:55:34 - ui.search_dashboard_tab.SearchDashboardTab - INFO - Applying status filter: live
2025-09-26 15:55:34 - ui.calendar_tab.CalendarTab - INFO - CalendarTab initialized
2025-09-26 15:55:34 - ui.calendar_tab.CalendarTab - INFO - Loaded 12 calendar events from G:\My Drive\0dev\Search Utility v3\tender_management_v3\data\calendar_events.json
2025-09-26 15:55:34 - ui.tender_tasks_tab.TenderTasksTab - INFO - TenderTasksTab initialized (placeholder)
2025-09-26 15:55:34 - ui.settings_tab.SettingsTab - INFO - SettingsTab initialized
2025-09-26 15:55:34 - ui.logs_tab.LogsTab - INFO - Log handler attached to root logger
2025-09-26 15:55:34 - ui.main_window.MainApplication - INFO - All tabs initialized successfully
2025-09-26 15:55:34 - ui.main_window - INFO - Main application initialized
2025-09-26 15:55:34 - root - INFO - Main window initialized
2025-09-26 15:58:53 - ui.search_dashboard_tab.SearchDashboardTab - INFO - Detected URL columns: ['Direct URL', 'Status URL']
2025-09-26 15:58:54 - ui.search_dashboard_tab.SearchDashboardTab - INFO - Applying status filter: live
2025-09-26 15:58:54 - ui.search_dashboard_tab.SearchDashboardTab - INFO - Live tenders filter: 1432 records closing after 2025-09-26 15:58:54.030256
2025-09-26 15:58:54 - ui.search_dashboard_tab.SearchDashboardTab - INFO - Detected URL columns: ['Direct URL', 'Status URL']
2025-09-26 15:59:01 - ui.search_dashboard_tab.SearchDashboardTab - INFO - Applying status filter: all
2025-09-26 15:59:01 - ui.search_dashboard_tab.SearchDashboardTab - INFO - Detected URL columns: ['Direct URL', 'Status URL']
2025-09-26 15:59:08 - ui.charts_window - INFO - Charts data refreshed from Tree view
2025-09-26 15:59:13 - ui.charts_window - INFO - Charts data refreshed from Tree view
2025-09-26 15:59:18 - ui.charts_window - INFO - Charts data refreshed from Tree view
2025-09-26 15:59:23 - ui.charts_window - INFO - Charts data refreshed from Tree view
2025-09-26 15:59:28 - ui.charts_window - INFO - Charts data refreshed from Tree view
2025-09-26 15:59:33 - ui.charts_window - INFO - Charts data refreshed from Tree view
2025-09-26 15:59:38 - ui.charts_window - INFO - Charts data refreshed from Tree view
2025-09-26 15:59:41 - ui.search_dashboard_tab.SearchDashboardTab - INFO - Global search applied: 631 records match 'una' with AND logic
2025-09-26 15:59:41 - ui.search_dashboard_tab.SearchDashboardTab - INFO - Detected URL columns: ['Direct URL', 'Status URL']
2025-09-26 15:59:42 - ui.search_dashboard_tab.SearchDashboardTab - INFO - Global search applied: 631 records match 'una' with AND logic
2025-09-26 15:59:42 - ui.search_dashboard_tab.SearchDashboardTab - INFO - Detected URL columns: ['Direct URL', 'Status URL']
2025-09-26 15:59:43 - ui.charts_window - INFO - Charts data refreshed from Tree view
2025-09-26 15:59:48 - ui.charts_window - INFO - Charts data refreshed from Tree view
2025-09-26 15:59:54 - ui.charts_window - INFO - Charts data refreshed from Tree view
2025-09-26 15:59:59 - ui.charts_window - INFO - Charts data refreshed from Tree view
2025-09-26 16:00:04 - ui.charts_window - INFO - Charts data refreshed from Tree view
2025-09-26 16:00:09 - ui.charts_window - INFO - Charts data refreshed from Tree view
2025-09-26 16:00:14 - ui.charts_window - INFO - Charts data refreshed from Tree view
2025-09-26 16:00:19 - ui.charts_window - INFO - Charts data refreshed from Tree view
2025-09-26 16:00:24 - ui.charts_window - INFO - Charts data refreshed from Tree view
2025-09-26 16:00:29 - ui.charts_window - INFO - Charts data refreshed from Tree view
2025-09-26 16:00:29 - ui.search_dashboard_tab.SearchDashboardTab - INFO - Applying status filter: live
2025-09-26 16:00:29 - ui.search_dashboard_tab.SearchDashboardTab - INFO - Live tenders filter: 1429 records closing after 2025-09-26 16:00:29.508640
2025-09-26 16:00:29 - ui.search_dashboard_tab.SearchDashboardTab - INFO - Global search applied: 62 records match 'una' with AND logic
2025-09-26 16:00:29 - ui.search_dashboard_tab.SearchDashboardTab - INFO - Detected URL columns: ['Direct URL', 'Status URL']
2025-09-26 16:00:34 - ui.charts_window - INFO - Charts data refreshed from Tree view
2025-09-26 16:00:34 - ui.charts_window - INFO - Charts data refreshed from Tree view
2025-09-26 16:00:39 - ui.charts_window - INFO - Charts data refreshed from Tree view
2025-09-26 16:00:44 - ui.charts_window - INFO - Charts data refreshed from Tree view
2025-09-26 16:00:49 - ui.charts_window - INFO - Charts data refreshed from Tree view
2025-09-26 16:00:54 - ui.charts_window - INFO - Charts data refreshed from Tree view
2025-09-26 16:00:59 - ui.charts_window - INFO - Charts data refreshed from Tree view
2025-09-26 16:01:04 - ui.charts_window - INFO - Charts data refreshed from Tree view
2025-09-26 16:01:09 - ui.charts_window - INFO - Charts data refreshed from Tree view
2025-09-26 16:01:14 - ui.charts_window - INFO - Charts data refreshed from Tree view
2025-09-26 16:01:19 - ui.charts_window - INFO - Charts data refreshed from Tree view
2025-09-26 16:01:24 - ui.charts_window - INFO - Charts data refreshed from Tree view
2025-09-26 16:01:29 - ui.charts_window - INFO - Charts data refreshed from Tree view
2025-09-26 16:01:35 - ui.charts_window - INFO - Charts data refreshed from Tree view
2025-09-26 16:01:40 - ui.charts_window - INFO - Charts data refreshed from Tree view
2025-09-26 16:01:45 - ui.charts_window - INFO - Charts data refreshed from Tree view
2025-09-26 16:01:50 - ui.charts_window - INFO - Charts data refreshed from Tree view
2025-09-26 16:01:55 - ui.charts_window - INFO - Charts data refreshed from Tree view
2025-09-26 16:02:00 - ui.charts_window - INFO - Charts data refreshed from Tree view
2025-09-26 16:02:05 - ui.charts_window - INFO - Charts data refreshed from Tree view
2025-09-26 16:02:10 - ui.charts_window - INFO - Charts data refreshed from Tree view
2025-09-26 16:02:15 - ui.charts_window - INFO - Charts data refreshed from Tree view
2025-09-26 16:02:20 - ui.charts_window - INFO - Charts data refreshed from Tree view
2025-09-26 16:02:25 - ui.charts_window - INFO - Charts data refreshed from Tree view
2025-09-26 16:02:30 - ui.charts_window - INFO - Charts data refreshed from Tree view
2025-09-26 16:02:35 - ui.charts_window - INFO - Charts data refreshed from Tree view
2025-09-26 16:02:40 - ui.charts_window - INFO - Charts data refreshed from Tree view
2025-09-26 16:02:45 - ui.charts_window - INFO - Charts data refreshed from Tree view
2025-09-26 16:02:50 - ui.charts_window - INFO - Charts data refreshed from Tree view
2025-09-26 16:02:55 - ui.charts_window - INFO - Charts data refreshed from Tree view
2025-09-26 16:03:00 - ui.charts_window - INFO - Charts data refreshed from Tree view
2025-09-26 16:03:05 - ui.charts_window - INFO - Charts data refreshed from Tree view
2025-09-26 16:03:10 - ui.charts_window - INFO - Charts data refreshed from Tree view
2025-09-26 16:03:15 - ui.charts_window - INFO - Charts data refreshed from Tree view
2025-09-26 16:03:21 - ui.charts_window - INFO - Charts data refreshed from Tree view
2025-09-26 16:03:26 - ui.charts_window - INFO - Charts data refreshed from Tree view
2025-09-26 16:03:31 - ui.charts_window - INFO - Charts data refreshed from Tree view
2025-09-26 16:03:36 - ui.charts_window - INFO - Charts data refreshed from Tree view
2025-09-26 16:03:41 - ui.charts_window - INFO - Charts data refreshed from Tree view
2025-09-26 16:03:46 - ui.charts_window - INFO - Charts data refreshed from Tree view
2025-09-26 16:03:51 - ui.charts_window - INFO - Charts data refreshed from Tree view
2025-09-26 16:03:56 - ui.charts_window - INFO - Charts data refreshed from Tree view
2025-09-26 16:04:01 - ui.charts_window - INFO - Charts data refreshed from Tree view
2025-09-26 16:04:06 - ui.charts_window - INFO - Charts data refreshed from Tree view
2025-09-26 16:04:11 - ui.charts_window - INFO - Charts data refreshed from Tree view
2025-09-26 16:04:16 - ui.charts_window - INFO - Charts data refreshed from Tree view
2025-09-26 16:04:21 - ui.charts_window - INFO - Charts data refreshed from Tree view
2025-09-26 16:04:26 - ui.charts_window - INFO - Charts data refreshed from Tree view
2025-09-26 16:04:31 - ui.charts_window - INFO - Charts data refreshed from Tree view
2025-09-26 16:04:36 - ui.charts_window - INFO - Charts data refreshed from Tree view
2025-09-26 16:04:41 - ui.charts_window - INFO - Charts data refreshed from Tree view
2025-09-26 16:04:46 - ui.charts_window - INFO - Charts data refreshed from Tree view
2025-09-26 16:04:51 - ui.charts_window - INFO - Charts data refreshed from Tree view
2025-09-26 16:04:56 - ui.charts_window - INFO - Charts data refreshed from Tree view
2025-09-26 16:05:01 - ui.charts_window - INFO - Charts data refreshed from Tree view
2025-09-26 16:05:06 - ui.charts_window - INFO - Charts data refreshed from Tree view
2025-09-26 16:05:07 - matplotlib.axes._base - WARNING - Ignoring fixed x limits to fulfill fixed data aspect with adjustable data limits.
2025-09-26 16:05:11 - ui.charts_window - INFO - Charts data refreshed from Tree view
2025-09-26 16:05:17 - ui.charts_window - INFO - Charts data refreshed from Tree view
2025-09-26 16:05:22 - ui.charts_window - INFO - Charts data refreshed from Tree view
2025-09-26 16:05:27 - ui.charts_window - INFO - Charts data refreshed from Tree view
2025-09-26 16:05:32 - ui.charts_window - INFO - Charts data refreshed from Tree view
2025-09-26 16:05:37 - ui.charts_window - INFO - Charts data refreshed from Tree view
2025-09-26 16:05:42 - ui.charts_window - INFO - Charts data refreshed from Tree view
2025-09-26 16:05:47 - ui.charts_window - INFO - Charts data refreshed from Tree view
2025-09-26 16:05:52 - ui.charts_window - INFO - Charts data refreshed from Tree view
2025-09-26 16:05:57 - ui.charts_window - INFO - Charts data refreshed from Tree view
2025-09-26 16:06:02 - ui.charts_window - INFO - Charts data refreshed from Tree view
2025-09-26 16:06:06 - ui.search_dashboard_tab.SearchDashboardTab - INFO - Live tenders filter: 1429 records closing after 2025-09-26 16:06:06.191823
2025-09-26 16:06:06 - ui.search_dashboard_tab.SearchDashboardTab - INFO - Detected URL columns: ['Direct URL', 'Status URL']
2025-09-26 16:06:07 - ui.charts_window - INFO - Charts data refreshed from Tree view
2025-09-26 16:06:12 - ui.charts_window - INFO - Charts data refreshed from Tree view
2025-09-26 16:06:17 - ui.charts_window - INFO - Charts data refreshed from Tree view
2025-09-26 16:06:22 - ui.charts_window - INFO - Charts data refreshed from Tree view
2025-09-26 16:06:26 - ui.search_dashboard_tab.SearchDashboardTab - INFO - Applying time filter: today
2025-09-26 16:06:26 - ui.search_dashboard_tab.SearchDashboardTab - INFO - Live tenders filter: 1429 records closing after 2025-09-26 16:06:26.602958
2025-09-26 16:06:26 - ui.search_dashboard_tab.SearchDashboardTab - INFO - Time range filter (today) with status (live): 54 records
2025-09-26 16:06:26 - ui.search_dashboard_tab.SearchDashboardTab - INFO - Detected URL columns: ['Direct URL', 'Status URL']
2025-09-26 16:06:27 - ui.charts_window - INFO - Charts data refreshed from Tree view
2025-09-26 16:06:32 - ui.charts_window - INFO - Charts data refreshed from Tree view
2025-09-26 16:06:37 - ui.charts_window - INFO - Charts data refreshed from Tree view
2025-09-26 16:06:42 - ui.charts_window - INFO - Charts data refreshed from Tree view
2025-09-26 16:06:47 - ui.charts_window - INFO - Charts data refreshed from Tree view
2025-09-26 16:06:52 - ui.charts_window - INFO - Charts data refreshed from Tree view
2025-09-26 16:06:57 - ui.charts_window - INFO - Charts data refreshed from Tree view
2025-09-26 16:07:02 - ui.charts_window - INFO - Charts data refreshed from Tree view
2025-09-26 16:07:07 - ui.charts_window - INFO - Charts data refreshed from Tree view
2025-09-26 16:07:13 - ui.charts_window - INFO - Charts data refreshed from Tree view
2025-09-26 16:07:18 - ui.charts_window - INFO - Charts data refreshed from Tree view
2025-09-26 16:07:23 - ui.charts_window - INFO - Charts data refreshed from Tree view
2025-09-26 16:07:28 - ui.charts_window - INFO - Charts data refreshed from Tree view
2025-09-26 16:07:33 - ui.charts_window - INFO - Charts data refreshed from Tree view
2025-09-26 16:07:38 - ui.charts_window - INFO - Charts data refreshed from Tree view
2025-09-26 16:07:43 - ui.charts_window - INFO - Charts data refreshed from Tree view
2025-09-26 16:07:48 - ui.charts_window - INFO - Charts data refreshed from Tree view
2025-09-26 16:07:53 - ui.charts_window - INFO - Charts data refreshed from Tree view
2025-09-26 16:07:58 - ui.charts_window - INFO - Charts data refreshed from Tree view
2025-09-26 16:08:03 - ui.charts_window - INFO - Charts data refreshed from Tree view
2025-09-26 16:08:08 - ui.charts_window - INFO - Charts data refreshed from Tree view
2025-09-26 16:08:13 - ui.charts_window - INFO - Charts data refreshed from Tree view
2025-09-26 16:08:18 - ui.charts_window - INFO - Charts data refreshed from Tree view
2025-09-26 16:08:23 - ui.charts_window - INFO - Charts data refreshed from Tree view
2025-09-26 16:08:28 - ui.charts_window - INFO - Charts data refreshed from Tree view
2025-09-26 16:08:33 - ui.charts_window - INFO - Charts data refreshed from Tree view
2025-09-26 16:08:38 - ui.charts_window - INFO - Charts data refreshed from Tree view
2025-09-26 16:08:43 - ui.charts_window - INFO - Charts data refreshed from Tree view
2025-09-26 16:08:48 - ui.charts_window - INFO - Charts data refreshed from Tree view
2025-09-26 16:08:54 - ui.charts_window - INFO - Charts data refreshed from Tree view
2025-09-26 16:08:59 - ui.charts_window - INFO - Charts data refreshed from Tree view
2025-09-26 16:09:04 - ui.charts_window - INFO - Charts data refreshed from Tree view
2025-09-26 16:09:09 - ui.charts_window - INFO - Charts data refreshed from Tree view
2025-09-26 16:09:14 - ui.charts_window - INFO - Charts data refreshed from Tree view
2025-09-26 16:09:19 - ui.charts_window - INFO - Charts data refreshed from Tree view
2025-09-26 16:09:24 - ui.charts_window - INFO - Charts data refreshed from Tree view
2025-09-26 16:09:29 - ui.charts_window - INFO - Charts data refreshed from Tree view
2025-09-26 16:09:34 - ui.charts_window - INFO - Charts data refreshed from Tree view
2025-09-26 16:09:39 - ui.charts_window - INFO - Charts data refreshed from Tree view
2025-09-26 16:09:44 - ui.charts_window - INFO - Charts data refreshed from Tree view
2025-09-26 16:09:49 - ui.charts_window - INFO - Charts data refreshed from Tree view
2025-09-26 16:09:54 - ui.charts_window - INFO - Charts data refreshed from Tree view
2025-09-26 16:09:59 - ui.charts_window - INFO - Charts data refreshed from Tree view
2025-09-26 16:10:04 - ui.charts_window - INFO - Charts data refreshed from Tree view
2025-09-26 16:10:09 - ui.charts_window - INFO - Charts data refreshed from Tree view
2025-09-26 16:10:14 - ui.charts_window - INFO - Charts data refreshed from Tree view
2025-09-26 16:10:19 - ui.charts_window - INFO - Charts data refreshed from Tree view
2025-09-26 16:10:24 - ui.charts_window - INFO - Charts data refreshed from Tree view
2025-09-26 16:10:29 - ui.charts_window - INFO - Charts data refreshed from Tree view
2025-09-26 16:10:34 - ui.charts_window - INFO - Charts data refreshed from Tree view
2025-09-26 16:10:39 - ui.charts_window - INFO - Charts data refreshed from Tree view
2025-09-26 16:10:45 - ui.charts_window - INFO - Charts data refreshed from Tree view
2025-09-26 16:10:50 - ui.charts_window - INFO - Charts data refreshed from Tree view
2025-09-26 16:10:55 - ui.charts_window - INFO - Charts data refreshed from Tree view
2025-09-26 16:11:00 - ui.charts_window - INFO - Charts data refreshed from Tree view
2025-09-26 16:11:05 - ui.charts_window - INFO - Charts data refreshed from Tree view
2025-09-26 16:11:10 - ui.charts_window - INFO - Charts data refreshed from Tree view
2025-09-26 16:11:15 - ui.charts_window - INFO - Charts data refreshed from Tree view
2025-09-26 16:11:20 - ui.charts_window - INFO - Charts data refreshed from Tree view
2025-09-26 16:11:25 - ui.charts_window - INFO - Charts data refreshed from Tree view
2025-09-26 16:11:30 - ui.charts_window - INFO - Charts data refreshed from Tree view
2025-09-26 16:11:35 - ui.charts_window - INFO - Charts data refreshed from Tree view
2025-09-26 16:11:40 - ui.charts_window - INFO - Charts data refreshed from Tree view
2025-09-26 16:11:45 - ui.charts_window - INFO - Charts data refreshed from Tree view
2025-09-26 16:11:50 - ui.charts_window - INFO - Charts data refreshed from Tree view
2025-09-26 16:11:55 - ui.charts_window - INFO - Charts data refreshed from Tree view
2025-09-26 16:12:00 - ui.charts_window - INFO - Charts data refreshed from Tree view
2025-09-26 16:12:05 - ui.charts_window - INFO - Charts data refreshed from Tree view
2025-09-26 16:12:10 - ui.charts_window - INFO - Charts data refreshed from Tree view
2025-09-26 16:12:15 - ui.charts_window - INFO - Charts data refreshed from Tree view
2025-09-26 16:12:20 - ui.charts_window - INFO - Charts data refreshed from Tree view
2025-09-26 16:12:25 - ui.charts_window - INFO - Charts data refreshed from Tree view
2025-09-26 16:12:31 - ui.charts_window - INFO - Charts data refreshed from Tree view
2025-09-26 16:12:36 - ui.charts_window - INFO - Charts data refreshed from Tree view
2025-09-26 16:12:41 - ui.charts_window - INFO - Charts data refreshed from Tree view
2025-09-26 16:12:46 - ui.charts_window - INFO - Charts data refreshed from Tree view
2025-09-26 16:12:51 - ui.charts_window - INFO - Charts data refreshed from Tree view
2025-09-26 16:12:56 - ui.charts_window - INFO - Charts data refreshed from Tree view
2025-09-26 16:13:01 - ui.charts_window - INFO - Charts data refreshed from Tree view
2025-09-26 16:13:06 - ui.charts_window - INFO - Charts data refreshed from Tree view
2025-09-26 16:13:11 - ui.charts_window - INFO - Charts data refreshed from Tree view
2025-09-26 16:13:16 - ui.charts_window - INFO - Charts data refreshed from Tree view
2025-09-26 16:13:21 - ui.charts_window - INFO - Charts data refreshed from Tree view
2025-09-26 16:13:26 - ui.charts_window - INFO - Charts data refreshed from Tree view
2025-09-26 16:13:31 - ui.charts_window - INFO - Charts data refreshed from Tree view
2025-09-26 16:13:36 - ui.charts_window - INFO - Charts data refreshed from Tree view
2025-09-26 16:13:41 - ui.charts_window - INFO - Charts data refreshed from Tree view
2025-09-26 16:36:59 - ui.charts_window - INFO - Charts data refreshed from Tree view
2025-09-26 16:37:04 - ui.charts_window - INFO - Charts data refreshed from Tree view
2025-09-26 16:37:09 - ui.charts_window - INFO - Charts data refreshed from Tree view
2025-09-26 16:37:14 - ui.charts_window - INFO - Charts data refreshed from Tree view
2025-09-26 16:37:19 - ui.charts_window - INFO - Charts data refreshed from Tree view
2025-09-26 16:37:24 - ui.charts_window - INFO - Charts data refreshed from Tree view
2025-09-26 16:37:29 - ui.charts_window - INFO - Charts data refreshed from Tree view
2025-09-26 16:37:34 - ui.charts_window - INFO - Charts data refreshed from Tree view
2025-09-26 16:37:39 - ui.charts_window - INFO - Charts data refreshed from Tree view
2025-09-26 16:37:44 - ui.charts_window - INFO - Charts data refreshed from Tree view
2025-09-26 16:37:50 - ui.charts_window - INFO - Charts data refreshed from Tree view
2025-09-26 16:37:55 - ui.charts_window - INFO - Charts data refreshed from Tree view
2025-09-26 16:38:00 - ui.charts_window - INFO - Charts data refreshed from Tree view
2025-09-26 16:38:05 - ui.charts_window - INFO - Charts data refreshed from Tree view
2025-09-26 16:38:10 - ui.charts_window - INFO - Charts data refreshed from Tree view
2025-09-26 16:38:15 - ui.charts_window - INFO - Charts data refreshed from Tree view
2025-09-26 16:38:20 - ui.charts_window - INFO - Charts data refreshed from Tree view
2025-09-26 16:38:25 - ui.charts_window - INFO - Charts data refreshed from Tree view
2025-09-26 16:38:30 - ui.charts_window - INFO - Charts data refreshed from Tree view
2025-09-26 16:38:35 - ui.charts_window - INFO - Charts data refreshed from Tree view
2025-09-26 16:38:40 - ui.charts_window - INFO - Charts data refreshed from Tree view
2025-09-26 16:38:45 - ui.charts_window - INFO - Charts data refreshed from Tree view
2025-09-26 16:38:50 - ui.charts_window - INFO - Charts data refreshed from Tree view
2025-09-26 16:38:55 - ui.charts_window - INFO - Charts data refreshed from Tree view
2025-09-26 16:39:00 - ui.charts_window - INFO - Charts data refreshed from Tree view
2025-09-26 16:39:05 - ui.charts_window - INFO - Charts data refreshed from Tree view
2025-09-26 16:39:10 - ui.charts_window - INFO - Charts data refreshed from Tree view
2025-09-26 16:39:15 - ui.charts_window - INFO - Charts data refreshed from Tree view
2025-09-26 16:39:20 - ui.charts_window - INFO - Charts data refreshed from Tree view
2025-09-26 16:39:25 - ui.charts_window - INFO - Charts data refreshed from Tree view
2025-09-26 16:39:30 - ui.charts_window - INFO - Charts data refreshed from Tree view
2025-09-26 16:39:36 - ui.charts_window - INFO - Charts data refreshed from Tree view
2025-09-26 16:39:41 - ui.charts_window - INFO - Charts data refreshed from Tree view
2025-09-26 16:39:46 - ui.charts_window - INFO - Charts data refreshed from Tree view
2025-09-26 16:39:51 - ui.charts_window - INFO - Charts data refreshed from Tree view
2025-09-26 16:39:56 - ui.charts_window - INFO - Charts data refreshed from Tree view
2025-09-26 16:40:01 - ui.charts_window - INFO - Charts data refreshed from Tree view
2025-09-26 16:40:06 - ui.charts_window - INFO - Charts data refreshed from Tree view
2025-09-26 16:40:11 - ui.charts_window - INFO - Charts data refreshed from Tree view
2025-09-26 16:40:16 - ui.charts_window - INFO - Charts data refreshed from Tree view
2025-09-26 16:40:21 - ui.charts_window - INFO - Charts data refreshed from Tree view
2025-09-26 16:40:26 - ui.charts_window - INFO - Charts data refreshed from Tree view
2025-09-26 16:40:31 - ui.charts_window - INFO - Charts data refreshed from Tree view
2025-09-26 16:40:36 - ui.charts_window - INFO - Charts data refreshed from Tree view
2025-09-26 16:40:41 - ui.charts_window - INFO - Charts data refreshed from Tree view
2025-09-26 16:40:46 - ui.charts_window - INFO - Charts data refreshed from Tree view
2025-09-26 16:40:51 - ui.charts_window - INFO - Charts data refreshed from Tree view
2025-09-26 16:40:56 - ui.charts_window - INFO - Charts data refreshed from Tree view
2025-09-26 16:41:01 - ui.charts_window - INFO - Charts data refreshed from Tree view
2025-09-26 16:41:06 - ui.charts_window - INFO - Charts data refreshed from Tree view
2025-09-26 16:41:11 - ui.charts_window - INFO - Charts data refreshed from Tree view
2025-09-26 16:41:16 - ui.charts_window - INFO - Charts data refreshed from Tree view
2025-09-26 16:41:22 - ui.charts_window - INFO - Charts data refreshed from Tree view
2025-09-26 16:41:27 - ui.charts_window - INFO - Charts data refreshed from Tree view
2025-09-26 16:41:32 - ui.charts_window - INFO - Charts data refreshed from Tree view
2025-09-26 16:41:37 - ui.charts_window - INFO - Charts data refreshed from Tree view
2025-09-26 16:41:42 - ui.charts_window - INFO - Charts data refreshed from Tree view
2025-09-26 16:41:47 - ui.charts_window - INFO - Charts data refreshed from Tree view
2025-09-26 16:41:52 - ui.charts_window - INFO - Charts data refreshed from Tree view
2025-09-26 16:41:57 - ui.charts_window - INFO - Charts data refreshed from Tree view
2025-09-26 16:42:02 - ui.charts_window - INFO - Charts data refreshed from Tree view
2025-09-26 16:42:07 - ui.charts_window - INFO - Charts data refreshed from Tree view
2025-09-26 16:42:12 - ui.charts_window - INFO - Charts data refreshed from Tree view
2025-09-26 16:42:17 - ui.charts_window - INFO - Charts data refreshed from Tree view
2025-09-26 16:42:22 - ui.charts_window - INFO - Charts data refreshed from Tree view
2025-09-26 16:42:27 - ui.charts_window - INFO - Charts data refreshed from Tree view
2025-09-26 16:42:32 - ui.charts_window - INFO - Charts data refreshed from Tree view
2025-09-26 16:42:36 - ui.search_dashboard_tab.SearchDashboardTab - INFO - Live tenders filter: 1429 records closing after 2025-09-26 16:42:36.261651
2025-09-26 16:42:36 - ui.search_dashboard_tab.SearchDashboardTab - INFO - Department filter applied: 805 records match 'pwd' with OR logic
2025-09-26 16:42:36 - ui.search_dashboard_tab.SearchDashboardTab - INFO - Time range filter (today) with status (live): 37 records
2025-09-26 16:42:36 - ui.search_dashboard_tab.SearchDashboardTab - INFO - Detected URL columns: ['Direct URL', 'Status URL']
2025-09-26 16:42:37 - ui.charts_window - INFO - Charts data refreshed from Tree view
2025-09-26 16:42:40 - ui.charts_window - INFO - Charts data refreshed from Tree view
2025-09-26 16:42:42 - ui.charts_window - INFO - Charts data refreshed from Tree view
2025-09-26 16:42:46 - ui.search_dashboard_tab.SearchDashboardTab - INFO - Live tenders filter: 1429 records closing after 2025-09-26 16:42:46.500504
2025-09-26 16:42:46 - ui.search_dashboard_tab.SearchDashboardTab - INFO - Department filter applied: 805 records match 'pwd,' with OR logic
2025-09-26 16:42:46 - ui.search_dashboard_tab.SearchDashboardTab - INFO - Time range filter (today) with status (live): 37 records
2025-09-26 16:42:46 - ui.search_dashboard_tab.SearchDashboardTab - INFO - Detected URL columns: ['Direct URL', 'Status URL']
2025-09-26 16:42:47 - ui.search_dashboard_tab.SearchDashboardTab - INFO - Live tenders filter: 1429 records closing after 2025-09-26 16:42:47.011288
2025-09-26 16:42:47 - ui.search_dashboard_tab.SearchDashboardTab - INFO - Department filter applied: 1396 records match 'pwd,i' with OR logic
2025-09-26 16:42:47 - ui.search_dashboard_tab.SearchDashboardTab - INFO - Time range filter (today) with status (live): 54 records
2025-09-26 16:42:47 - ui.search_dashboard_tab.SearchDashboardTab - INFO - Detected URL columns: ['Direct URL', 'Status URL']
2025-09-26 16:42:47 - ui.charts_window - INFO - Charts data refreshed from Tree view
2025-09-26 16:42:47 - ui.search_dashboard_tab.SearchDashboardTab - INFO - Live tenders filter: 1429 records closing after 2025-09-26 16:42:47.874379
2025-09-26 16:42:47 - ui.search_dashboard_tab.SearchDashboardTab - INFO - Department filter applied: 1084 records match 'pwd,irri' with OR logic
2025-09-26 16:42:47 - ui.search_dashboard_tab.SearchDashboardTab - INFO - Time range filter (today) with status (live): 41 records
2025-09-26 16:42:47 - ui.search_dashboard_tab.SearchDashboardTab - INFO - Detected URL columns: ['Direct URL', 'Status URL']
2025-09-26 16:42:52 - ui.charts_window - INFO - Charts data refreshed from Tree view
2025-09-26 16:42:57 - ui.charts_window - INFO - Charts data refreshed from Tree view
2025-09-26 16:43:02 - ui.charts_window - INFO - Charts data refreshed from Tree view
2025-09-26 16:43:07 - ui.charts_window - INFO - Charts data refreshed from Tree view
2025-09-26 16:43:10 - ui.search_dashboard_tab.SearchDashboardTab - INFO - Live tenders filter: 1429 records closing after 2025-09-26 16:43:10.181839
2025-09-26 16:43:10 - ui.search_dashboard_tab.SearchDashboardTab - INFO - Department filter applied: 1084 records match 'pwd,irri,' with OR logic
2025-09-26 16:43:10 - ui.search_dashboard_tab.SearchDashboardTab - INFO - Time range filter (today) with status (live): 41 records
2025-09-26 16:43:10 - ui.search_dashboard_tab.SearchDashboardTab - INFO - Detected URL columns: ['Direct URL', 'Status URL']
2025-09-26 16:43:11 - ui.search_dashboard_tab.SearchDashboardTab - INFO - Live tenders filter: 1429 records closing after 2025-09-26 16:43:11.863878
2025-09-26 16:43:11 - ui.search_dashboard_tab.SearchDashboardTab - INFO - Department filter applied: 1103 records match 'pwd,irri, sidc' with OR logic
2025-09-26 16:43:11 - ui.search_dashboard_tab.SearchDashboardTab - INFO - Time range filter (today) with status (live): 43 records
2025-09-26 16:43:11 - ui.search_dashboard_tab.SearchDashboardTab - INFO - Detected URL columns: ['Direct URL', 'Status URL']
2025-09-26 16:43:13 - ui.charts_window - INFO - Charts data refreshed from Tree view
2025-09-26 16:43:17 - ui.search_dashboard_tab.SearchDashboardTab - INFO - Live tenders filter: 1429 records closing after 2025-09-26 16:43:17.441211
2025-09-26 16:43:17 - ui.search_dashboard_tab.SearchDashboardTab - INFO - Department filter applied: 1103 records match 'pwd,irri, sidc,' with OR logic
2025-09-26 16:43:17 - ui.search_dashboard_tab.SearchDashboardTab - INFO - Time range filter (today) with status (live): 43 records
2025-09-26 16:43:17 - ui.search_dashboard_tab.SearchDashboardTab - INFO - Detected URL columns: ['Direct URL', 'Status URL']
2025-09-26 16:43:18 - ui.charts_window - INFO - Charts data refreshed from Tree view
2025-09-26 16:43:19 - ui.search_dashboard_tab.SearchDashboardTab - INFO - Live tenders filter: 1429 records closing after 2025-09-26 16:43:19.328673
2025-09-26 16:43:19 - ui.search_dashboard_tab.SearchDashboardTab - INFO - Department filter applied: 1255 records match 'pwd,irri, sidc, di' with OR logic
2025-09-26 16:43:19 - ui.search_dashboard_tab.SearchDashboardTab - INFO - Time range filter (today) with status (live): 45 records
2025-09-26 16:43:19 - ui.search_dashboard_tab.SearchDashboardTab - INFO - Detected URL columns: ['Direct URL', 'Status URL']
2025-09-26 16:43:19 - ui.search_dashboard_tab.SearchDashboardTab - INFO - Live tenders filter: 1429 records closing after 2025-09-26 16:43:19.620375
2025-09-26 16:43:19 - ui.search_dashboard_tab.SearchDashboardTab - INFO - Department filter applied: 1255 records match 'pwd,irri, sidc, di' with OR logic
2025-09-26 16:43:19 - ui.search_dashboard_tab.SearchDashboardTab - INFO - Time range filter (today) with status (live): 45 records
2025-09-26 16:43:19 - ui.search_dashboard_tab.SearchDashboardTab - INFO - Detected URL columns: ['Direct URL', 'Status URL']
2025-09-26 16:43:20 - ui.search_dashboard_tab.SearchDashboardTab - INFO - Live tenders filter: 1429 records closing after 2025-09-26 16:43:20.193549
2025-09-26 16:43:20 - ui.search_dashboard_tab.SearchDashboardTab - INFO - Department filter applied: 1195 records match 'pwd,irri, sidc, dir' with OR logic
2025-09-26 16:43:20 - ui.search_dashboard_tab.SearchDashboardTab - INFO - Time range filter (today) with status (live): 45 records
2025-09-26 16:43:20 - ui.search_dashboard_tab.SearchDashboardTab - INFO - Detected URL columns: ['Direct URL', 'Status URL']
2025-09-26 16:43:20 - ui.search_dashboard_tab.SearchDashboardTab - INFO - Live tenders filter: 1429 records closing after 2025-09-26 16:43:20.670033
2025-09-26 16:43:20 - ui.search_dashboard_tab.SearchDashboardTab - INFO - Department filter applied: 1195 records match 'pwd,irri, sidc, dire' with OR logic
2025-09-26 16:43:20 - ui.search_dashboard_tab.SearchDashboardTab - INFO - Time range filter (today) with status (live): 45 records
2025-09-26 16:43:20 - ui.search_dashboard_tab.SearchDashboardTab - INFO - Detected URL columns: ['Direct URL', 'Status URL']
2025-09-26 16:43:23 - ui.charts_window - INFO - Charts data refreshed from Tree view
2025-09-26 16:43:28 - ui.charts_window - INFO - Charts data refreshed from Tree view
2025-09-26 16:43:33 - ui.charts_window - INFO - Charts data refreshed from Tree view
2025-09-26 16:43:38 - ui.charts_window - INFO - Charts data refreshed from Tree view
2025-09-26 16:43:43 - ui.charts_window - INFO - Charts data refreshed from Tree view
2025-09-26 16:43:48 - ui.charts_window - INFO - Charts data refreshed from Tree view
2025-09-26 16:43:53 - ui.charts_window - INFO - Charts data refreshed from Tree view
2025-09-26 16:43:58 - ui.charts_window - INFO - Charts data refreshed from Tree view
2025-09-26 16:44:03 - ui.charts_window - INFO - Charts data refreshed from Tree view
2025-09-26 16:44:08 - ui.charts_window - INFO - Charts data refreshed from Tree view
2025-09-26 16:44:13 - ui.charts_window - INFO - Charts data refreshed from Tree view
2025-09-26 16:44:18 - ui.charts_window - INFO - Charts data refreshed from Tree view
2025-09-26 16:44:23 - ui.charts_window - INFO - Charts data refreshed from Tree view
2025-09-26 16:44:28 - ui.charts_window - INFO - Charts data refreshed from Tree view
2025-09-26 16:44:33 - ui.charts_window - INFO - Charts data refreshed from Tree view
2025-09-26 16:44:38 - ui.charts_window - INFO - Charts data refreshed from Tree view
2025-09-26 16:44:44 - ui.charts_window - INFO - Charts data refreshed from Tree view
2025-09-26 16:44:49 - ui.charts_window - INFO - Charts data refreshed from Tree view
2025-09-26 16:44:54 - ui.charts_window - INFO - Charts data refreshed from Tree view
2025-09-26 16:44:59 - ui.charts_window - INFO - Charts data refreshed from Tree view
2025-09-26 16:45:04 - ui.charts_window - INFO - Charts data refreshed from Tree view
2025-09-26 16:45:09 - ui.charts_window - INFO - Charts data refreshed from Tree view
2025-09-26 16:45:14 - ui.charts_window - INFO - Charts data refreshed from Tree view
2025-09-26 16:45:19 - ui.charts_window - INFO - Charts data refreshed from Tree view
2025-09-26 16:45:24 - ui.charts_window - INFO - Charts data refreshed from Tree view
2025-09-26 16:45:29 - ui.charts_window - INFO - Charts data refreshed from Tree view
2025-09-26 16:45:34 - ui.charts_window - INFO - Charts data refreshed from Tree view
2025-09-26 16:45:39 - ui.charts_window - INFO - Charts data refreshed from Tree view
2025-09-26 16:45:44 - ui.charts_window - INFO - Charts data refreshed from Tree view
2025-09-26 16:45:49 - ui.charts_window - INFO - Charts data refreshed from Tree view
2025-09-26 16:45:54 - ui.charts_window - INFO - Charts data refreshed from Tree view
2025-09-26 16:45:59 - ui.charts_window - INFO - Charts data refreshed from Tree view
2025-09-26 16:46:04 - ui.charts_window - INFO - Charts data refreshed from Tree view
2025-09-26 16:46:10 - ui.charts_window - INFO - Charts data refreshed from Tree view
2025-09-26 16:46:15 - ui.charts_window - INFO - Charts data refreshed from Tree view
2025-09-26 16:46:20 - ui.charts_window - INFO - Charts data refreshed from Tree view
2025-09-26 16:46:25 - ui.charts_window - INFO - Charts data refreshed from Tree view
2025-09-26 16:46:30 - ui.charts_window - INFO - Charts data refreshed from Tree view
2025-09-26 16:46:35 - ui.charts_window - INFO - Charts data refreshed from Tree view
2025-09-26 16:46:40 - ui.charts_window - INFO - Charts data refreshed from Tree view
2025-09-26 16:46:45 - ui.charts_window - INFO - Charts data refreshed from Tree view
2025-09-26 16:46:50 - ui.charts_window - INFO - Charts data refreshed from Tree view
2025-09-26 16:46:55 - ui.charts_window - INFO - Charts data refreshed from Tree view
2025-09-26 16:47:00 - ui.charts_window - INFO - Charts data refreshed from Tree view
2025-09-26 16:47:05 - ui.charts_window - INFO - Charts data refreshed from Tree view
2025-09-26 16:47:10 - ui.charts_window - INFO - Charts data refreshed from Tree view
2025-09-26 16:47:15 - ui.charts_window - INFO - Charts data refreshed from Tree view
2025-09-26 16:47:20 - ui.charts_window - INFO - Charts data refreshed from Tree view
2025-09-26 16:47:25 - ui.charts_window - INFO - Charts data refreshed from Tree view
2025-09-26 16:47:30 - ui.charts_window - INFO - Charts data refreshed from Tree view
2025-09-26 16:47:36 - ui.charts_window - INFO - Charts data refreshed from Tree view
2025-09-26 16:47:41 - ui.charts_window - INFO - Charts data refreshed from Tree view
2025-09-26 16:47:46 - ui.charts_window - INFO - Charts data refreshed from Tree view
2025-09-26 16:47:51 - ui.charts_window - INFO - Charts data refreshed from Tree view
2025-09-26 16:47:56 - ui.charts_window - INFO - Charts data refreshed from Tree view
2025-09-26 16:48:01 - ui.charts_window - INFO - Charts data refreshed from Tree view
2025-09-26 16:48:06 - ui.charts_window - INFO - Charts data refreshed from Tree view
2025-09-26 16:48:11 - ui.charts_window - INFO - Charts data refreshed from Tree view
2025-09-26 16:48:16 - ui.charts_window - INFO - Charts data refreshed from Tree view
2025-09-26 16:48:21 - ui.charts_window - INFO - Charts data refreshed from Tree view
2025-09-26 16:48:26 - ui.charts_window - INFO - Charts data refreshed from Tree view
2025-09-26 16:48:31 - ui.charts_window - INFO - Charts data refreshed from Tree view
2025-09-26 16:48:36 - ui.charts_window - INFO - Charts data refreshed from Tree view
2025-09-26 16:48:41 - ui.charts_window - INFO - Charts data refreshed from Tree view
2025-09-26 16:48:46 - ui.charts_window - INFO - Charts data refreshed from Tree view
2025-09-26 16:48:51 - ui.charts_window - INFO - Charts data refreshed from Tree view
2025-09-26 16:48:56 - ui.charts_window - INFO - Charts data refreshed from Tree view
2025-09-26 16:49:02 - ui.charts_window - INFO - Charts data refreshed from Tree view
2025-09-26 16:49:07 - ui.charts_window - INFO - Charts data refreshed from Tree view
2025-09-26 16:49:12 - ui.charts_window - INFO - Charts data refreshed from Tree view
2025-09-26 16:49:17 - ui.charts_window - INFO - Charts data refreshed from Tree view
2025-09-26 16:49:22 - ui.charts_window - INFO - Charts data refreshed from Tree view
2025-09-26 16:49:27 - ui.charts_window - INFO - Charts data refreshed from Tree view
2025-09-26 16:49:32 - ui.charts_window - INFO - Charts data refreshed from Tree view
2025-09-26 16:49:37 - ui.charts_window - INFO - Charts data refreshed from Tree view
2025-09-26 16:49:42 - ui.charts_window - INFO - Charts data refreshed from Tree view
2025-09-26 16:49:47 - ui.charts_window - INFO - Charts data refreshed from Tree view
2025-09-26 16:49:52 - ui.charts_window - INFO - Charts data refreshed from Tree view
2025-09-26 16:49:57 - ui.charts_window - INFO - Charts data refreshed from Tree view
2025-09-26 16:50:02 - ui.charts_window - INFO - Charts data refreshed from Tree view
2025-09-26 16:50:07 - ui.charts_window - INFO - Charts data refreshed from Tree view
2025-09-26 16:50:12 - ui.charts_window - INFO - Charts data refreshed from Tree view
2025-09-26 16:50:17 - ui.charts_window - INFO - Charts data refreshed from Tree view
2025-09-26 16:50:23 - ui.charts_window - INFO - Charts data refreshed from Tree view
2025-09-26 16:50:28 - ui.charts_window - INFO - Charts data refreshed from Tree view
2025-09-26 16:50:33 - ui.charts_window - INFO - Charts data refreshed from Tree view
2025-09-26 16:50:38 - ui.charts_window - INFO - Charts data refreshed from Tree view
2025-09-26 16:50:43 - ui.charts_window - INFO - Charts data refreshed from Tree view
2025-09-26 16:50:48 - ui.charts_window - INFO - Charts data refreshed from Tree view
2025-09-26 16:50:53 - ui.charts_window - INFO - Charts data refreshed from Tree view
2025-09-26 16:50:58 - ui.charts_window - INFO - Charts data refreshed from Tree view
2025-09-26 16:51:03 - ui.charts_window - INFO - Charts data refreshed from Tree view
2025-09-26 16:51:08 - ui.charts_window - INFO - Charts data refreshed from Tree view
2025-09-26 16:51:13 - ui.charts_window - INFO - Charts data refreshed from Tree view
2025-09-26 16:51:18 - ui.charts_window - INFO - Charts data refreshed from Tree view
2025-09-26 16:51:23 - ui.charts_window - INFO - Charts data refreshed from Tree view
2025-09-26 16:51:28 - ui.charts_window - INFO - Charts data refreshed from Tree view
2025-09-26 16:51:33 - ui.charts_window - INFO - Charts data refreshed from Tree view
2025-09-26 16:51:38 - ui.charts_window - INFO - Charts data refreshed from Tree view
2025-09-26 16:51:44 - ui.charts_window - INFO - Charts data refreshed from Tree view
2025-09-26 16:51:49 - ui.charts_window - INFO - Charts data refreshed from Tree view
2025-09-26 16:51:54 - ui.charts_window - INFO - Charts data refreshed from Tree view
2025-09-26 16:51:59 - ui.charts_window - INFO - Charts data refreshed from Tree view
2025-09-26 16:52:04 - ui.charts_window - INFO - Charts data refreshed from Tree view
2025-09-26 16:52:09 - ui.charts_window - INFO - Charts data refreshed from Tree view
2025-09-26 16:52:14 - ui.charts_window - INFO - Charts data refreshed from Tree view
2025-09-26 16:52:19 - ui.charts_window - INFO - Charts data refreshed from Tree view
2025-09-26 16:52:24 - ui.charts_window - INFO - Charts data refreshed from Tree view
2025-09-26 16:52:29 - ui.charts_window - INFO - Charts data refreshed from Tree view
2025-09-26 16:52:34 - ui.charts_window - INFO - Charts data refreshed from Tree view
2025-09-26 16:52:39 - ui.charts_window - INFO - Charts data refreshed from Tree view
2025-09-26 16:52:44 - ui.charts_window - INFO - Charts data refreshed from Tree view
2025-09-26 16:52:49 - ui.charts_window - INFO - Charts data refreshed from Tree view
2025-09-26 16:52:54 - ui.charts_window - INFO - Charts data refreshed from Tree view
2025-09-26 16:52:59 - ui.charts_window - INFO - Charts data refreshed from Tree view
2025-09-26 16:53:05 - ui.charts_window - INFO - Charts data refreshed from Tree view
2025-09-26 16:53:10 - ui.charts_window - INFO - Charts data refreshed from Tree view
2025-09-26 16:53:15 - ui.charts_window - INFO - Charts data refreshed from Tree view
2025-09-26 16:53:20 - ui.charts_window - INFO - Charts data refreshed from Tree view
2025-09-26 16:53:25 - ui.charts_window - INFO - Charts data refreshed from Tree view
2025-09-26 16:53:30 - ui.charts_window - INFO - Charts data refreshed from Tree view
2025-09-26 16:53:35 - ui.charts_window - INFO - Charts data refreshed from Tree view
2025-09-26 16:53:40 - ui.charts_window - INFO - Charts data refreshed from Tree view
2025-09-26 16:53:45 - ui.charts_window - INFO - Charts data refreshed from Tree view
2025-09-26 16:53:50 - ui.charts_window - INFO - Charts data refreshed from Tree view
2025-09-26 16:53:55 - ui.charts_window - INFO - Charts data refreshed from Tree view
2025-09-26 16:54:00 - ui.charts_window - INFO - Charts data refreshed from Tree view
2025-09-26 16:54:05 - ui.charts_window - INFO - Charts data refreshed from Tree view
2025-09-26 16:54:10 - ui.charts_window - INFO - Charts data refreshed from Tree view
2025-09-26 16:54:16 - ui.charts_window - INFO - Charts data refreshed from Tree view
2025-09-26 16:54:21 - ui.charts_window - INFO - Charts data refreshed from Tree view
2025-09-26 16:54:26 - ui.charts_window - INFO - Charts data refreshed from Tree view
2025-09-26 16:54:31 - ui.charts_window - INFO - Charts data refreshed from Tree view
2025-09-26 16:54:36 - ui.charts_window - INFO - Charts data refreshed from Tree view
2025-09-26 16:54:41 - ui.charts_window - INFO - Charts data refreshed from Tree view
2025-09-26 16:54:46 - ui.charts_window - INFO - Charts data refreshed from Tree view
2025-09-26 16:54:51 - ui.charts_window - INFO - Charts data refreshed from Tree view
2025-09-26 16:54:56 - ui.charts_window - INFO - Charts data refreshed from Tree view
2025-09-26 16:55:01 - ui.charts_window - INFO - Charts data refreshed from Tree view
2025-09-26 16:55:06 - ui.charts_window - INFO - Charts data refreshed from Tree view
2025-09-26 16:55:11 - ui.charts_window - INFO - Charts data refreshed from Tree view
2025-09-26 16:55:16 - ui.charts_window - INFO - Charts data refreshed from Tree view
2025-09-26 16:55:21 - ui.charts_window - INFO - Charts data refreshed from Tree view
2025-09-26 16:55:27 - ui.charts_window - INFO - Charts data refreshed from Tree view
2025-09-26 16:55:32 - ui.charts_window - INFO - Charts data refreshed from Tree view
2025-09-26 16:55:37 - ui.charts_window - INFO - Charts data refreshed from Tree view
2025-09-26 16:55:42 - ui.charts_window - INFO - Charts data refreshed from Tree view
2025-09-26 16:55:47 - ui.charts_window - INFO - Charts data refreshed from Tree view
2025-09-26 16:55:52 - ui.charts_window - INFO - Charts data refreshed from Tree view
2025-09-26 16:55:57 - ui.charts_window - INFO - Charts data refreshed from Tree view
2025-09-26 16:56:02 - ui.charts_window - INFO - Charts data refreshed from Tree view
2025-09-26 16:56:07 - ui.charts_window - INFO - Charts data refreshed from Tree view
2025-09-26 16:56:12 - ui.charts_window - INFO - Charts data refreshed from Tree view
2025-09-26 16:56:17 - ui.charts_window - INFO - Charts data refreshed from Tree view
2025-09-26 16:56:22 - ui.charts_window - INFO - Charts data refreshed from Tree view
2025-09-26 16:56:27 - ui.charts_window - INFO - Charts data refreshed from Tree view
2025-09-26 16:56:32 - ui.charts_window - INFO - Charts data refreshed from Tree view
2025-09-26 16:56:37 - ui.charts_window - INFO - Charts data refreshed from Tree view
2025-09-26 16:56:42 - ui.charts_window - INFO - Charts data refreshed from Tree view
2025-09-26 16:56:47 - ui.charts_window - INFO - Charts data refreshed from Tree view
2025-09-26 16:56:53 - ui.charts_window - INFO - Charts data refreshed from Tree view
2025-09-26 16:56:58 - ui.charts_window - INFO - Charts data refreshed from Tree view
2025-09-26 16:57:03 - ui.charts_window - INFO - Charts data refreshed from Tree view
2025-09-26 16:57:08 - ui.charts_window - INFO - Charts data refreshed from Tree view
2025-09-26 16:57:13 - ui.charts_window - INFO - Charts data refreshed from Tree view
2025-09-26 16:57:18 - ui.charts_window - INFO - Charts data refreshed from Tree view
2025-09-26 16:57:23 - ui.charts_window - INFO - Charts data refreshed from Tree view
2025-09-26 16:57:28 - ui.charts_window - INFO - Charts data refreshed from Tree view
2025-09-26 16:57:33 - ui.charts_window - INFO - Charts data refreshed from Tree view
2025-09-26 16:57:38 - ui.charts_window - INFO - Charts data refreshed from Tree view
2025-09-26 16:57:43 - ui.charts_window - INFO - Charts data refreshed from Tree view
2025-09-26 16:57:48 - ui.charts_window - INFO - Charts data refreshed from Tree view
2025-09-26 16:57:53 - ui.charts_window - INFO - Charts data refreshed from Tree view
2025-09-26 16:57:58 - ui.charts_window - INFO - Charts data refreshed from Tree view
2025-09-26 16:58:03 - ui.charts_window - INFO - Charts data refreshed from Tree view
2025-09-26 16:58:09 - ui.charts_window - INFO - Charts data refreshed from Tree view
2025-09-26 16:58:14 - ui.charts_window - INFO - Charts data refreshed from Tree view
2025-09-26 16:58:19 - ui.charts_window - INFO - Charts data refreshed from Tree view
2025-09-26 16:58:24 - ui.charts_window - INFO - Charts data refreshed from Tree view
2025-09-26 16:58:29 - ui.charts_window - INFO - Charts data refreshed from Tree view
2025-09-26 16:58:34 - ui.charts_window - INFO - Charts data refreshed from Tree view
2025-09-26 16:58:39 - ui.charts_window - INFO - Charts data refreshed from Tree view
2025-09-26 16:58:44 - ui.charts_window - INFO - Charts data refreshed from Tree view
2025-09-26 16:58:49 - ui.charts_window - INFO - Charts data refreshed from Tree view
2025-09-26 16:58:54 - ui.charts_window - INFO - Charts data refreshed from Tree view
2025-09-26 16:58:59 - ui.charts_window - INFO - Charts data refreshed from Tree view
2025-09-26 16:59:04 - ui.charts_window - INFO - Charts data refreshed from Tree view
2025-09-26 16:59:09 - ui.charts_window - INFO - Charts data refreshed from Tree view
2025-09-26 16:59:14 - ui.charts_window - INFO - Charts data refreshed from Tree view
2025-09-26 16:59:19 - ui.charts_window - INFO - Charts data refreshed from Tree view
2025-09-26 16:59:24 - ui.charts_window - INFO - Charts data refreshed from Tree view
2025-09-26 16:59:30 - ui.charts_window - INFO - Charts data refreshed from Tree view
2025-09-26 16:59:35 - ui.charts_window - INFO - Charts data refreshed from Tree view
2025-09-26 16:59:40 - ui.charts_window - INFO - Charts data refreshed from Tree view
2025-09-26 16:59:45 - ui.charts_window - INFO - Charts data refreshed from Tree view
2025-09-26 16:59:50 - ui.charts_window - INFO - Charts data refreshed from Tree view
2025-09-26 16:59:55 - ui.charts_window - INFO - Charts data refreshed from Tree view
2025-09-26 17:00:00 - ui.charts_window - INFO - Charts data refreshed from Tree view
2025-09-26 17:00:05 - ui.charts_window - INFO - Charts data refreshed from Tree view
2025-09-26 17:00:10 - ui.charts_window - INFO - Charts data refreshed from Tree view
2025-09-26 17:00:15 - ui.charts_window - INFO - Charts data refreshed from Tree view
2025-09-26 17:00:20 - ui.charts_window - INFO - Charts data refreshed from Tree view
2025-09-26 17:00:25 - ui.charts_window - INFO - Charts data refreshed from Tree view
2025-09-26 17:00:30 - ui.charts_window - INFO - Charts data refreshed from Tree view
2025-09-26 17:00:35 - ui.charts_window - INFO - Charts data refreshed from Tree view
2025-09-26 17:00:40 - ui.charts_window - INFO - Charts data refreshed from Tree view
2025-09-26 17:00:45 - ui.charts_window - INFO - Charts data refreshed from Tree view
2025-09-26 17:00:51 - ui.charts_window - INFO - Charts data refreshed from Tree view
2025-09-26 17:00:56 - ui.charts_window - INFO - Charts data refreshed from Tree view
2025-09-26 17:01:01 - ui.charts_window - INFO - Charts data refreshed from Tree view
2025-09-26 17:01:06 - ui.charts_window - INFO - Charts data refreshed from Tree view
2025-09-26 17:01:11 - ui.charts_window - INFO - Charts data refreshed from Tree view
2025-09-26 17:01:16 - ui.charts_window - INFO - Charts data refreshed from Tree view
2025-09-26 17:01:21 - ui.charts_window - INFO - Charts data refreshed from Tree view
2025-09-26 17:01:26 - ui.charts_window - INFO - Charts data refreshed from Tree view
2025-09-26 17:01:31 - ui.charts_window - INFO - Charts data refreshed from Tree view
2025-09-26 17:01:36 - ui.charts_window - INFO - Charts data refreshed from Tree view
2025-09-26 17:01:41 - ui.charts_window - INFO - Charts data refreshed from Tree view
2025-09-26 17:01:47 - ui.charts_window - INFO - Charts data refreshed from Tree view
2025-09-26 17:01:52 - ui.charts_window - INFO - Charts data refreshed from Tree view
2025-09-26 17:01:57 - ui.charts_window - INFO - Charts data refreshed from Tree view
2025-09-26 17:02:02 - ui.charts_window - INFO - Charts data refreshed from Tree view
2025-09-26 17:02:07 - ui.charts_window - INFO - Charts data refreshed from Tree view
2025-09-26 17:02:12 - ui.charts_window - INFO - Charts data refreshed from Tree view
2025-09-26 17:02:17 - ui.charts_window - INFO - Charts data refreshed from Tree view
2025-09-26 17:02:22 - ui.charts_window - INFO - Charts data refreshed from Tree view
2025-09-26 17:02:28 - ui.charts_window - INFO - Charts data refreshed from Tree view
2025-09-26 17:02:33 - ui.charts_window - INFO - Charts data refreshed from Tree view
2025-09-26 17:02:38 - ui.charts_window - INFO - Charts data refreshed from Tree view
2025-09-26 17:02:43 - ui.charts_window - INFO - Charts data refreshed from Tree view
2025-09-26 17:02:48 - ui.charts_window - INFO - Charts data refreshed from Tree view
2025-09-26 17:02:53 - ui.charts_window - INFO - Charts data refreshed from Tree view
2025-09-26 17:02:58 - ui.charts_window - INFO - Charts data refreshed from Tree view
2025-09-26 17:03:03 - ui.charts_window - INFO - Charts data refreshed from Tree view
2025-09-26 17:03:09 - ui.charts_window - INFO - Charts data refreshed from Tree view
2025-09-26 17:03:14 - ui.charts_window - INFO - Charts data refreshed from Tree view
2025-09-26 17:03:19 - ui.charts_window - INFO - Charts data refreshed from Tree view
2025-09-26 17:03:24 - ui.charts_window - INFO - Charts data refreshed from Tree view
2025-09-26 17:03:29 - ui.charts_window - INFO - Charts data refreshed from Tree view
2025-09-26 17:03:34 - ui.charts_window - INFO - Charts data refreshed from Tree view
2025-09-26 17:03:39 - ui.charts_window - INFO - Charts data refreshed from Tree view
2025-09-26 17:03:44 - ui.charts_window - INFO - Charts data refreshed from Tree view
2025-09-26 17:03:49 - ui.charts_window - INFO - Charts data refreshed from Tree view
2025-09-26 17:03:55 - ui.charts_window - INFO - Charts data refreshed from Tree view
2025-09-26 17:04:00 - ui.charts_window - INFO - Charts data refreshed from Tree view
2025-09-26 17:04:05 - ui.charts_window - INFO - Charts data refreshed from Tree view
2025-09-26 17:04:10 - ui.charts_window - INFO - Charts data refreshed from Tree view
2025-09-26 17:04:15 - ui.charts_window - INFO - Charts data refreshed from Tree view
2025-09-26 17:04:20 - ui.charts_window - INFO - Charts data refreshed from Tree view
2025-09-26 17:04:25 - ui.charts_window - INFO - Charts data refreshed from Tree view
2025-09-26 17:04:30 - ui.charts_window - INFO - Charts data refreshed from Tree view
2025-09-26 17:04:35 - ui.charts_window - INFO - Charts data refreshed from Tree view
2025-09-26 17:04:41 - ui.charts_window - INFO - Charts data refreshed from Tree view
2025-09-26 17:04:46 - ui.charts_window - INFO - Charts data refreshed from Tree view
2025-09-26 17:04:51 - ui.charts_window - INFO - Charts data refreshed from Tree view
2025-09-26 17:04:56 - ui.charts_window - INFO - Charts data refreshed from Tree view
2025-09-26 17:05:01 - ui.charts_window - INFO - Charts data refreshed from Tree view
2025-09-26 17:05:06 - ui.charts_window - INFO - Charts data refreshed from Tree view
2025-09-26 17:05:11 - ui.charts_window - INFO - Charts data refreshed from Tree view
2025-09-26 17:05:16 - ui.charts_window - INFO - Charts data refreshed from Tree view
2025-09-26 17:05:22 - ui.charts_window - INFO - Charts data refreshed from Tree view
2025-09-26 17:05:27 - ui.charts_window - INFO - Charts data refreshed from Tree view
2025-09-26 17:05:32 - ui.charts_window - INFO - Charts data refreshed from Tree view
2025-09-26 17:05:37 - ui.charts_window - INFO - Charts data refreshed from Tree view
2025-09-26 17:05:42 - ui.charts_window - INFO - Charts data refreshed from Tree view
2025-09-26 17:05:47 - ui.charts_window - INFO - Charts data refreshed from Tree view
2025-09-26 17:05:52 - ui.charts_window - INFO - Charts data refreshed from Tree view
2025-09-26 17:05:57 - ui.charts_window - INFO - Charts data refreshed from Tree view
2025-09-26 17:06:02 - ui.charts_window - INFO - Charts data refreshed from Tree view
2025-09-26 17:06:07 - ui.charts_window - INFO - Charts data refreshed from Tree view
2025-09-26 17:06:13 - ui.charts_window - INFO - Charts data refreshed from Tree view
2025-09-26 17:06:18 - ui.charts_window - INFO - Charts data refreshed from Tree view
2025-09-26 17:06:23 - ui.charts_window - INFO - Charts data refreshed from Tree view
2025-09-26 17:06:28 - ui.charts_window - INFO - Charts data refreshed from Tree view
2025-09-26 17:06:33 - ui.charts_window - INFO - Charts data refreshed from Tree view
2025-09-26 17:06:38 - ui.charts_window - INFO - Charts data refreshed from Tree view
2025-09-26 17:06:43 - ui.charts_window - INFO - Charts data refreshed from Tree view
2025-09-26 17:06:49 - ui.charts_window - INFO - Charts data refreshed from Tree view
2025-09-26 17:06:54 - ui.charts_window - INFO - Charts data refreshed from Tree view
2025-09-26 17:06:59 - ui.charts_window - INFO - Charts data refreshed from Tree view
2025-09-26 17:07:04 - ui.charts_window - INFO - Charts data refreshed from Tree view
2025-09-26 17:07:09 - ui.charts_window - INFO - Charts data refreshed from Tree view
2025-09-26 17:07:14 - ui.charts_window - INFO - Charts data refreshed from Tree view
2025-09-26 17:07:19 - ui.charts_window - INFO - Charts data refreshed from Tree view
2025-09-26 17:07:24 - ui.charts_window - INFO - Charts data refreshed from Tree view
2025-09-26 17:07:29 - ui.charts_window - INFO - Charts data refreshed from Tree view
2025-09-26 17:07:35 - ui.charts_window - INFO - Charts data refreshed from Tree view
2025-09-26 17:07:40 - ui.charts_window - INFO - Charts data refreshed from Tree view
2025-09-26 17:07:45 - ui.charts_window - INFO - Charts data refreshed from Tree view
2025-09-26 17:07:50 - ui.charts_window - INFO - Charts data refreshed from Tree view
2025-09-26 17:07:55 - ui.charts_window - INFO - Charts data refreshed from Tree view
2025-09-26 17:08:00 - ui.charts_window - INFO - Charts data refreshed from Tree view
2025-09-26 17:08:05 - ui.charts_window - INFO - Charts data refreshed from Tree view
2025-09-26 17:08:10 - ui.charts_window - INFO - Charts data refreshed from Tree view
2025-09-26 17:08:15 - ui.charts_window - INFO - Charts data refreshed from Tree view
2025-09-26 17:08:21 - ui.charts_window - INFO - Charts data refreshed from Tree view
2025-09-26 17:08:26 - ui.charts_window - INFO - Charts data refreshed from Tree view
2025-09-26 17:08:31 - ui.charts_window - INFO - Charts data refreshed from Tree view
2025-09-26 17:08:36 - ui.charts_window - INFO - Charts data refreshed from Tree view
2025-09-26 17:08:41 - ui.charts_window - INFO - Charts data refreshed from Tree view
2025-09-26 17:08:46 - ui.charts_window - INFO - Charts data refreshed from Tree view
2025-09-26 17:08:51 - ui.charts_window - INFO - Charts data refreshed from Tree view
2025-09-26 17:08:57 - ui.charts_window - INFO - Charts data refreshed from Tree view
2025-09-26 17:09:02 - ui.charts_window - INFO - Charts data refreshed from Tree view
2025-09-26 17:09:07 - ui.charts_window - INFO - Charts data refreshed from Tree view
2025-09-26 17:09:12 - ui.charts_window - INFO - Charts data refreshed from Tree view
2025-09-26 17:09:17 - ui.charts_window - INFO - Charts data refreshed from Tree view
2025-09-26 17:09:22 - ui.charts_window - INFO - Charts data refreshed from Tree view
2025-09-26 17:09:28 - ui.charts_window - INFO - Charts data refreshed from Tree view
2025-09-26 17:09:33 - ui.charts_window - INFO - Charts data refreshed from Tree view
2025-09-26 17:09:38 - ui.charts_window - INFO - Charts data refreshed from Tree view
2025-09-26 17:09:43 - ui.charts_window - INFO - Charts data refreshed from Tree view
2025-09-26 17:09:48 - ui.charts_window - INFO - Charts data refreshed from Tree view
2025-09-26 17:09:53 - ui.charts_window - INFO - Charts data refreshed from Tree view
2025-09-26 17:09:58 - ui.charts_window - INFO - Charts data refreshed from Tree view
2025-09-26 17:10:03 - ui.charts_window - INFO - Charts data refreshed from Tree view
2025-09-26 17:10:09 - ui.charts_window - INFO - Charts data refreshed from Tree view
2025-09-26 17:10:14 - ui.charts_window - INFO - Charts data refreshed from Tree view
2025-09-26 17:10:19 - ui.charts_window - INFO - Charts data refreshed from Tree view
2025-09-26 17:10:24 - ui.charts_window - INFO - Charts data refreshed from Tree view
2025-09-26 17:10:29 - ui.charts_window - INFO - Charts data refreshed from Tree view
2025-09-26 17:10:34 - ui.charts_window - INFO - Charts data refreshed from Tree view
2025-09-26 17:10:39 - ui.charts_window - INFO - Charts data refreshed from Tree view
2025-09-26 17:10:44 - ui.charts_window - INFO - Charts data refreshed from Tree view
2025-09-26 17:10:50 - ui.charts_window - INFO - Charts data refreshed from Tree view
2025-09-26 17:10:55 - ui.charts_window - INFO - Charts data refreshed from Tree view
2025-09-26 17:11:00 - ui.charts_window - INFO - Charts data refreshed from Tree view
2025-09-26 17:11:05 - ui.charts_window - INFO - Charts data refreshed from Tree view
2025-09-26 17:11:10 - ui.charts_window - INFO - Charts data refreshed from Tree view
2025-09-26 17:11:15 - ui.charts_window - INFO - Charts data refreshed from Tree view
2025-09-26 17:11:20 - ui.charts_window - INFO - Charts data refreshed from Tree view
2025-09-26 17:11:25 - ui.charts_window - INFO - Charts data refreshed from Tree view
2025-09-26 17:11:31 - ui.charts_window - INFO - Charts data refreshed from Tree view
2025-09-26 17:11:36 - ui.charts_window - INFO - Charts data refreshed from Tree view
2025-09-26 17:11:41 - ui.charts_window - INFO - Charts data refreshed from Tree view
2025-09-26 17:11:46 - ui.charts_window - INFO - Charts data refreshed from Tree view
2025-09-26 17:11:51 - ui.charts_window - INFO - Charts data refreshed from Tree view
2025-09-26 17:11:56 - ui.charts_window - INFO - Charts data refreshed from Tree view
2025-09-26 17:12:01 - ui.charts_window - INFO - Charts data refreshed from Tree view
2025-09-26 17:12:06 - ui.charts_window - INFO - Charts data refreshed from Tree view
