2025-08-31 14:54:40 - root - INFO - Logging to file: G:\My Drive\0dev\Search Utility v3\tender_management_v3\logs\app_20250831_145440.log
2025-08-31 14:54:40 - root - INFO - Application starting...
2025-08-31 14:54:40 - ui.main_window.MainApplication - INFO - Initializing MainApplication...
2025-08-31 14:54:40 - core.config_manager - INFO - Configuration loaded from G:\My Drive\0dev\Search Utility v3\tender_management_v3\config\config.json
2025-08-31 14:54:40 - ui.main_window.MainApplication - INFO - Global configuration loaded successfully
2025-08-31 14:54:40 - ui.main_window.MainApplication - INFO - Window geometry set to 1200x800+168+32
2025-08-31 14:54:41 - ui.search_dashboard_tab.SearchDashboardTab - INFO - Applying status filter: live
2025-08-31 14:54:41 - ui.search_dashboard_tab.SearchDashboardTab - INFO - Applied filters: {'CaseInsensitive': True, 'DateFilter': {'type': 'live'}}
2025-08-31 14:54:41 - ui.calendar_tab.CalendarTab - INFO - CalendarTab initialized
2025-08-31 14:54:41 - ui.calendar_tab.CalendarTab - INFO - Loaded 12 calendar events from G:\My Drive\0dev\Search Utility v3\tender_management_v3\data\calendar_events.json
2025-08-31 14:54:41 - ui.tender_tasks_tab.TenderTasksTab - INFO - TenderTasksTab initialized (placeholder)
2025-08-31 14:54:41 - ui.settings_tab.SettingsTab - INFO - SettingsTab initialized
2025-08-31 14:54:41 - ui.logs_tab.LogsTab - INFO - Log handler attached to root logger
2025-08-31 14:54:41 - ui.main_window.MainApplication - INFO - All tabs initialized successfully
2025-08-31 14:54:41 - ui.main_window - INFO - Main application initialized
2025-08-31 14:54:41 - root - INFO - Main window initialized
2025-08-31 14:54:41 - core.config_manager - INFO - Configuration saved to G:\My Drive\0dev\Search Utility v3\tender_management_v3\config\config.json
2025-08-31 14:54:41 - core.data_processor.TenderDataProcessor - INFO - Loading data from: G:/My Drive/0dev/Search Utility v3/tender_management_v3/data/merged_data\hptenders_gov_in_consolidated_master.xlsx
2025-08-31 14:54:42 - core.data_processor.TenderDataProcessor - INFO - Total columns in data: 10
2025-08-31 14:54:42 - core.data_processor.TenderDataProcessor - INFO - Available columns: ['Department Name', 'S.No', 'e-Published Date', 'Closing Date', 'Opening Date', 'Organisation Chain', 'Title and Ref.No./Tender ID', 'Tender ID (Extracted)', 'Direct URL', 'Status URL']
2025-08-31 14:54:42 - core.data_processor.TenderDataProcessor - INFO - Found potential closing date column: 'Closing Date'
2025-08-31 14:54:42 - core.data_processor.TenderDataProcessor - INFO - Sample values before conversion for 'Closing Date': [Timestamp('2025-06-05 13:00:00'), Timestamp('2025-05-27 13:00:00'), Timestamp('2025-05-27 12:00:00'), Timestamp('2025-06-20 15:00:00'), Timestamp('2025-06-24 11:00:00')]
2025-08-31 14:54:42 - core.data_processor.TenderDataProcessor - INFO - Sample values after conversion for 'Closing Date': [Timestamp('2025-06-05 13:00:00'), Timestamp('2025-05-27 13:00:00'), Timestamp('2025-05-27 12:00:00'), Timestamp('2025-06-20 15:00:00'), Timestamp('2025-06-24 11:00:00')]
2025-08-31 14:54:42 - core.data_processor.TenderDataProcessor - INFO - Date range for 'Closing Date': 2025-05-25 17:00:00 to 2025-09-25 12:00:00
2025-08-31 14:54:42 - core.data_processor.TenderDataProcessor - INFO - Successfully identified 1 closing date columns: ['Closing Date']
2025-08-31 14:54:42 - core.data_processor.TenderDataProcessor - INFO - Successfully loaded 9816 records from 1 files.
2025-08-31 14:54:49 - ui.search_dashboard_tab.SearchDashboardTab - INFO - Treeview updated with 9816 rows.
2025-08-31 14:54:49 - ui.search_dashboard_tab.SearchDashboardTab - INFO - Restored previous session data from 1 files
2025-08-31 14:54:49 - ui.main_window.MainApplication - INFO - Initial data loaded for Search tab
2025-08-31 14:54:51 - ui.search_dashboard_tab.SearchDashboardTab - INFO - Applying time filter: today
2025-08-31 14:54:51 - core.data_processor.TenderDataProcessor - INFO - Filtering by date - Type: combined, Column: Closing Date
2025-08-31 14:54:51 - core.data_processor.TenderDataProcessor - INFO - Current time: 2025-08-31 14:54:51.643009
2025-08-31 14:54:51 - core.data_processor.TenderDataProcessor - INFO - Today range: 2025-08-31 00:00:00 to 2025-08-31 23:59:59.999999
2025-08-31 14:54:51 - core.data_processor.TenderDataProcessor - INFO - Total records: 9816, Records with valid dates: 9816
2025-08-31 14:54:51 - core.data_processor.TenderDataProcessor - INFO - Combined filter - Status: live, Time range: today
2025-08-31 14:54:51 - core.data_processor.TenderDataProcessor - INFO - Status filter (live): 367 records
2025-08-31 14:54:51 - core.data_processor.TenderDataProcessor - INFO - Combined filter result: 2 records (status: live, time: today)
2025-08-31 14:54:51 - ui.search_dashboard_tab.SearchDashboardTab - INFO - Treeview updated with 2 rows.
2025-08-31 14:54:51 - ui.search_dashboard_tab.SearchDashboardTab - INFO - Applied filters: {'CaseInsensitive': True, 'DateFilter': {'type': 'combined', 'status': 'live', 'time_range': 'today'}}
2025-08-31 14:54:56 - ui.search_dashboard_tab.SearchDashboardTab - INFO - Applying time filter: next_3_days
2025-08-31 14:54:56 - core.data_processor.TenderDataProcessor - INFO - Filtering by date - Type: combined, Column: Closing Date
2025-08-31 14:54:56 - core.data_processor.TenderDataProcessor - INFO - Current time: 2025-08-31 14:54:56.197940
2025-08-31 14:54:56 - core.data_processor.TenderDataProcessor - INFO - Today range: 2025-08-31 00:00:00 to 2025-08-31 23:59:59.999999
2025-08-31 14:54:56 - core.data_processor.TenderDataProcessor - INFO - Total records: 9816, Records with valid dates: 9816
2025-08-31 14:54:56 - core.data_processor.TenderDataProcessor - INFO - Combined filter - Status: live, Time range: next_3_days
2025-08-31 14:54:56 - core.data_processor.TenderDataProcessor - INFO - Status filter (live): 367 records
2025-08-31 14:54:56 - core.data_processor.TenderDataProcessor - INFO - Combined filter result: 247 records (status: live, time: next 3 days)
2025-08-31 14:54:56 - ui.search_dashboard_tab.SearchDashboardTab - INFO - Treeview updated with 247 rows.
2025-08-31 14:54:56 - ui.search_dashboard_tab.SearchDashboardTab - INFO - Applied filters: {'CaseInsensitive': True, 'DateFilter': {'type': 'combined', 'status': 'live', 'time_range': 'next_3_days'}}
2025-08-31 14:54:59 - ui.search_dashboard_tab.SearchDashboardTab - INFO - Applying time filter: next_7_days
2025-08-31 14:54:59 - core.data_processor.TenderDataProcessor - INFO - Filtering by date - Type: combined, Column: Closing Date
2025-08-31 14:54:59 - core.data_processor.TenderDataProcessor - INFO - Current time: 2025-08-31 14:54:59.457057
2025-08-31 14:54:59 - core.data_processor.TenderDataProcessor - INFO - Today range: 2025-08-31 00:00:00 to 2025-08-31 23:59:59.999999
2025-08-31 14:54:59 - core.data_processor.TenderDataProcessor - INFO - Total records: 9816, Records with valid dates: 9816
2025-08-31 14:54:59 - core.data_processor.TenderDataProcessor - INFO - Combined filter - Status: live, Time range: next_7_days
2025-08-31 14:54:59 - core.data_processor.TenderDataProcessor - INFO - Status filter (live): 367 records
2025-08-31 14:54:59 - core.data_processor.TenderDataProcessor - INFO - Combined filter result: 317 records (status: live, time: next 7 days)
2025-08-31 14:54:59 - ui.search_dashboard_tab.SearchDashboardTab - INFO - Treeview updated with 317 rows.
2025-08-31 14:54:59 - ui.search_dashboard_tab.SearchDashboardTab - INFO - Applied filters: {'CaseInsensitive': True, 'DateFilter': {'type': 'combined', 'status': 'live', 'time_range': 'next_7_days'}}
2025-08-31 14:55:01 - ui.search_dashboard_tab.SearchDashboardTab - INFO - Applying time filter: next_30_days
2025-08-31 14:55:01 - core.data_processor.TenderDataProcessor - INFO - Filtering by date - Type: combined, Column: Closing Date
2025-08-31 14:55:01 - core.data_processor.TenderDataProcessor - INFO - Current time: 2025-08-31 14:55:01.734497
2025-08-31 14:55:01 - core.data_processor.TenderDataProcessor - INFO - Today range: 2025-08-31 00:00:00 to 2025-08-31 23:59:59.999999
2025-08-31 14:55:01 - core.data_processor.TenderDataProcessor - INFO - Total records: 9816, Records with valid dates: 9816
2025-08-31 14:55:01 - core.data_processor.TenderDataProcessor - INFO - Combined filter - Status: live, Time range: next_30_days
2025-08-31 14:55:01 - core.data_processor.TenderDataProcessor - INFO - Status filter (live): 367 records
2025-08-31 14:55:01 - core.data_processor.TenderDataProcessor - INFO - Combined filter result: 367 records (status: live, time: next 30 days)
2025-08-31 14:55:01 - ui.search_dashboard_tab.SearchDashboardTab - INFO - Treeview updated with 367 rows.
2025-08-31 14:55:01 - ui.search_dashboard_tab.SearchDashboardTab - INFO - Applied filters: {'CaseInsensitive': True, 'DateFilter': {'type': 'combined', 'status': 'live', 'time_range': 'next_30_days'}}
2025-08-31 15:01:14 - ui.search_dashboard_tab.SearchDashboardTab - INFO - Applying time filter: today
2025-08-31 15:01:14 - core.data_processor.TenderDataProcessor - INFO - Filtering by date - Type: combined, Column: Closing Date
2025-08-31 15:01:14 - core.data_processor.TenderDataProcessor - INFO - Current time: 2025-08-31 15:01:14.012455
2025-08-31 15:01:14 - core.data_processor.TenderDataProcessor - INFO - Today range: 2025-08-31 00:00:00 to 2025-08-31 23:59:59.999999
2025-08-31 15:01:14 - core.data_processor.TenderDataProcessor - INFO - Total records: 9816, Records with valid dates: 9816
2025-08-31 15:01:14 - core.data_processor.TenderDataProcessor - INFO - Combined filter - Status: live, Time range: today
2025-08-31 15:01:14 - core.data_processor.TenderDataProcessor - INFO - Status filter (live): 367 records
2025-08-31 15:01:14 - core.data_processor.TenderDataProcessor - INFO - Combined filter result: 2 records (status: live, time: today)
2025-08-31 15:01:14 - ui.search_dashboard_tab.SearchDashboardTab - INFO - Treeview updated with 2 rows.
2025-08-31 15:01:14 - ui.search_dashboard_tab.SearchDashboardTab - INFO - Applied filters: {'CaseInsensitive': True, 'DateFilter': {'type': 'combined', 'status': 'live', 'time_range': 'today'}}
2025-08-31 15:01:49 - ui.search_dashboard_tab.SearchDashboardTab - INFO - Applying time filter: next_7_days
2025-08-31 15:01:49 - core.data_processor.TenderDataProcessor - INFO - Filtering by date - Type: combined, Column: Closing Date
2025-08-31 15:01:49 - core.data_processor.TenderDataProcessor - INFO - Current time: 2025-08-31 15:01:49.649893
2025-08-31 15:01:49 - core.data_processor.TenderDataProcessor - INFO - Today range: 2025-08-31 00:00:00 to 2025-08-31 23:59:59.999999
2025-08-31 15:01:49 - core.data_processor.TenderDataProcessor - INFO - Total records: 9816, Records with valid dates: 9816
2025-08-31 15:01:49 - core.data_processor.TenderDataProcessor - INFO - Combined filter - Status: live, Time range: next_7_days
2025-08-31 15:01:49 - core.data_processor.TenderDataProcessor - INFO - Status filter (live): 367 records
2025-08-31 15:01:49 - core.data_processor.TenderDataProcessor - INFO - Combined filter result: 317 records (status: live, time: next 7 days)
2025-08-31 15:01:49 - ui.search_dashboard_tab.SearchDashboardTab - INFO - Treeview updated with 317 rows.
2025-08-31 15:01:49 - ui.search_dashboard_tab.SearchDashboardTab - INFO - Applied filters: {'CaseInsensitive': True, 'DateFilter': {'type': 'combined', 'status': 'live', 'time_range': 'next_7_days'}}
2025-08-31 15:01:55 - ui.search_dashboard_tab.SearchDashboardTab - INFO - Applying time filter: next_30_days
2025-08-31 15:01:55 - core.data_processor.TenderDataProcessor - INFO - Filtering by date - Type: combined, Column: Closing Date
2025-08-31 15:01:55 - core.data_processor.TenderDataProcessor - INFO - Current time: 2025-08-31 15:01:55.205486
2025-08-31 15:01:55 - core.data_processor.TenderDataProcessor - INFO - Today range: 2025-08-31 00:00:00 to 2025-08-31 23:59:59.999999
2025-08-31 15:01:55 - core.data_processor.TenderDataProcessor - INFO - Total records: 9816, Records with valid dates: 9816
2025-08-31 15:01:55 - core.data_processor.TenderDataProcessor - INFO - Combined filter - Status: live, Time range: next_30_days
2025-08-31 15:01:55 - core.data_processor.TenderDataProcessor - INFO - Status filter (live): 367 records
2025-08-31 15:01:55 - core.data_processor.TenderDataProcessor - INFO - Combined filter result: 367 records (status: live, time: next 30 days)
2025-08-31 15:01:55 - ui.search_dashboard_tab.SearchDashboardTab - INFO - Treeview updated with 367 rows.
2025-08-31 15:01:55 - ui.search_dashboard_tab.SearchDashboardTab - INFO - Applied filters: {'CaseInsensitive': True, 'DateFilter': {'type': 'combined', 'status': 'live', 'time_range': 'next_30_days'}}
2025-08-31 15:01:56 - ui.search_dashboard_tab.SearchDashboardTab - INFO - Applying time filter: next_7_days
2025-08-31 15:01:56 - core.data_processor.TenderDataProcessor - INFO - Filtering by date - Type: combined, Column: Closing Date
2025-08-31 15:01:56 - core.data_processor.TenderDataProcessor - INFO - Current time: 2025-08-31 15:01:56.900299
2025-08-31 15:01:56 - core.data_processor.TenderDataProcessor - INFO - Today range: 2025-08-31 00:00:00 to 2025-08-31 23:59:59.999999
2025-08-31 15:01:56 - core.data_processor.TenderDataProcessor - INFO - Total records: 9816, Records with valid dates: 9816
2025-08-31 15:01:56 - core.data_processor.TenderDataProcessor - INFO - Combined filter - Status: live, Time range: next_7_days
2025-08-31 15:01:56 - core.data_processor.TenderDataProcessor - INFO - Status filter (live): 367 records
2025-08-31 15:01:56 - core.data_processor.TenderDataProcessor - INFO - Combined filter result: 317 records (status: live, time: next 7 days)
2025-08-31 15:01:56 - ui.search_dashboard_tab.SearchDashboardTab - INFO - Treeview updated with 317 rows.
2025-08-31 15:01:56 - ui.search_dashboard_tab.SearchDashboardTab - INFO - Applied filters: {'CaseInsensitive': True, 'DateFilter': {'type': 'combined', 'status': 'live', 'time_range': 'next_7_days'}}
2025-08-31 15:01:57 - ui.search_dashboard_tab.SearchDashboardTab - INFO - Applying time filter: next_3_days
2025-08-31 15:01:57 - core.data_processor.TenderDataProcessor - INFO - Filtering by date - Type: combined, Column: Closing Date
2025-08-31 15:01:57 - core.data_processor.TenderDataProcessor - INFO - Current time: 2025-08-31 15:01:57.669392
2025-08-31 15:01:57 - core.data_processor.TenderDataProcessor - INFO - Today range: 2025-08-31 00:00:00 to 2025-08-31 23:59:59.999999
2025-08-31 15:01:57 - core.data_processor.TenderDataProcessor - INFO - Total records: 9816, Records with valid dates: 9816
2025-08-31 15:01:57 - core.data_processor.TenderDataProcessor - INFO - Combined filter - Status: live, Time range: next_3_days
2025-08-31 15:01:57 - core.data_processor.TenderDataProcessor - INFO - Status filter (live): 367 records
2025-08-31 15:01:57 - core.data_processor.TenderDataProcessor - INFO - Combined filter result: 247 records (status: live, time: next 3 days)
2025-08-31 15:01:57 - ui.search_dashboard_tab.SearchDashboardTab - INFO - Treeview updated with 247 rows.
2025-08-31 15:01:57 - ui.search_dashboard_tab.SearchDashboardTab - INFO - Applied filters: {'CaseInsensitive': True, 'DateFilter': {'type': 'combined', 'status': 'live', 'time_range': 'next_3_days'}}
2025-08-31 15:01:58 - ui.search_dashboard_tab.SearchDashboardTab - INFO - Applying time filter: today
2025-08-31 15:01:58 - core.data_processor.TenderDataProcessor - INFO - Filtering by date - Type: combined, Column: Closing Date
2025-08-31 15:01:58 - core.data_processor.TenderDataProcessor - INFO - Current time: 2025-08-31 15:01:58.202724
2025-08-31 15:01:58 - core.data_processor.TenderDataProcessor - INFO - Today range: 2025-08-31 00:00:00 to 2025-08-31 23:59:59.999999
2025-08-31 15:01:58 - core.data_processor.TenderDataProcessor - INFO - Total records: 9816, Records with valid dates: 9816
2025-08-31 15:01:58 - core.data_processor.TenderDataProcessor - INFO - Combined filter - Status: live, Time range: today
2025-08-31 15:01:58 - core.data_processor.TenderDataProcessor - INFO - Status filter (live): 367 records
2025-08-31 15:01:58 - core.data_processor.TenderDataProcessor - INFO - Combined filter result: 2 records (status: live, time: today)
2025-08-31 15:01:58 - ui.search_dashboard_tab.SearchDashboardTab - INFO - Treeview updated with 2 rows.
2025-08-31 15:01:58 - ui.search_dashboard_tab.SearchDashboardTab - INFO - Applied filters: {'CaseInsensitive': True, 'DateFilter': {'type': 'combined', 'status': 'live', 'time_range': 'today'}}
2025-08-31 15:02:01 - ui.search_dashboard_tab.SearchDashboardTab - INFO - Applying time filter: next_3_days
2025-08-31 15:02:01 - core.data_processor.TenderDataProcessor - INFO - Filtering by date - Type: combined, Column: Closing Date
2025-08-31 15:02:01 - core.data_processor.TenderDataProcessor - INFO - Current time: 2025-08-31 15:02:01.806190
2025-08-31 15:02:01 - core.data_processor.TenderDataProcessor - INFO - Today range: 2025-08-31 00:00:00 to 2025-08-31 23:59:59.999999
2025-08-31 15:02:01 - core.data_processor.TenderDataProcessor - INFO - Total records: 9816, Records with valid dates: 9816
2025-08-31 15:02:01 - core.data_processor.TenderDataProcessor - INFO - Combined filter - Status: live, Time range: next_3_days
2025-08-31 15:02:01 - core.data_processor.TenderDataProcessor - INFO - Status filter (live): 367 records
2025-08-31 15:02:01 - core.data_processor.TenderDataProcessor - INFO - Combined filter result: 247 records (status: live, time: next 3 days)
2025-08-31 15:02:01 - ui.search_dashboard_tab.SearchDashboardTab - INFO - Treeview updated with 247 rows.
2025-08-31 15:02:01 - ui.search_dashboard_tab.SearchDashboardTab - INFO - Applied filters: {'CaseInsensitive': True, 'DateFilter': {'type': 'combined', 'status': 'live', 'time_range': 'next_3_days'}}
2025-08-31 15:02:02 - ui.search_dashboard_tab.SearchDashboardTab - INFO - Applying time filter: next_7_days
2025-08-31 15:02:02 - core.data_processor.TenderDataProcessor - INFO - Filtering by date - Type: combined, Column: Closing Date
2025-08-31 15:02:02 - core.data_processor.TenderDataProcessor - INFO - Current time: 2025-08-31 15:02:02.488191
2025-08-31 15:02:02 - core.data_processor.TenderDataProcessor - INFO - Today range: 2025-08-31 00:00:00 to 2025-08-31 23:59:59.999999
2025-08-31 15:02:02 - core.data_processor.TenderDataProcessor - INFO - Total records: 9816, Records with valid dates: 9816
2025-08-31 15:02:02 - core.data_processor.TenderDataProcessor - INFO - Combined filter - Status: live, Time range: next_7_days
2025-08-31 15:02:02 - core.data_processor.TenderDataProcessor - INFO - Status filter (live): 367 records
2025-08-31 15:02:02 - core.data_processor.TenderDataProcessor - INFO - Combined filter result: 317 records (status: live, time: next 7 days)
2025-08-31 15:02:02 - ui.search_dashboard_tab.SearchDashboardTab - INFO - Treeview updated with 317 rows.
2025-08-31 15:02:02 - ui.search_dashboard_tab.SearchDashboardTab - INFO - Applied filters: {'CaseInsensitive': True, 'DateFilter': {'type': 'combined', 'status': 'live', 'time_range': 'next_7_days'}}
2025-08-31 15:02:03 - ui.search_dashboard_tab.SearchDashboardTab - INFO - Applying time filter: next_30_days
2025-08-31 15:02:03 - core.data_processor.TenderDataProcessor - INFO - Filtering by date - Type: combined, Column: Closing Date
2025-08-31 15:02:03 - core.data_processor.TenderDataProcessor - INFO - Current time: 2025-08-31 15:02:03.262444
2025-08-31 15:02:03 - core.data_processor.TenderDataProcessor - INFO - Today range: 2025-08-31 00:00:00 to 2025-08-31 23:59:59.999999
2025-08-31 15:02:03 - core.data_processor.TenderDataProcessor - INFO - Total records: 9816, Records with valid dates: 9816
2025-08-31 15:02:03 - core.data_processor.TenderDataProcessor - INFO - Combined filter - Status: live, Time range: next_30_days
2025-08-31 15:02:03 - core.data_processor.TenderDataProcessor - INFO - Status filter (live): 367 records
2025-08-31 15:02:03 - core.data_processor.TenderDataProcessor - INFO - Combined filter result: 367 records (status: live, time: next 30 days)
2025-08-31 15:02:03 - ui.search_dashboard_tab.SearchDashboardTab - INFO - Treeview updated with 367 rows.
2025-08-31 15:02:03 - ui.search_dashboard_tab.SearchDashboardTab - INFO - Applied filters: {'CaseInsensitive': True, 'DateFilter': {'type': 'combined', 'status': 'live', 'time_range': 'next_30_days'}}
2025-08-31 15:02:04 - ui.search_dashboard_tab.SearchDashboardTab - INFO - Applying time filter: next_7_days
2025-08-31 15:02:04 - core.data_processor.TenderDataProcessor - INFO - Filtering by date - Type: combined, Column: Closing Date
2025-08-31 15:02:04 - core.data_processor.TenderDataProcessor - INFO - Current time: 2025-08-31 15:02:04.768095
2025-08-31 15:02:04 - core.data_processor.TenderDataProcessor - INFO - Today range: 2025-08-31 00:00:00 to 2025-08-31 23:59:59.999999
2025-08-31 15:02:04 - core.data_processor.TenderDataProcessor - INFO - Total records: 9816, Records with valid dates: 9816
2025-08-31 15:02:04 - core.data_processor.TenderDataProcessor - INFO - Combined filter - Status: live, Time range: next_7_days
2025-08-31 15:02:04 - core.data_processor.TenderDataProcessor - INFO - Status filter (live): 367 records
2025-08-31 15:02:04 - core.data_processor.TenderDataProcessor - INFO - Combined filter result: 317 records (status: live, time: next 7 days)
2025-08-31 15:02:04 - ui.search_dashboard_tab.SearchDashboardTab - INFO - Treeview updated with 317 rows.
2025-08-31 15:02:04 - ui.search_dashboard_tab.SearchDashboardTab - INFO - Applied filters: {'CaseInsensitive': True, 'DateFilter': {'type': 'combined', 'status': 'live', 'time_range': 'next_7_days'}}
2025-08-31 15:02:05 - ui.search_dashboard_tab.SearchDashboardTab - INFO - Applying time filter: next_3_days
2025-08-31 15:02:05 - core.data_processor.TenderDataProcessor - INFO - Filtering by date - Type: combined, Column: Closing Date
2025-08-31 15:02:05 - core.data_processor.TenderDataProcessor - INFO - Current time: 2025-08-31 15:02:05.222446
2025-08-31 15:02:05 - core.data_processor.TenderDataProcessor - INFO - Today range: 2025-08-31 00:00:00 to 2025-08-31 23:59:59.999999
2025-08-31 15:02:05 - core.data_processor.TenderDataProcessor - INFO - Total records: 9816, Records with valid dates: 9816
2025-08-31 15:02:05 - core.data_processor.TenderDataProcessor - INFO - Combined filter - Status: live, Time range: next_3_days
2025-08-31 15:02:05 - core.data_processor.TenderDataProcessor - INFO - Status filter (live): 367 records
2025-08-31 15:02:05 - core.data_processor.TenderDataProcessor - INFO - Combined filter result: 247 records (status: live, time: next 3 days)
2025-08-31 15:02:05 - ui.search_dashboard_tab.SearchDashboardTab - INFO - Treeview updated with 247 rows.
2025-08-31 15:02:05 - ui.search_dashboard_tab.SearchDashboardTab - INFO - Applied filters: {'CaseInsensitive': True, 'DateFilter': {'type': 'combined', 'status': 'live', 'time_range': 'next_3_days'}}
2025-08-31 15:02:05 - ui.search_dashboard_tab.SearchDashboardTab - INFO - Applying time filter: today
2025-08-31 15:02:05 - core.data_processor.TenderDataProcessor - INFO - Filtering by date - Type: combined, Column: Closing Date
2025-08-31 15:02:05 - core.data_processor.TenderDataProcessor - INFO - Current time: 2025-08-31 15:02:05.700224
2025-08-31 15:02:05 - core.data_processor.TenderDataProcessor - INFO - Today range: 2025-08-31 00:00:00 to 2025-08-31 23:59:59.999999
2025-08-31 15:02:05 - core.data_processor.TenderDataProcessor - INFO - Total records: 9816, Records with valid dates: 9816
2025-08-31 15:02:05 - core.data_processor.TenderDataProcessor - INFO - Combined filter - Status: live, Time range: today
2025-08-31 15:02:05 - core.data_processor.TenderDataProcessor - INFO - Status filter (live): 367 records
2025-08-31 15:02:05 - core.data_processor.TenderDataProcessor - INFO - Combined filter result: 2 records (status: live, time: today)
2025-08-31 15:02:05 - ui.search_dashboard_tab.SearchDashboardTab - INFO - Treeview updated with 2 rows.
2025-08-31 15:02:05 - ui.search_dashboard_tab.SearchDashboardTab - INFO - Applied filters: {'CaseInsensitive': True, 'DateFilter': {'type': 'combined', 'status': 'live', 'time_range': 'today'}}
2025-08-31 15:02:07 - ui.search_dashboard_tab.SearchDashboardTab - INFO - Applying time filter: next_3_days
2025-08-31 15:02:07 - core.data_processor.TenderDataProcessor - INFO - Filtering by date - Type: combined, Column: Closing Date
2025-08-31 15:02:07 - core.data_processor.TenderDataProcessor - INFO - Current time: 2025-08-31 15:02:07.593183
2025-08-31 15:02:07 - core.data_processor.TenderDataProcessor - INFO - Today range: 2025-08-31 00:00:00 to 2025-08-31 23:59:59.999999
2025-08-31 15:02:07 - core.data_processor.TenderDataProcessor - INFO - Total records: 9816, Records with valid dates: 9816
2025-08-31 15:02:07 - core.data_processor.TenderDataProcessor - INFO - Combined filter - Status: live, Time range: next_3_days
2025-08-31 15:02:07 - core.data_processor.TenderDataProcessor - INFO - Status filter (live): 367 records
2025-08-31 15:02:07 - core.data_processor.TenderDataProcessor - INFO - Combined filter result: 247 records (status: live, time: next 3 days)
2025-08-31 15:02:07 - ui.search_dashboard_tab.SearchDashboardTab - INFO - Treeview updated with 247 rows.
2025-08-31 15:02:07 - ui.search_dashboard_tab.SearchDashboardTab - INFO - Applied filters: {'CaseInsensitive': True, 'DateFilter': {'type': 'combined', 'status': 'live', 'time_range': 'next_3_days'}}
2025-08-31 15:02:08 - ui.search_dashboard_tab.SearchDashboardTab - INFO - Applying time filter: next_7_days
2025-08-31 15:02:08 - core.data_processor.TenderDataProcessor - INFO - Filtering by date - Type: combined, Column: Closing Date
2025-08-31 15:02:08 - core.data_processor.TenderDataProcessor - INFO - Current time: 2025-08-31 15:02:08.536146
2025-08-31 15:02:08 - core.data_processor.TenderDataProcessor - INFO - Today range: 2025-08-31 00:00:00 to 2025-08-31 23:59:59.999999
2025-08-31 15:02:08 - core.data_processor.TenderDataProcessor - INFO - Total records: 9816, Records with valid dates: 9816
2025-08-31 15:02:08 - core.data_processor.TenderDataProcessor - INFO - Combined filter - Status: live, Time range: next_7_days
2025-08-31 15:02:08 - core.data_processor.TenderDataProcessor - INFO - Status filter (live): 367 records
2025-08-31 15:02:08 - core.data_processor.TenderDataProcessor - INFO - Combined filter result: 317 records (status: live, time: next 7 days)
2025-08-31 15:02:08 - ui.search_dashboard_tab.SearchDashboardTab - INFO - Treeview updated with 317 rows.
2025-08-31 15:02:08 - ui.search_dashboard_tab.SearchDashboardTab - INFO - Applied filters: {'CaseInsensitive': True, 'DateFilter': {'type': 'combined', 'status': 'live', 'time_range': 'next_7_days'}}
2025-08-31 15:02:09 - ui.search_dashboard_tab.SearchDashboardTab - INFO - Applying time filter: next_30_days
2025-08-31 15:02:09 - core.data_processor.TenderDataProcessor - INFO - Filtering by date - Type: combined, Column: Closing Date
2025-08-31 15:02:09 - core.data_processor.TenderDataProcessor - INFO - Current time: 2025-08-31 15:02:09.049385
2025-08-31 15:02:09 - core.data_processor.TenderDataProcessor - INFO - Today range: 2025-08-31 00:00:00 to 2025-08-31 23:59:59.999999
2025-08-31 15:02:09 - core.data_processor.TenderDataProcessor - INFO - Total records: 9816, Records with valid dates: 9816
2025-08-31 15:02:09 - core.data_processor.TenderDataProcessor - INFO - Combined filter - Status: live, Time range: next_30_days
2025-08-31 15:02:09 - core.data_processor.TenderDataProcessor - INFO - Status filter (live): 367 records
2025-08-31 15:02:09 - core.data_processor.TenderDataProcessor - INFO - Combined filter result: 367 records (status: live, time: next 30 days)
2025-08-31 15:02:09 - ui.search_dashboard_tab.SearchDashboardTab - INFO - Treeview updated with 367 rows.
2025-08-31 15:02:09 - ui.search_dashboard_tab.SearchDashboardTab - INFO - Applied filters: {'CaseInsensitive': True, 'DateFilter': {'type': 'combined', 'status': 'live', 'time_range': 'next_30_days'}}
