2025-09-07 12:21:30 - root - INFO - Logging to file: G:\My Drive\0dev\Search Utility v3\tender_management_v3\logs\app_20250907_122130.log
2025-09-07 12:21:30 - root - INFO - Application starting...
2025-09-07 12:21:31 - ui.main_window.MainApplication - INFO - Initializing MainApplication...
2025-09-07 12:21:31 - core.config_manager - INFO - Configuration loaded from G:\My Drive\0dev\Search Utility v3\tender_management_v3\config\config.json
2025-09-07 12:21:31 - ui.main_window.MainApplication - INFO - Global configuration loaded successfully
2025-09-07 12:21:31 - ui.main_window.MainApplication - INFO - Window geometry set to 1200x800+168+32
2025-09-07 12:21:32 - ui.search_dashboard_tab.SearchDashboardTab - INFO - Applying status filter: live
2025-09-07 12:21:32 - ui.search_dashboard_tab.SearchDashboardTab - INFO - Applying status filter: live
2025-09-07 12:21:32 - ui.calendar_tab.CalendarTab - INFO - CalendarTab initialized
2025-09-07 12:21:32 - ui.calendar_tab.CalendarTab - INFO - Loaded 12 calendar events from G:\My Drive\0dev\Search Utility v3\tender_management_v3\data\calendar_events.json
2025-09-07 12:21:32 - ui.tender_tasks_tab.TenderTasksTab - INFO - TenderTasksTab initialized (placeholder)
2025-09-07 12:21:32 - ui.settings_tab.SettingsTab - INFO - SettingsTab initialized
2025-09-07 12:21:32 - ui.logs_tab.LogsTab - INFO - Log handler attached to root logger
2025-09-07 12:21:32 - ui.main_window.MainApplication - INFO - All tabs initialized successfully
2025-09-07 12:21:32 - ui.main_window - INFO - Main application initialized
2025-09-07 12:21:32 - root - INFO - Main window initialized
2025-09-07 12:23:02 - ui.search_dashboard_tab.SearchDashboardTab - INFO - Applying status filter: live
2025-09-07 12:23:02 - ui.search_dashboard_tab.SearchDashboardTab - INFO - Live tenders filter: 50 records closing after 2025-09-07 12:23:02.940276
2025-09-07 12:23:23 - ui.search_dashboard_tab.SearchDashboardTab - INFO - Live tenders filter: 50 records closing after 2025-09-07 12:23:23.283381
2025-09-07 12:23:23 - ui.search_dashboard_tab.SearchDashboardTab - INFO - Global search applied: 50 records match 'u' with AND logic
2025-09-07 12:23:24 - ui.search_dashboard_tab.SearchDashboardTab - INFO - Live tenders filter: 50 records closing after 2025-09-07 12:23:24.151616
2025-09-07 12:23:24 - ui.search_dashboard_tab.SearchDashboardTab - INFO - Global search applied: 12 records match 'una' with AND logic
2025-09-07 12:23:31 - ui.search_dashboard_tab.SearchDashboardTab - INFO - Live tenders filter: 50 records closing after 2025-09-07 12:23:31.186880
2025-09-07 12:23:31 - ui.search_dashboard_tab.SearchDashboardTab - INFO - Department filter applied: 39 records match 'p' with OR logic
2025-09-07 12:23:31 - ui.search_dashboard_tab.SearchDashboardTab - INFO - Global search applied: 11 records match 'una' with AND logic
2025-09-07 12:23:32 - ui.search_dashboard_tab.SearchDashboardTab - INFO - Live tenders filter: 50 records closing after 2025-09-07 12:23:32.108759
2025-09-07 12:23:32 - ui.search_dashboard_tab.SearchDashboardTab - INFO - Department filter applied: 1 records match 'pwd' with OR logic
2025-09-07 12:23:32 - ui.search_dashboard_tab.SearchDashboardTab - INFO - Global search applied: 0 records match 'una' with AND logic
