2025-09-27 12:02:37 - root - INFO - Logging to file: G:\My Drive\0dev\Search Utility v3\tender_management_v3\logs\app_20250927_120237.log
2025-09-27 12:02:37 - root - INFO - Application starting...
2025-09-27 12:02:37 - ui.main_window.MainApplication - INFO - Initializing MainApplication...
2025-09-27 12:02:38 - core.config_manager - INFO - Configuration loaded from G:\My Drive\0dev\Search Utility v3\tender_management_v3\config\config.json
2025-09-27 12:02:38 - ui.main_window.MainApplication - INFO - Global configuration loaded successfully
2025-09-27 12:02:38 - ui.main_window.MainApplication - INFO - Window geometry set to 1200x800+168+32
2025-09-27 12:02:38 - ui.search_dashboard_tab.SearchDashboardTab - INFO - Applying status filter: live
2025-09-27 12:02:38 - ui.calendar_tab.CalendarTab - INFO - CalendarTab initialized
2025-09-27 12:02:38 - ui.calendar_tab.CalendarTab - INFO - Loaded 12 calendar events from G:\My Drive\0dev\Search Utility v3\tender_management_v3\data\calendar_events.json
2025-09-27 12:02:38 - ui.tender_tasks_tab.TenderTasksTab - INFO - TenderTasksTab initialized (placeholder)
2025-09-27 12:02:39 - ui.settings_tab.SettingsTab - INFO - SettingsTab initialized
2025-09-27 12:02:39 - ui.logs_tab.LogsTab - INFO - Log handler attached to root logger
2025-09-27 12:02:39 - ui.main_window.MainApplication - INFO - All tabs initialized successfully
2025-09-27 12:02:39 - ui.main_window - INFO - Main application initialized
2025-09-27 12:02:39 - root - INFO - Main window initialized
2025-09-27 12:03:10 - ui.search_dashboard_tab.SearchDashboardTab - INFO - Detected URL columns: ['Direct URL', 'Status URL']
2025-09-27 12:03:10 - ui.search_dashboard_tab.SearchDashboardTab - INFO - Applying status filter: live
2025-09-27 12:03:10 - ui.search_dashboard_tab.SearchDashboardTab - INFO - Live tenders filter: 1413 records closing after 2025-09-27 12:03:10.489831
2025-09-27 12:03:10 - ui.search_dashboard_tab.SearchDashboardTab - INFO - Detected URL columns: ['Direct URL', 'Status URL']
2025-09-27 12:03:30 - matplotlib.category - INFO - Using categorical units to plot a list of strings that are all parsable as floats or dates. If these strings should be plotted as numbers, cast to the appropriate data type before plotting.
2025-09-27 12:03:30 - matplotlib.category - INFO - Using categorical units to plot a list of strings that are all parsable as floats or dates. If these strings should be plotted as numbers, cast to the appropriate data type before plotting.
