2025-09-25 18:53:09 - root - INFO - Logging to file: G:\My Drive\0dev\Search Utility v3\tender_management_v3\logs\app_20250925_185309.log
2025-09-25 18:53:09 - root - INFO - Application starting...
2025-09-25 18:53:09 - ui.main_window.MainApplication - INFO - Initializing MainApplication...
2025-09-25 18:53:09 - core.config_manager - INFO - Configuration loaded from G:\My Drive\0dev\Search Utility v3\tender_management_v3\config\config.json
2025-09-25 18:53:09 - ui.main_window.MainApplication - INFO - Global configuration loaded successfully
2025-09-25 18:53:09 - ui.main_window.MainApplication - INFO - Window geometry set to 1200x800+168+32
2025-09-25 18:53:09 - ui.search_dashboard_tab.SearchDashboardTab - INFO - Applying status filter: live
2025-09-25 18:53:10 - ui.calendar_tab.CalendarTab - INFO - CalendarTab initialized
2025-09-25 18:53:10 - ui.calendar_tab.CalendarTab - INFO - Loaded 12 calendar events from G:\My Drive\0dev\Search Utility v3\tender_management_v3\data\calendar_events.json
2025-09-25 18:53:10 - ui.tender_tasks_tab.TenderTasksTab - INFO - TenderTasksTab initialized (placeholder)
2025-09-25 18:53:10 - ui.settings_tab.SettingsTab - INFO - SettingsTab initialized
2025-09-25 18:53:10 - ui.logs_tab.LogsTab - INFO - Log handler attached to root logger
2025-09-25 18:53:10 - ui.main_window.MainApplication - INFO - All tabs initialized successfully
2025-09-25 18:53:10 - ui.main_window - INFO - Main application initialized
2025-09-25 18:53:10 - root - INFO - Main window initialized
2025-09-25 18:54:39 - ui.portal_merger_tab.PortalDataMergerTab - INFO - Added new files for merging: ('H:/My Drive/CRM T84/0 Live App/Search Utility/data/input_excel_files/hptenders_gov_in_tenders_20250925_123813.xlsx',)
2025-09-25 18:54:41 - ui.portal_merger_tab.PortalDataMergerTab - INFO - Starting batch merge process via UI. Output Folder='H:/My Drive/CRM T84/0 Live App/Search data/merged_data'
2025-09-25 18:54:41 - ui.portal_merger_tab.PortalDataMergerTab - INFO - Processing portal hptenders with 1 files
2025-09-25 18:54:41 - ui.portal_merger_tab.PortalDataMergerTab - INFO - Sorted 1 files for portal 'hptenders', oldest first.
2025-09-25 18:54:41 - ui.portal_merger_tab.PortalDataMergerTab - INFO - Portal hptenders: Processing files in this order:
  1. hptenders_gov_in_tenders_20250925_123813.xlsx

2025-09-25 18:54:42 - core.file_merger - INFO - Backup of 'hptenders_consolidated_master.xlsx' created at 'H:/My Drive/CRM T84/0 Live App/Search data/merged_data\portal_backups\hptenders\hptenders_consolidated_master_backup_20250925_185441.zip'
2025-09-25 18:54:43 - core.file_merger - INFO - Starting with 13810 existing records from master file.
2025-09-25 18:54:44 - core.file_merger - INFO - Loaded 1465 records from hptenders_gov_in_tenders_20250925_123813.xlsx
2025-09-25 18:54:44 - core.file_merger - INFO - Columns in combined data: ['Department Name', 'S.No', 'e-Published Date', 'Closing Date', 'Opening Date', 'Organisation Chain', 'Title and Ref.No./Tender ID', 'Tender ID (Extracted)', 'Direct URL', 'Status URL']
2025-09-25 18:54:44 - core.file_merger - INFO - Preferred unique keys: ['Tender ID (Extracted)', 'Title and Ref.No./Tender ID', 'Tender ID']
2025-09-25 18:54:44 - core.file_merger - INFO - Selected unique key: Tender ID (Extracted)
2025-09-25 18:54:44 - core.file_merger - INFO - Merge for portal 'hptenders': 15275 total input records -> 14002 unique records (removed 1273 duplicates)
2025-09-25 18:54:45 - core.file_merger - INFO - Successfully merged 1 files for portal 'hptenders'.
Summary: 14002 total records in merged file
• 192 new records added
• 13810 existing records updated with newer data
• 1273 duplicate records resolved
Output file: hptenders_consolidated_master.xlsx
2025-09-25 18:54:58 - ui.portal_merger_tab.PortalDataMergerTab - INFO - Batch merge process completed. Success: 1, Fail: 0
2025-09-25 18:55:02 - ui.search_dashboard_tab.SearchDashboardTab - INFO - Detected URL columns: ['Direct URL', 'Status URL']
2025-09-25 18:55:02 - ui.search_dashboard_tab.SearchDashboardTab - INFO - Applying status filter: live
2025-09-25 18:55:02 - ui.search_dashboard_tab.SearchDashboardTab - INFO - Live tenders filter: 1387 records closing after 2025-09-25 18:55:02.434764
2025-09-25 18:55:02 - ui.search_dashboard_tab.SearchDashboardTab - INFO - Detected URL columns: ['Direct URL', 'Status URL']
2025-09-25 18:55:02 - ui.search_dashboard_tab.SearchDashboardTab - INFO - Loaded merged file for analysis: H:/My Drive/CRM T84/0 Live App/Search data/merged_data\hptenders_consolidated_master.xlsx (14002 records)
2025-09-25 18:55:02 - ui.portal_merger_tab.PortalDataMergerTab - INFO - Automatically loading merged file 'H:/My Drive/CRM T84/0 Live App/Search data/merged_data\hptenders_consolidated_master.xlsx' into Search Tab.
2025-09-25 18:55:02 - ui.portal_merger_tab.PortalDataMergerTab - INFO - Cleared all files from merge list.
2025-09-25 18:55:40 - ui.search_dashboard_tab.SearchDashboardTab - INFO - Applying time filter: today
2025-09-25 18:55:40 - ui.search_dashboard_tab.SearchDashboardTab - INFO - Live tenders filter: 1387 records closing after 2025-09-25 18:55:40.110785
2025-09-25 18:55:40 - ui.search_dashboard_tab.SearchDashboardTab - INFO - Time range filter (today) with status (live): 0 records
2025-09-25 18:55:43 - ui.search_dashboard_tab.SearchDashboardTab - INFO - Applying time filter: next_3_days
2025-09-25 18:55:43 - ui.search_dashboard_tab.SearchDashboardTab - INFO - Live tenders filter: 1387 records closing after 2025-09-25 18:55:43.526900
2025-09-25 18:55:43 - ui.search_dashboard_tab.SearchDashboardTab - INFO - Time range filter (next_3_days) with status (live): 406 records
2025-09-25 18:55:43 - ui.search_dashboard_tab.SearchDashboardTab - INFO - Detected URL columns: ['Direct URL', 'Status URL']
2025-09-25 18:55:48 - ui.search_dashboard_tab.SearchDashboardTab - INFO - Detected URL columns: ['Direct URL', 'Status URL']
2025-09-25 18:55:48 - ui.search_dashboard_tab.SearchDashboardTab - INFO - Sorted by column 'Closing Date' (ascending)
2025-09-25 18:55:49 - ui.search_dashboard_tab.SearchDashboardTab - INFO - Detected URL columns: ['Direct URL', 'Status URL']
2025-09-25 18:55:49 - ui.search_dashboard_tab.SearchDashboardTab - INFO - Sorted by column 'Closing Date' (descending)
2025-09-25 18:55:50 - ui.search_dashboard_tab.SearchDashboardTab - INFO - Detected URL columns: ['Direct URL', 'Status URL']
2025-09-25 18:55:51 - ui.search_dashboard_tab.SearchDashboardTab - INFO - Sorted by column 'Closing Date' (ascending)
2025-09-25 18:55:56 - ui.search_dashboard_tab.SearchDashboardTab - INFO - Applying time filter: next_7_days
2025-09-25 18:55:56 - ui.search_dashboard_tab.SearchDashboardTab - INFO - Live tenders filter: 1387 records closing after 2025-09-25 18:55:56.914307
2025-09-25 18:55:56 - ui.search_dashboard_tab.SearchDashboardTab - INFO - Time range filter (next_7_days) with status (live): 1080 records
2025-09-25 18:55:56 - ui.search_dashboard_tab.SearchDashboardTab - INFO - Detected URL columns: ['Direct URL', 'Status URL']
2025-09-25 18:55:59 - ui.search_dashboard_tab.SearchDashboardTab - INFO - Detected URL columns: ['Direct URL', 'Status URL']
2025-09-25 18:55:59 - ui.search_dashboard_tab.SearchDashboardTab - INFO - Sorted by column 'Closing Date' (descending)
2025-09-25 18:56:00 - ui.search_dashboard_tab.SearchDashboardTab - INFO - Detected URL columns: ['Direct URL', 'Status URL']
2025-09-25 18:56:00 - ui.search_dashboard_tab.SearchDashboardTab - INFO - Sorted by column 'Closing Date' (ascending)
2025-09-25 18:56:13 - ui.search_dashboard_tab.SearchDashboardTab - INFO - Live tenders filter: 1387 records closing after 2025-09-25 18:56:13.296287
2025-09-25 18:56:13 - ui.search_dashboard_tab.SearchDashboardTab - INFO - Department filter applied: 127 records match 'si' with OR logic
2025-09-25 18:56:13 - ui.search_dashboard_tab.SearchDashboardTab - INFO - Time range filter (next_7_days) with status (live): 85 records
2025-09-25 18:56:13 - ui.search_dashboard_tab.SearchDashboardTab - INFO - Detected URL columns: ['Direct URL', 'Status URL']
2025-09-25 18:56:13 - ui.search_dashboard_tab.SearchDashboardTab - INFO - Live tenders filter: 1387 records closing after 2025-09-25 18:56:13.695882
2025-09-25 18:56:13 - ui.search_dashboard_tab.SearchDashboardTab - INFO - Department filter applied: 19 records match 'sidc' with OR logic
2025-09-25 18:56:13 - ui.search_dashboard_tab.SearchDashboardTab - INFO - Time range filter (next_7_days) with status (live): 14 records
2025-09-25 18:56:13 - ui.search_dashboard_tab.SearchDashboardTab - INFO - Detected URL columns: ['Direct URL', 'Status URL']
2025-09-25 18:56:14 - ui.search_dashboard_tab.SearchDashboardTab - INFO - Live tenders filter: 1387 records closing after 2025-09-25 18:56:14.012429
2025-09-25 18:56:14 - ui.search_dashboard_tab.SearchDashboardTab - INFO - Department filter applied: 19 records match 'sidc' with OR logic
2025-09-25 18:56:14 - ui.search_dashboard_tab.SearchDashboardTab - INFO - Time range filter (next_7_days) with status (live): 14 records
2025-09-25 18:56:14 - ui.search_dashboard_tab.SearchDashboardTab - INFO - Detected URL columns: ['Direct URL', 'Status URL']
2025-09-25 18:56:18 - ui.search_dashboard_tab.SearchDashboardTab - INFO - Live tenders filter: 1387 records closing after 2025-09-25 18:56:18.094435
2025-09-25 18:56:18 - ui.search_dashboard_tab.SearchDashboardTab - INFO - Department filter applied: 19 records match 'sidc' with OR logic
2025-09-25 18:56:18 - ui.search_dashboard_tab.SearchDashboardTab - INFO - Global search applied: 6 records match 'wo' with AND logic
2025-09-25 18:56:18 - ui.search_dashboard_tab.SearchDashboardTab - INFO - Time range filter (next_7_days) with status (live): 5 records
2025-09-25 18:56:18 - ui.search_dashboard_tab.SearchDashboardTab - INFO - Detected URL columns: ['Direct URL', 'Status URL']
2025-09-25 18:56:18 - ui.search_dashboard_tab.SearchDashboardTab - INFO - Live tenders filter: 1387 records closing after 2025-09-25 18:56:18.637105
2025-09-25 18:56:18 - ui.search_dashboard_tab.SearchDashboardTab - INFO - Department filter applied: 19 records match 'sidc' with OR logic
2025-09-25 18:56:18 - ui.search_dashboard_tab.SearchDashboardTab - INFO - Global search applied: 2 records match 'wome' with AND logic
2025-09-25 18:56:18 - ui.search_dashboard_tab.SearchDashboardTab - INFO - Time range filter (next_7_days) with status (live): 2 records
2025-09-25 18:56:18 - ui.search_dashboard_tab.SearchDashboardTab - INFO - Detected URL columns: ['Direct URL', 'Status URL']
2025-09-25 18:56:19 - ui.search_dashboard_tab.SearchDashboardTab - INFO - Live tenders filter: 1387 records closing after 2025-09-25 18:56:19.061647
2025-09-25 18:56:19 - ui.search_dashboard_tab.SearchDashboardTab - INFO - Department filter applied: 19 records match 'sidc' with OR logic
2025-09-25 18:56:19 - ui.search_dashboard_tab.SearchDashboardTab - INFO - Global search applied: 2 records match 'women' with AND logic
2025-09-25 18:56:19 - ui.search_dashboard_tab.SearchDashboardTab - INFO - Time range filter (next_7_days) with status (live): 2 records
2025-09-25 18:56:19 - ui.search_dashboard_tab.SearchDashboardTab - INFO - Detected URL columns: ['Direct URL', 'Status URL']
2025-09-25 19:28:41 - ui.search_dashboard_tab.SearchDashboardTab - ERROR - Error cleaning saved searches: slice(None, None, None)
