2025-09-28 19:27:59 - root - INFO - Logging to file: g:\My Drive\0dev\Search Utility v3\tender_management_v3\logs\app_20250928_192759.log
2025-09-28 19:27:59 - root - INFO - Application starting...
2025-09-28 19:27:59 - ui.main_window.MainApplication - INFO - Initializing MainApplication...
2025-09-28 19:27:59 - core.config_manager - INFO - Configuration loaded from g:\My Drive\0dev\Search Utility v3\tender_management_v3\config\config.json
2025-09-28 19:27:59 - ui.main_window.MainApplication - INFO - Global configuration loaded successfully
2025-09-28 19:27:59 - ui.main_window.MainApplication - INFO - Window geometry set to 1200x800+168+32
2025-09-28 19:27:59 - ui.search_dashboard_tab.SearchDashboardTab - INFO - Applying status filter: live
2025-09-28 19:28:00 - ui.calendar_tab.CalendarTab - INFO - CalendarTab initialized
2025-09-28 19:28:00 - ui.calendar_tab.CalendarTab - INFO - Loaded 12 calendar events from g:\My Drive\0dev\Search Utility v3\tender_management_v3\data\calendar_events.json
2025-09-28 19:28:00 - ui.tender_tasks_tab.TenderTasksTab - INFO - TenderTasksTab initialized (placeholder)
2025-09-28 19:28:00 - ui.settings_tab.SettingsTab - INFO - Default column settings initialized
2025-09-28 19:28:00 - ui.settings_tab.SettingsTab - INFO - Loaded column settings for 18 columns
2025-09-28 19:28:00 - ui.settings_tab.SettingsTab - INFO - SettingsTab initialized
2025-09-28 19:28:00 - ui.logs_tab.LogsTab - INFO - Log handler attached to root logger
2025-09-28 19:28:00 - ui.main_window.MainApplication - INFO - All tabs initialized successfully
2025-09-28 19:28:00 - ui.main_window - INFO - Main application initialized
2025-09-28 19:28:00 - root - INFO - Main window initialized
2025-09-28 19:28:00 - ui.search_dashboard_tab.SearchDashboardTab - INFO - Loading last used data source: export_test_data.xlsx
2025-09-28 19:28:04 - ui.search_dashboard_tab.SearchDashboardTab - INFO - Detected URL columns: []
2025-09-28 19:28:04 - ui.search_dashboard_tab.SearchDashboardTab - INFO - Applied column settings to treeview: 7 columns
2025-09-28 19:28:04 - ui.search_dashboard_tab.SearchDashboardTab - INFO - Applying status filter: live
2025-09-28 19:28:04 - ui.search_dashboard_tab.SearchDashboardTab - INFO - Live tenders filter: 0 records closing after 2025-09-28 19:28:04.751375
2025-09-28 19:28:04 - ui.search_dashboard_tab.SearchDashboardTab - INFO - Loaded merged file for analysis: export_test_data.xlsx (15000 records)
2025-09-28 19:28:04 - ui.search_dashboard_tab.SearchDashboardTab - INFO - Successfully loaded last used data source: export_test_data.xlsx
2025-09-28 19:28:04 - ui.main_window.MainApplication - INFO - Initial data loaded for Search tab
2025-09-28 19:28:37 - ui.settings_tab.SettingsTab - INFO - Settings tab selected and refreshed
2025-09-28 19:30:16 - ui.settings_tab.SettingsTab - INFO - Settings tab selected and refreshed
2025-09-28 19:30:23 - ui.benchmark_window.BenchmarkWindow - INFO - Matplotlib charts initialized successfully
2025-09-28 19:30:23 - ui.benchmark_window.BenchmarkWindow - INFO - Benchmark window initialized
2025-09-28 19:30:23 - ui.settings_tab.SettingsTab - INFO - Benchmark window opened from settings
2025-09-28 19:30:42 - ui.search_dashboard_tab.SearchDashboardTab - INFO - Detected URL columns: ['Direct URL', 'Status URL']
2025-09-28 19:30:42 - ui.search_dashboard_tab.SearchDashboardTab - INFO - Applied column settings to treeview: 11 columns
2025-09-28 19:30:42 - ui.search_dashboard_tab.SearchDashboardTab - INFO - Applying status filter: live
2025-09-28 19:30:42 - ui.search_dashboard_tab.SearchDashboardTab - INFO - Live tenders filter: 1454 records closing after 2025-09-28 19:30:42.210030
2025-09-28 19:30:42 - ui.search_dashboard_tab.SearchDashboardTab - INFO - Detected URL columns: ['Direct URL', 'Status URL']
2025-09-28 19:30:42 - ui.search_dashboard_tab.SearchDashboardTab - INFO - Applied column settings to treeview: 11 columns
2025-09-28 19:30:59 - ui.benchmark_window.BenchmarkWindow - INFO - Real-time monitoring started
2025-09-28 19:32:02 - ui.benchmark_window.BenchmarkWindow - INFO - Benchmark window closed
2025-09-28 19:32:12 - matplotlib.category - INFO - Using categorical units to plot a list of strings that are all parsable as floats or dates. If these strings should be plotted as numbers, cast to the appropriate data type before plotting.
2025-09-28 19:32:12 - matplotlib.category - INFO - Using categorical units to plot a list of strings that are all parsable as floats or dates. If these strings should be plotted as numbers, cast to the appropriate data type before plotting.
2025-09-28 19:32:18 - matplotlib.category - INFO - Using categorical units to plot a list of strings that are all parsable as floats or dates. If these strings should be plotted as numbers, cast to the appropriate data type before plotting.
2025-09-28 19:32:18 - matplotlib.category - INFO - Using categorical units to plot a list of strings that are all parsable as floats or dates. If these strings should be plotted as numbers, cast to the appropriate data type before plotting.
2025-09-28 19:32:23 - matplotlib.category - INFO - Using categorical units to plot a list of strings that are all parsable as floats or dates. If these strings should be plotted as numbers, cast to the appropriate data type before plotting.
2025-09-28 19:32:23 - matplotlib.category - INFO - Using categorical units to plot a list of strings that are all parsable as floats or dates. If these strings should be plotted as numbers, cast to the appropriate data type before plotting.
2025-09-28 19:34:07 - ui.search_dashboard_tab.SearchDashboardTab - INFO - Live tenders filter: 1454 records closing after 2025-09-28 19:34:07.452567
2025-09-28 19:34:07 - ui.search_dashboard_tab.SearchDashboardTab - INFO - Global search applied: 1454 records match 'i' with AND logic
2025-09-28 19:34:07 - ui.search_dashboard_tab.SearchDashboardTab - INFO - Detected URL columns: ['Direct URL', 'Status URL']
2025-09-28 19:34:07 - ui.search_dashboard_tab.SearchDashboardTab - INFO - Applied column settings to treeview: 11 columns
2025-09-28 19:34:08 - ui.search_dashboard_tab.SearchDashboardTab - INFO - Live tenders filter: 1454 records closing after 2025-09-28 19:34:08.735662
2025-09-28 19:34:08 - ui.search_dashboard_tab.SearchDashboardTab - INFO - Detected URL columns: ['Direct URL', 'Status URL']
2025-09-28 19:34:08 - ui.search_dashboard_tab.SearchDashboardTab - INFO - Applied column settings to treeview: 11 columns
2025-09-28 19:34:09 - ui.search_dashboard_tab.SearchDashboardTab - INFO - Live tenders filter: 1454 records closing after 2025-09-28 19:34:09.295542
2025-09-28 19:34:09 - ui.search_dashboard_tab.SearchDashboardTab - INFO - Global search applied: 605 records match 'un' with AND logic
2025-09-28 19:34:09 - ui.search_dashboard_tab.SearchDashboardTab - INFO - Detected URL columns: ['Direct URL', 'Status URL']
2025-09-28 19:34:09 - ui.search_dashboard_tab.SearchDashboardTab - INFO - Applied column settings to treeview: 11 columns
2025-09-28 19:34:09 - ui.search_dashboard_tab.SearchDashboardTab - INFO - Live tenders filter: 1454 records closing after 2025-09-28 19:34:09.784532
2025-09-28 19:34:09 - ui.search_dashboard_tab.SearchDashboardTab - INFO - Global search applied: 64 records match 'una' with AND logic
2025-09-28 19:34:09 - ui.search_dashboard_tab.SearchDashboardTab - INFO - Detected URL columns: ['Direct URL', 'Status URL']
2025-09-28 19:34:09 - ui.search_dashboard_tab.SearchDashboardTab - INFO - Applied column settings to treeview: 11 columns
2025-09-28 19:34:10 - ui.charts_window - INFO - Charts data refreshed from Tree view
2025-09-28 19:34:24 - ui.search_dashboard_tab.SearchDashboardTab - INFO - Live tenders filter: 1454 records closing after 2025-09-28 19:34:24.553127
2025-09-28 19:34:24 - ui.search_dashboard_tab.SearchDashboardTab - INFO - Department filter applied: 1439 records match 'p' with OR logic
2025-09-28 19:34:24 - ui.search_dashboard_tab.SearchDashboardTab - INFO - Global search applied: 63 records match 'una' with AND logic
2025-09-28 19:34:24 - ui.search_dashboard_tab.SearchDashboardTab - INFO - Detected URL columns: ['Direct URL', 'Status URL']
2025-09-28 19:34:24 - ui.search_dashboard_tab.SearchDashboardTab - INFO - Applied column settings to treeview: 11 columns
2025-09-28 19:34:24 - ui.charts_window - INFO - Charts data refreshed from Tree view
2025-09-28 19:34:25 - ui.search_dashboard_tab.SearchDashboardTab - INFO - Live tenders filter: 1454 records closing after 2025-09-28 19:34:25.423012
2025-09-28 19:34:25 - ui.search_dashboard_tab.SearchDashboardTab - INFO - Department filter applied: 808 records match 'pwd' with OR logic
2025-09-28 19:34:25 - ui.search_dashboard_tab.SearchDashboardTab - INFO - Global search applied: 13 records match 'una' with AND logic
2025-09-28 19:34:25 - ui.search_dashboard_tab.SearchDashboardTab - INFO - Detected URL columns: ['Direct URL', 'Status URL']
2025-09-28 19:34:25 - ui.search_dashboard_tab.SearchDashboardTab - INFO - Applied column settings to treeview: 11 columns
2025-09-28 19:34:26 - ui.charts_window - INFO - Charts data refreshed from Tree view
2025-09-28 19:34:34 - ui.search_dashboard_tab.SearchDashboardTab - INFO - Live tenders filter: 1454 records closing after 2025-09-28 19:34:34.185044
2025-09-28 19:34:34 - ui.search_dashboard_tab.SearchDashboardTab - INFO - Department filter applied: 808 records match 'pwd' with OR logic
2025-09-28 19:34:34 - ui.search_dashboard_tab.SearchDashboardTab - INFO - Global search applied: 13 records match 'una' with AND logic
2025-09-28 19:34:34 - ui.search_dashboard_tab.SearchDashboardTab - INFO - Detected URL columns: ['Direct URL', 'Status URL']
2025-09-28 19:34:34 - ui.search_dashboard_tab.SearchDashboardTab - INFO - Applied column settings to treeview: 11 columns
2025-09-28 19:36:01 - ui.search_dashboard_tab.SearchDashboardTab - INFO - Live tenders filter: 1454 records closing after 2025-09-28 19:36:01.048774
2025-09-28 19:36:01 - ui.search_dashboard_tab.SearchDashboardTab - INFO - Global search applied: 64 records match 'una' with AND logic
2025-09-28 19:36:01 - ui.search_dashboard_tab.SearchDashboardTab - INFO - Detected URL columns: ['Direct URL', 'Status URL']
2025-09-28 19:36:01 - ui.search_dashboard_tab.SearchDashboardTab - INFO - Applied column settings to treeview: 11 columns
2025-09-28 19:36:01 - ui.charts_window - INFO - Charts data refreshed from Tree view
2025-09-28 19:37:45 - ui.tender_tasks_tab.TenderTasksTab - INFO - TenderTasksTab selected (placeholder)
2025-09-28 19:37:46 - ui.settings_tab.SettingsTab - INFO - Settings tab selected and refreshed
2025-09-28 19:38:13 - ui.benchmark_window.BenchmarkWindow - INFO - Matplotlib charts initialized successfully
2025-09-28 19:38:13 - ui.benchmark_window.BenchmarkWindow - INFO - Benchmark window initialized
2025-09-28 19:38:13 - ui.settings_tab.SettingsTab - INFO - Benchmark window opened from settings
2025-09-28 19:38:49 - ui.benchmark_window.BenchmarkWindow - INFO - Real-time monitoring started
