2025-09-28 11:03:58 - root - INFO - Logging to file: G:\My Drive\0dev\Search Utility v3\tender_management_v3\logs\app_20250928_110358.log
2025-09-28 11:03:58 - root - INFO - Application starting...
2025-09-28 11:03:58 - ui.main_window.MainApplication - INFO - Initializing MainApplication...
2025-09-28 11:03:58 - core.config_manager - INFO - Configuration loaded from G:\My Drive\0dev\Search Utility v3\tender_management_v3\config\config.json
2025-09-28 11:03:58 - ui.main_window.MainApplication - INFO - Global configuration loaded successfully
2025-09-28 11:03:58 - ui.main_window.MainApplication - INFO - Window geometry set to 1200x800+168+32
2025-09-28 11:03:58 - ui.search_dashboard_tab.SearchDashboardTab - INFO - Applying status filter: live
2025-09-28 11:03:59 - ui.calendar_tab.CalendarTab - INFO - CalendarTab initialized
2025-09-28 11:03:59 - ui.calendar_tab.CalendarTab - INFO - Loaded 12 calendar events from G:\My Drive\0dev\Search Utility v3\tender_management_v3\data\calendar_events.json
2025-09-28 11:03:59 - ui.tender_tasks_tab.TenderTasksTab - INFO - TenderTasksTab initialized (placeholder)
2025-09-28 11:03:59 - ui.settings_tab.SettingsTab - INFO - Default column settings initialized
2025-09-28 11:03:59 - ui.settings_tab.SettingsTab - INFO - Loaded column settings for 18 columns
2025-09-28 11:03:59 - ui.settings_tab.SettingsTab - INFO - SettingsTab initialized
2025-09-28 11:03:59 - ui.logs_tab.LogsTab - INFO - Log handler attached to root logger
2025-09-28 11:03:59 - ui.main_window.MainApplication - INFO - All tabs initialized successfully
2025-09-28 11:03:59 - ui.main_window - INFO - Main application initialized
2025-09-28 11:03:59 - root - INFO - Main window initialized
2025-09-28 11:03:59 - ui.search_dashboard_tab.SearchDashboardTab - INFO - Loading last used data source: export_test_data.xlsx
2025-09-28 11:04:02 - ui.search_dashboard_tab.SearchDashboardTab - INFO - Detected URL columns: []
2025-09-28 11:04:02 - ui.search_dashboard_tab.SearchDashboardTab - INFO - Applied column settings to treeview: 7 columns
2025-09-28 11:04:02 - ui.search_dashboard_tab.SearchDashboardTab - INFO - Applying status filter: live
2025-09-28 11:04:05 - ui.search_dashboard_tab.SearchDashboardTab - INFO - Live tenders filter: 0 records closing after 2025-09-28 11:04:05.218855
2025-09-28 11:04:05 - ui.search_dashboard_tab.SearchDashboardTab - INFO - Loaded merged file for analysis: export_test_data.xlsx (15000 records)
2025-09-28 11:04:05 - ui.search_dashboard_tab.SearchDashboardTab - INFO - Successfully loaded last used data source: export_test_data.xlsx
2025-09-28 11:04:05 - ui.main_window.MainApplication - INFO - Initial data loaded for Search tab
2025-09-28 11:04:28 - ui.search_dashboard_tab.SearchDashboardTab - INFO - Detected URL columns: ['Direct URL', 'Status URL']
2025-09-28 11:04:28 - ui.search_dashboard_tab.SearchDashboardTab - INFO - Applied column settings to treeview: 11 columns
2025-09-28 11:04:28 - ui.search_dashboard_tab.SearchDashboardTab - INFO - Applying status filter: live
2025-09-28 11:04:28 - ui.search_dashboard_tab.SearchDashboardTab - INFO - Live tenders filter: 1283 records closing after 2025-09-28 11:04:28.644127
2025-09-28 11:04:28 - ui.search_dashboard_tab.SearchDashboardTab - INFO - Detected URL columns: ['Direct URL', 'Status URL']
2025-09-28 11:04:28 - ui.search_dashboard_tab.SearchDashboardTab - INFO - Applied column settings to treeview: 11 columns
2025-09-28 11:04:33 - ui.search_dashboard_tab.SearchDashboardTab - INFO - Extracted text from clipboard: 4 characters
2025-09-28 11:04:33 - ui.search_dashboard_tab.SearchDashboardTab - INFO - OCR successfully filled Global Search with 4 characters
2025-09-28 11:05:55 - ui.search_dashboard_tab.SearchDashboardTab - INFO - Live tenders filter: 1283 records closing after 2025-09-28 11:05:55.287432
2025-09-28 11:05:55 - ui.search_dashboard_tab.SearchDashboardTab - INFO - Department filter applied: 2 records match 'HRTC' with OR logic
2025-09-28 11:05:55 - ui.search_dashboard_tab.SearchDashboardTab - INFO - Global search applied: 2 records match 'HRTC' with AND logic
2025-09-28 11:05:55 - ui.search_dashboard_tab.SearchDashboardTab - INFO - Detected URL columns: ['Direct URL', 'Status URL']
2025-09-28 11:05:55 - ui.search_dashboard_tab.SearchDashboardTab - INFO - Applied column settings to treeview: 11 columns
2025-09-28 11:06:02 - ui.search_dashboard_tab.SearchDashboardTab - INFO - Live tenders filter: 1283 records closing after 2025-09-28 11:06:02.702705
2025-09-28 11:06:02 - ui.search_dashboard_tab.SearchDashboardTab - INFO - Department filter applied: 2 records match 'HRTC' with OR logic
2025-09-28 11:06:02 - ui.search_dashboard_tab.SearchDashboardTab - INFO - Global search applied: 0 records match 'una' with AND logic
2025-09-28 11:06:03 - ui.search_dashboard_tab.SearchDashboardTab - INFO - Live tenders filter: 1283 records closing after 2025-09-28 11:06:03.041513
2025-09-28 11:06:03 - ui.search_dashboard_tab.SearchDashboardTab - INFO - Department filter applied: 2 records match 'HRTC' with OR logic
2025-09-28 11:06:03 - ui.search_dashboard_tab.SearchDashboardTab - INFO - Global search applied: 0 records match 'una' with AND logic
2025-09-28 11:06:06 - ui.search_dashboard_tab.SearchDashboardTab - INFO - Live tenders filter: 1283 records closing after 2025-09-28 11:06:06.521717
2025-09-28 11:06:06 - ui.search_dashboard_tab.SearchDashboardTab - INFO - Global search applied: 63 records match 'una' with AND logic
2025-09-28 11:06:06 - ui.search_dashboard_tab.SearchDashboardTab - INFO - Detected URL columns: ['Direct URL', 'Status URL']
2025-09-28 11:06:06 - ui.search_dashboard_tab.SearchDashboardTab - INFO - Applied column settings to treeview: 11 columns
2025-09-28 11:07:20 - ui.search_dashboard_tab.SearchDashboardTab - INFO - Applying time filter: today
2025-09-28 11:07:20 - ui.search_dashboard_tab.SearchDashboardTab - INFO - Live tenders filter: 1283 records closing after 2025-09-28 11:07:20.193855
2025-09-28 11:07:20 - ui.search_dashboard_tab.SearchDashboardTab - INFO - Global search applied: 63 records match 'una' with AND logic
2025-09-28 11:07:20 - ui.search_dashboard_tab.SearchDashboardTab - INFO - Time range filter (today) with status (live): 0 records
2025-09-28 11:07:21 - ui.search_dashboard_tab.SearchDashboardTab - INFO - Applying time filter: next_3_days
2025-09-28 11:07:21 - ui.search_dashboard_tab.SearchDashboardTab - INFO - Live tenders filter: 1283 records closing after 2025-09-28 11:07:21.786010
2025-09-28 11:07:21 - ui.search_dashboard_tab.SearchDashboardTab - INFO - Global search applied: 63 records match 'una' with AND logic
2025-09-28 11:07:21 - ui.search_dashboard_tab.SearchDashboardTab - INFO - Time range filter (next_3_days) with status (live): 35 records
2025-09-28 11:07:21 - ui.search_dashboard_tab.SearchDashboardTab - INFO - Detected URL columns: ['Direct URL', 'Status URL']
2025-09-28 11:07:21 - ui.search_dashboard_tab.SearchDashboardTab - INFO - Applied column settings to treeview: 11 columns
