2025-09-24 20:06:04 - root - INFO - Logging to file: G:\My Drive\0dev\Search Utility v3\tender_management_v3\logs\app_20250924_200604.log
2025-09-24 20:06:04 - root - INFO - Application starting...
2025-09-24 20:06:05 - ui.main_window.MainApplication - INFO - Initializing MainApplication...
2025-09-24 20:06:05 - core.config_manager - INFO - Configuration loaded from G:\My Drive\0dev\Search Utility v3\tender_management_v3\config\config.json
2025-09-24 20:06:05 - ui.main_window.MainApplication - INFO - Global configuration loaded successfully
2025-09-24 20:06:05 - ui.main_window.MainApplication - INFO - Window geometry set to 1200x800+168+32
2025-09-24 20:06:05 - ui.search_dashboard_tab.SearchDashboardTab - INFO - Applying status filter: live
2025-09-24 20:06:06 - ui.calendar_tab.CalendarTab - INFO - CalendarTab initialized
2025-09-24 20:06:06 - ui.calendar_tab.CalendarTab - INFO - Loaded 12 calendar events from G:\My Drive\0dev\Search Utility v3\tender_management_v3\data\calendar_events.json
2025-09-24 20:06:06 - ui.tender_tasks_tab.TenderTasksTab - INFO - TenderTasksTab initialized (placeholder)
2025-09-24 20:06:06 - ui.settings_tab.SettingsTab - INFO - SettingsTab initialized
2025-09-24 20:06:06 - ui.logs_tab.LogsTab - INFO - Log handler attached to root logger
2025-09-24 20:06:06 - ui.main_window.MainApplication - INFO - All tabs initialized successfully
2025-09-24 20:06:06 - ui.main_window - INFO - Main application initialized
2025-09-24 20:06:06 - root - INFO - Main window initialized
2025-09-24 20:10:56 - ui.search_dashboard_tab.SearchDashboardTab - INFO - Detected URL columns: ['Direct URL', 'Status URL']
2025-09-24 20:10:56 - ui.search_dashboard_tab.SearchDashboardTab - INFO - Applying status filter: live
2025-09-24 20:10:56 - ui.search_dashboard_tab.SearchDashboardTab - INFO - Live tenders filter: 1374 records closing after 2025-09-24 20:10:56.291666
2025-09-24 20:10:56 - ui.search_dashboard_tab.SearchDashboardTab - INFO - Detected URL columns: ['Direct URL', 'Status URL']
2025-09-24 20:11:20 - ui.search_dashboard_tab.SearchDashboardTab - INFO - Applying time filter: next_3_days
2025-09-24 20:11:20 - ui.search_dashboard_tab.SearchDashboardTab - INFO - Live tenders filter: 1374 records closing after 2025-09-24 20:11:20.299564
2025-09-24 20:11:20 - ui.search_dashboard_tab.SearchDashboardTab - INFO - Time range filter (next_3_days) with status (live): 583 records
2025-09-24 20:11:20 - ui.search_dashboard_tab.SearchDashboardTab - INFO - Detected URL columns: ['Direct URL', 'Status URL']
2025-09-24 20:12:09 - ui.search_dashboard_tab.SearchDashboardTab - INFO - Live tenders filter: 1374 records closing after 2025-09-24 20:12:09.991579
2025-09-24 20:12:09 - ui.search_dashboard_tab.SearchDashboardTab - INFO - Department filter applied: 120 records match 'si' with OR logic
2025-09-24 20:12:10 - ui.search_dashboard_tab.SearchDashboardTab - INFO - Time range filter (next_3_days) with status (live): 47 records
2025-09-24 20:12:10 - ui.search_dashboard_tab.SearchDashboardTab - INFO - Detected URL columns: ['Direct URL', 'Status URL']
2025-09-24 20:12:10 - ui.search_dashboard_tab.SearchDashboardTab - INFO - Live tenders filter: 1374 records closing after 2025-09-24 20:12:10.702519
2025-09-24 20:12:10 - ui.search_dashboard_tab.SearchDashboardTab - INFO - Department filter applied: 14 records match 'sidc' with OR logic
2025-09-24 20:12:10 - ui.search_dashboard_tab.SearchDashboardTab - INFO - Time range filter (next_3_days) with status (live): 2 records
2025-09-24 20:12:10 - ui.search_dashboard_tab.SearchDashboardTab - INFO - Detected URL columns: ['Direct URL', 'Status URL']
