2025-09-29 11:54:45 - root - INFO - Logging to file: G:\My Drive\0dev\Search Utility v3\tender_management_v3\logs\app_20250929_115445.log
2025-09-29 11:54:45 - root - INFO - Application starting...
2025-09-29 11:54:45 - ui.main_window.MainApplication - INFO - Initializing MainApplication...
2025-09-29 11:54:45 - core.config_manager - INFO - Configuration loaded from G:\My Drive\0dev\Search Utility v3\tender_management_v3\config\config.json
2025-09-29 11:54:45 - ui.main_window.MainApplication - INFO - Global configuration loaded successfully
2025-09-29 11:54:45 - ui.main_window.MainApplication - INFO - Window geometry set to 1200x800+168+32
2025-09-29 11:54:46 - ui.search_dashboard_tab.SearchDashboardTab - INFO - Applying status filter: live
2025-09-29 11:54:46 - ui.calendar_tab.CalendarTab - INFO - CalendarTab initialized
2025-09-29 11:54:46 - ui.calendar_tab.CalendarTab - INFO - Loaded 12 calendar events from G:\My Drive\0dev\Search Utility v3\tender_management_v3\data\calendar_events.json
2025-09-29 11:54:46 - ui.tender_tasks_tab.TenderTasksTab - INFO - TenderTasksTab initialized (placeholder)
2025-09-29 11:54:46 - ui.settings_tab.SettingsTab - INFO - Default column settings initialized
2025-09-29 11:54:46 - ui.settings_tab.SettingsTab - INFO - Loaded column settings for 18 columns
2025-09-29 11:54:46 - ui.settings_tab.SettingsTab - INFO - SettingsTab initialized
2025-09-29 11:54:46 - ui.logs_tab.LogsTab - INFO - Log handler attached to root logger
2025-09-29 11:54:46 - ui.main_window.MainApplication - INFO - All tabs initialized successfully
2025-09-29 11:54:46 - ui.main_window - INFO - Main application initialized
2025-09-29 11:54:46 - root - INFO - Main window initialized
2025-09-29 11:54:46 - ui.main_window.MainApplication - INFO - Applying comprehensive tab styling...
2025-09-29 11:54:47 - ui.main_window.MainApplication - INFO - Comprehensive tab styling applied successfully
2025-09-29 11:54:47 - ui.search_dashboard_tab.SearchDashboardTab - INFO - Loading merged data from settings path: H:/My Drive/CRM T84/0 Live App/Search data/merged_data
2025-09-29 11:54:52 - ui.search_dashboard_tab.SearchDashboardTab - INFO - Detected URL columns: ['Direct URL', 'Status URL']
2025-09-29 11:54:52 - ui.search_dashboard_tab.SearchDashboardTab - INFO - Applied column settings to treeview: 11 columns
2025-09-29 11:54:52 - ui.search_dashboard_tab.SearchDashboardTab - INFO - Applying status filter: live
2025-09-29 11:54:52 - ui.search_dashboard_tab.SearchDashboardTab - INFO - Live tenders filter: 1265 records closing after 2025-09-29 11:54:52.599780
2025-09-29 11:54:52 - ui.search_dashboard_tab.SearchDashboardTab - INFO - Detected URL columns: ['Direct URL', 'Status URL']
2025-09-29 11:54:52 - ui.search_dashboard_tab.SearchDashboardTab - INFO - Applied column settings to treeview: 11 columns
2025-09-29 11:54:52 - ui.search_dashboard_tab.SearchDashboardTab - INFO - Auto-loaded 1 files with 14425 total records from: H:/My Drive/CRM T84/0 Live App/Search data/merged_data
2025-09-29 11:54:52 - ui.search_dashboard_tab.SearchDashboardTab - INFO - Successfully loaded merged data from settings: H:/My Drive/CRM T84/0 Live App/Search data/merged_data
2025-09-29 11:54:52 - ui.main_window.MainApplication - INFO - Initial data loaded for Search tab
