2025-08-26 19:24:33 - root - INFO - Logging to file: G:\My Drive\0dev\Search Utility v3\tender_management_v3\logs\app_20250826_192433.log
2025-08-26 19:24:33 - root - INFO - Application starting...
2025-08-26 19:24:33 - core.config_manager - INFO - Configuration loaded from G:\My Drive\0dev\Search Utility v3\tender_management_v3\config\config.json
2025-08-26 19:24:33 - ui.main_window - INFO - Global styles configured
2025-08-26 19:24:34 - ui.calendar_tab.CalendarTab - INFO - CalendarTab initialized
2025-08-26 19:24:35 - ui.calendar_tab.CalendarTab - INFO - Loaded 12 calendar events from G:\My Drive\0dev\Search Utility v3\tender_management_v3\data\calendar_events.json
2025-08-26 19:24:35 - ui.tender_tasks_tab.TenderTasksTab - INFO - TenderTasksTab initialized (placeholder)
2025-08-26 19:24:35 - ui.settings_tab.SettingsTab - INFO - SettingsTab initialized
2025-08-26 19:24:35 - ui.logs_tab.LogsTab - INFO - Log handler attached to root logger
2025-08-26 19:24:35 - ui.main_window - INFO - Main application initialized
2025-08-26 19:24:35 - root - INFO - Main window initialized
2025-08-26 19:25:30 - core.config_manager - INFO - Configuration saved to G:\My Drive\0dev\Search Utility v3\tender_management_v3\config\config.json
2025-08-26 19:25:30 - ui.search_dashboard_tab.SearchDashboardTab - INFO - Added folder: G:/My Drive/0dev/Search Utility v3/tender_management_v3/data/merged_data
2025-08-26 19:25:35 - core.config_manager - INFO - Configuration saved to G:\My Drive\0dev\Search Utility v3\tender_management_v3\config\config.json
2025-08-26 19:25:35 - core.data_processor.TenderDataProcessor - INFO - Loading data from: G:/My Drive/0dev/Search Utility v3/tender_management_v3/data/merged_data\hptenders_gov_in_consolidated_master.xlsx
2025-08-26 19:25:36 - core.data_processor.TenderDataProcessor - INFO - Converted 'Closing Date' to datetime format using %Y-%m-%d %H:%M:%S (closing date)
2025-08-26 19:25:36 - core.data_processor.TenderDataProcessor - INFO - Sample converted values for 'Closing Date': [Timestamp('2025-06-05 13:00:00'), Timestamp('2025-05-27 13:00:00'), Timestamp('2025-05-27 12:00:00')]
2025-08-26 19:25:36 - core.data_processor.TenderDataProcessor - INFO - Identified closing date columns: ['Closing Date']
2025-08-26 19:25:36 - core.data_processor.TenderDataProcessor - INFO - Successfully loaded 2093 records from 1 files.
2025-08-26 19:25:40 - ui.search_dashboard_tab.SearchDashboardTab - INFO - Updated treeview with 2093 rows.
2025-08-26 19:25:46 - ui.search_dashboard_tab.SearchDashboardTab - INFO - Applying date filter preset: live
2025-08-26 19:25:46 - ui.search_dashboard_tab.SearchDashboardTab - INFO - Applied filters: {'CaseInsensitive': True, 'DateFilter': {'type': 'live'}}
2025-08-26 19:26:28 - core.config_manager - INFO - Configuration saved to G:\My Drive\0dev\Search Utility v3\tender_management_v3\config\config.json
2025-08-26 19:26:28 - core.data_processor.TenderDataProcessor - INFO - Loading data from: G:/My Drive/0dev/Search Utility v3/tender_management_v3/data/merged_data\hptenders_gov_in_consolidated_master.xlsx
2025-08-26 19:26:29 - core.data_processor.TenderDataProcessor - INFO - Converted 'Closing Date' to datetime format using %Y-%m-%d %H:%M:%S (closing date)
2025-08-26 19:26:29 - core.data_processor.TenderDataProcessor - INFO - Sample converted values for 'Closing Date': [Timestamp('2025-06-05 13:00:00'), Timestamp('2025-05-27 13:00:00'), Timestamp('2025-05-27 12:00:00')]
2025-08-26 19:26:29 - core.data_processor.TenderDataProcessor - INFO - Identified closing date columns: ['Closing Date']
2025-08-26 19:26:29 - core.data_processor.TenderDataProcessor - INFO - Successfully loaded 9816 records from 1 files.
2025-08-26 19:26:37 - ui.search_dashboard_tab.SearchDashboardTab - INFO - Updated treeview with 9816 rows.
