2025-09-06 13:44:53 - root - INFO - Logging to file: G:\My Drive\0dev\Search Utility v3\tender_management_v3\logs\app_20250906_134453.log
2025-09-06 13:44:53 - root - INFO - Application starting...
2025-09-06 13:44:53 - ui.main_window.MainApplication - INFO - Initializing MainApplication...
2025-09-06 13:44:53 - core.config_manager - INFO - Configuration loaded from G:\My Drive\0dev\Search Utility v3\tender_management_v3\config\config.json
2025-09-06 13:44:54 - ui.main_window.MainApplication - INFO - Global configuration loaded successfully
2025-09-06 13:44:54 - ui.main_window.MainApplication - INFO - Window geometry set to 1200x800+168+32
2025-09-06 13:44:54 - ui.search_dashboard_tab.SearchDashboardTab - INFO - Applying status filter: live
2025-09-06 13:44:55 - ui.calendar_tab.CalendarTab - INFO - CalendarTab initialized
2025-09-06 13:44:55 - ui.calendar_tab.CalendarTab - INFO - Loaded 12 calendar events from G:\My Drive\0dev\Search Utility v3\tender_management_v3\data\calendar_events.json
2025-09-06 13:44:55 - ui.tender_tasks_tab.TenderTasksTab - INFO - TenderTasksTab initialized (placeholder)
2025-09-06 13:44:55 - ui.settings_tab.SettingsTab - INFO - SettingsTab initialized
2025-09-06 13:44:55 - ui.logs_tab.LogsTab - INFO - Log handler attached to root logger
2025-09-06 13:44:55 - ui.main_window.MainApplication - INFO - All tabs initialized successfully
2025-09-06 13:44:55 - ui.main_window - INFO - Main application initialized
2025-09-06 13:44:55 - root - INFO - Main window initialized
2025-09-06 13:45:16 - ui.search_dashboard_tab.SearchDashboardTab - INFO - Applying status filter: live
2025-09-06 13:45:27 - ui.search_dashboard_tab.SearchDashboardTab - INFO - Applying time filter: today
2025-09-06 13:45:59 - ui.search_dashboard_tab.SearchDashboardTab - INFO - Applied custom date range filter: 2025-09-06 00:00:00 to 2025-09-06 11:59:00, 16 records matching
2025-09-06 13:46:18 - ui.search_dashboard_tab.SearchDashboardTab - INFO - Applied custom date range filter: 2025-09-06 00:00:00 to 2025-09-06 10:59:00, 0 records matching
2025-09-06 13:46:55 - ui.search_dashboard_tab.SearchDashboardTab - INFO - Applying status filter: live
2025-09-06 13:46:57 - ui.search_dashboard_tab.SearchDashboardTab - INFO - Applying time filter: next_3_days
2025-09-06 13:47:02 - ui.search_dashboard_tab.SearchDashboardTab - INFO - Applying status filter: expired
2025-09-06 13:47:14 - ui.search_dashboard_tab.SearchDashboardTab - INFO - Applying status filter: live
2025-09-06 13:47:36 - ui.search_dashboard_tab.SearchDashboardTab - INFO - Applying time filter: today
2025-09-06 13:47:42 - ui.search_dashboard_tab.SearchDashboardTab - INFO - Applying status filter: expired
2025-09-06 13:48:09 - ui.search_dashboard_tab.SearchDashboardTab - INFO - Applying status filter: live
2025-09-06 13:48:17 - ui.search_dashboard_tab.SearchDashboardTab - INFO - Applying time filter: today
2025-09-06 13:48:25 - ui.search_dashboard_tab.SearchDashboardTab - INFO - Applying status filter: expired
2025-09-06 13:48:26 - ui.search_dashboard_tab.SearchDashboardTab - INFO - Applying time filter: today
2025-09-06 13:48:29 - ui.search_dashboard_tab.SearchDashboardTab - INFO - Applying status filter: live
2025-09-06 13:48:33 - ui.search_dashboard_tab.SearchDashboardTab - INFO - Applying time filter: today
2025-09-06 13:48:43 - ui.search_dashboard_tab.SearchDashboardTab - INFO - Applied custom date range filter: 2025-09-06 00:00:00 to 2025-09-06 09:59:00, 0 records matching
2025-09-06 13:48:53 - ui.search_dashboard_tab.SearchDashboardTab - INFO - Applying time filter: next_7_days
2025-09-06 13:48:54 - ui.search_dashboard_tab.SearchDashboardTab - INFO - Applying time filter: next_30_days
2025-09-06 13:48:55 - ui.search_dashboard_tab.SearchDashboardTab - INFO - Applying time filter: next_7_days
2025-09-06 13:48:55 - ui.search_dashboard_tab.SearchDashboardTab - INFO - Applying time filter: next_3_days
2025-09-06 13:48:56 - ui.search_dashboard_tab.SearchDashboardTab - INFO - Applying time filter: today
2025-09-06 13:48:57 - ui.search_dashboard_tab.SearchDashboardTab - INFO - Applying time filter: next_3_days
2025-09-06 13:48:57 - ui.search_dashboard_tab.SearchDashboardTab - INFO - Applying time filter: next_7_days
2025-09-06 13:48:58 - ui.search_dashboard_tab.SearchDashboardTab - INFO - Applying time filter: next_30_days
2025-09-06 13:49:00 - ui.search_dashboard_tab.SearchDashboardTab - INFO - Applying time filter: next_7_days
2025-09-06 13:49:01 - ui.search_dashboard_tab.SearchDashboardTab - INFO - Applying time filter: next_3_days
2025-09-06 13:49:01 - ui.search_dashboard_tab.SearchDashboardTab - INFO - Applying time filter: today
2025-09-06 13:49:45 - ui.search_dashboard_tab.SearchDashboardTab - INFO - Applying time filter: today
2025-09-06 13:49:53 - ui.search_dashboard_tab.SearchDashboardTab - INFO - Applying status filter: live
2025-09-06 13:49:55 - ui.search_dashboard_tab.SearchDashboardTab - INFO - Applying status filter: live
2025-09-06 13:49:56 - ui.search_dashboard_tab.SearchDashboardTab - INFO - Applying status filter: live
2025-09-06 13:50:40 - ui.search_dashboard_tab.SearchDashboardTab - INFO - Applying time filter: today
2025-09-06 13:50:42 - ui.search_dashboard_tab.SearchDashboardTab - INFO - Applying time filter: next_3_days
2025-09-06 13:50:45 - ui.search_dashboard_tab.SearchDashboardTab - INFO - Applying time filter: next_7_days
2025-09-06 13:51:01 - ui.search_dashboard_tab.SearchDashboardTab - INFO - Applying time filter: next_30_days
2025-09-06 13:51:04 - ui.search_dashboard_tab.SearchDashboardTab - INFO - Applying time filter: next_7_days
2025-09-06 13:51:06 - ui.search_dashboard_tab.SearchDashboardTab - INFO - Applying time filter: next_3_days
2025-09-06 13:51:08 - ui.search_dashboard_tab.SearchDashboardTab - INFO - Applying time filter: today
