2025-06-07 17:03:14 - root - INFO - Logging to file: H:\My Drive\0dev\Search Utility v2\tender_management_v2.1\logs\app_20250607_170314.log
2025-06-07 17:03:14 - root - INFO - Application starting...
2025-06-07 17:03:14 - core.config_manager - INFO - Configuration loaded from H:\My Drive\0dev\Search Utility v2\tender_management_v2.1\config\config.json
2025-06-07 17:03:14 - ui.main_window - INFO - Global styles configured
2025-06-07 17:03:16 - ui.calendar_tab.CalendarTab - INFO - CalendarTab initialized
2025-06-07 17:03:16 - ui.calendar_tab.CalendarTab - INFO - Loaded 11 calendar events from H:\My Drive\0dev\Search Utility v2\tender_management_v2.1\data\calendar_events.json
2025-06-07 17:03:16 - ui.tender_tasks_tab.TenderTasksTab - INFO - TenderTasksTab initialized (placeholder)
2025-06-07 17:03:16 - ui.settings_tab.SettingsTab - INFO - SettingsTab initialized
2025-06-07 17:03:16 - root - INFO - LogsTab initialized and custom log handler added.
2025-06-07 17:03:16 - core.config_manager - INFO - Configuration saved to H:\My Drive\0dev\Search Utility v2\tender_management_v2.1\config\config.json
2025-06-07 17:03:16 - core.data_processor.TenderDataProcessor - INFO - Loading data from: ./data/merged_data/hptenders_gov_in_consolidated_master.xlsx
2025-06-07 17:03:17 - core.data_processor.TenderDataProcessor - INFO - Converted 'Closing Date' to datetime format (closing date)
2025-06-07 17:03:17 - core.data_processor.TenderDataProcessor - INFO - Identified closing date columns: ['Closing Date']
2025-06-07 17:03:17 - core.data_processor.TenderDataProcessor - INFO - Successfully loaded 2093 records from 1 files.
2025-06-07 17:03:18 - ui.search_dashboard_tab.SearchDashboardTab - INFO - Updated treeview with 2093 rows.
2025-06-07 17:03:18 - ui.search_dashboard_tab.SearchDashboardTab - INFO - Restored previous session data from 1 files
2025-06-07 17:03:18 - ui.main_window - INFO - Main application initialized
2025-06-07 17:03:18 - root - INFO - Main window initialized
2025-06-07 17:03:49 - ui.main_window - INFO - Application closing
2025-06-07 17:03:49 - core.config_manager - INFO - Configuration saved to H:\My Drive\0dev\Search Utility v2\tender_management_v2.1\config\config.json
