2025-09-01 20:18:06 - root - INFO - Logging to file: G:\My Drive\0dev\Search Utility v3\tender_management_v3\logs\app_20250901_201806.log
2025-09-01 20:18:06 - root - INFO - Application starting...
2025-09-01 20:18:06 - ui.main_window.MainApplication - INFO - Initializing MainApplication...
2025-09-01 20:18:06 - core.config_manager - INFO - Configuration loaded from G:\My Drive\0dev\Search Utility v3\tender_management_v3\config\config.json
2025-09-01 20:18:07 - ui.main_window.MainApplication - INFO - Global configuration loaded successfully
2025-09-01 20:18:07 - ui.main_window.MainApplication - INFO - Window geometry set to 1200x800+168+32
2025-09-01 20:18:07 - ui.search_dashboard_tab.SearchDashboardTab - INFO - Applying status filter: live
2025-09-01 20:18:07 - ui.calendar_tab.CalendarTab - INFO - CalendarTab initialized
2025-09-01 20:18:07 - ui.calendar_tab.CalendarTab - INFO - Loaded 12 calendar events from G:\My Drive\0dev\Search Utility v3\tender_management_v3\data\calendar_events.json
2025-09-01 20:18:07 - ui.tender_tasks_tab.TenderTasksTab - INFO - TenderTasksTab initialized (placeholder)
2025-09-01 20:18:07 - ui.settings_tab.SettingsTab - INFO - SettingsTab initialized
2025-09-01 20:18:07 - ui.logs_tab.LogsTab - INFO - Log handler attached to root logger
2025-09-01 20:18:07 - ui.main_window.MainApplication - INFO - All tabs initialized successfully
2025-09-01 20:18:07 - ui.main_window - INFO - Main application initialized
2025-09-01 20:18:07 - root - INFO - Main window initialized
2025-09-01 20:18:32 - ui.search_dashboard_tab.SearchDashboardTab - INFO - Applying status filter: live
2025-09-01 20:18:48 - ui.search_dashboard_tab.SearchDashboardTab - INFO - Applying status filter: live
2025-09-01 20:19:01 - ui.logs_tab.LogsTab - INFO - Logs tab selected
2025-09-01 20:19:07 - ui.search_dashboard_tab.SearchDashboardTab - INFO - Applying status filter: live
2025-09-01 20:20:00 - ui.main_window - INFO - Application closing
2025-09-01 20:20:00 - core.config_manager - INFO - Configuration saved to G:\My Drive\0dev\Search Utility v3\tender_management_v3\config\config.json
