2025-08-26 18:16:29 - root - INFO - Logging to file: G:\My Drive\0dev\Search Utility v3\tender_management_v3\logs\app_20250826_181629.log
2025-08-26 18:16:29 - root - INFO - Application starting...
2025-08-26 18:16:29 - core.config_manager - INFO - Configuration loaded from G:\My Drive\0dev\Search Utility v3\tender_management_v3\config\config.json
2025-08-26 18:16:29 - ui.main_window - INFO - Global styles configured
2025-08-26 18:16:30 - ui.calendar_tab.CalendarTab - INFO - CalendarTab initialized
2025-08-26 18:16:30 - ui.calendar_tab.CalendarTab - INFO - Loaded 12 calendar events from G:\My Drive\0dev\Search Utility v3\tender_management_v3\data\calendar_events.json
2025-08-26 18:16:30 - ui.tender_tasks_tab.TenderTasksTab - INFO - TenderTasksTab initialized (placeholder)
2025-08-26 18:16:30 - ui.settings_tab.SettingsTab - INFO - SettingsTab initialized
2025-08-26 18:16:30 - ui.logs_tab.LogsTab - INFO - Log handler attached to root logger
2025-08-26 18:16:30 - ui.main_window - INFO - Main application initialized
2025-08-26 18:16:30 - root - INFO - Main window initialized
2025-08-26 18:16:51 - core.config_manager - INFO - Configuration saved to G:\My Drive\0dev\Search Utility v3\tender_management_v3\config\config.json
2025-08-26 18:16:51 - ui.search_dashboard_tab.SearchDashboardTab - INFO - Added folder: G:/My Drive/0dev/Search Utility v3/tender_management_v3/data/merged_data
2025-08-26 18:16:59 - core.config_manager - INFO - Configuration saved to G:\My Drive\0dev\Search Utility v3\tender_management_v3\config\config.json
2025-08-26 18:16:59 - core.data_processor.TenderDataProcessor - INFO - Loading data from: G:/My Drive/0dev/Search Utility v3/tender_management_v3/data/merged_data\hptenders_gov_in_consolidated_master.xlsx
2025-08-26 18:16:59 - core.data_processor.TenderDataProcessor - INFO - Converted 'Closing Date' to datetime format using %Y-%m-%d %H:%M:%S (closing date)
2025-08-26 18:16:59 - core.data_processor.TenderDataProcessor - INFO - Sample converted values for 'Closing Date': [Timestamp('2025-06-05 13:00:00'), Timestamp('2025-05-27 13:00:00'), Timestamp('2025-05-27 12:00:00')]
2025-08-26 18:16:59 - core.data_processor.TenderDataProcessor - INFO - Identified closing date columns: ['Closing Date']
2025-08-26 18:16:59 - core.data_processor.TenderDataProcessor - INFO - Successfully loaded 2093 records from 1 files.
2025-08-26 18:17:01 - ui.search_dashboard_tab.SearchDashboardTab - INFO - Updated treeview with 2093 rows.
2025-08-26 18:17:15 - core.config_manager - INFO - Configuration saved to G:\My Drive\0dev\Search Utility v3\tender_management_v3\config\config.json
2025-08-26 18:17:15 - ui.search_dashboard_tab.SearchDashboardTab - INFO - Cleared selected folders and data.
2025-08-26 18:17:22 - core.config_manager - INFO - Configuration saved to G:\My Drive\0dev\Search Utility v3\tender_management_v3\config\config.json
2025-08-26 18:17:22 - ui.search_dashboard_tab.SearchDashboardTab - INFO - Added folder: G:/My Drive/0dev/Search Utility v3/tender_management_v3/data/merged_data
2025-08-26 18:17:29 - core.config_manager - INFO - Configuration saved to G:\My Drive\0dev\Search Utility v3\tender_management_v3\config\config.json
2025-08-26 18:17:29 - core.data_processor.TenderDataProcessor - INFO - Loading data from: G:/My Drive/0dev/Search Utility v3/tender_management_v3/data/merged_data\hptenders_gov_in_consolidated_master.xlsx
2025-08-26 18:17:29 - core.data_processor.TenderDataProcessor - INFO - Converted 'Closing Date' to datetime format using %Y-%m-%d %H:%M:%S (closing date)
2025-08-26 18:17:29 - core.data_processor.TenderDataProcessor - INFO - Sample converted values for 'Closing Date': [Timestamp('2025-06-05 13:00:00'), Timestamp('2025-05-27 13:00:00'), Timestamp('2025-05-27 12:00:00')]
2025-08-26 18:17:29 - core.data_processor.TenderDataProcessor - INFO - Identified closing date columns: ['Closing Date']
2025-08-26 18:17:29 - core.data_processor.TenderDataProcessor - INFO - Successfully loaded 2093 records from 1 files.
2025-08-26 18:17:34 - ui.search_dashboard_tab.SearchDashboardTab - INFO - Updated treeview with 2093 rows.
2025-08-26 18:17:43 - ui.settings_tab.SettingsTab - INFO - Settings tab selected and refreshed
2025-08-26 18:18:01 - ui.settings_tab.SettingsTab - INFO - Settings tab selected and refreshed
2025-08-26 18:18:33 - core.config_manager - INFO - Configuration saved to G:\My Drive\0dev\Search Utility v3\tender_management_v3\config\config.json
2025-08-26 18:18:33 - ui.settings_tab.SettingsTab - ERROR - Error saving settings: 'TenderDataProcessor' object has no attribute 'update_config'
Traceback (most recent call last):
  File "G:\My Drive\0dev\Search Utility v3\tender_management_v3\ui\settings_tab.py", line 327, in _save_settings
    self._propagate_config_changes(settings_to_save)
    ~~~~~~~~~~~~~~~~~~~~~~~~~~~~~~^^^^^^^^^^^^^^^^^^
  File "G:\My Drive\0dev\Search Utility v3\tender_management_v3\ui\settings_tab.py", line 341, in _propagate_config_changes
    search_tab.data_processor.update_config(self.main_app.global_config)
    ^^^^^^^^^^^^^^^^^^^^^^^^^^^^^^^^^^^^^^^
AttributeError: 'TenderDataProcessor' object has no attribute 'update_config'
2025-08-26 18:18:53 - core.config_manager - INFO - Configuration saved to G:\My Drive\0dev\Search Utility v3\tender_management_v3\config\config.json
2025-08-26 18:18:53 - ui.settings_tab.SettingsTab - ERROR - Error saving settings: 'TenderDataProcessor' object has no attribute 'update_config'
Traceback (most recent call last):
  File "G:\My Drive\0dev\Search Utility v3\tender_management_v3\ui\settings_tab.py", line 327, in _save_settings
    self._propagate_config_changes(settings_to_save)
    ~~~~~~~~~~~~~~~~~~~~~~~~~~~~~~^^^^^^^^^^^^^^^^^^
  File "G:\My Drive\0dev\Search Utility v3\tender_management_v3\ui\settings_tab.py", line 341, in _propagate_config_changes
    search_tab.data_processor.update_config(self.main_app.global_config)
    ^^^^^^^^^^^^^^^^^^^^^^^^^^^^^^^^^^^^^^^
AttributeError: 'TenderDataProcessor' object has no attribute 'update_config'
2025-08-26 18:19:05 - core.config_manager - INFO - Configuration saved to G:\My Drive\0dev\Search Utility v3\tender_management_v3\config\config.json
2025-08-26 18:19:05 - core.data_processor.TenderDataProcessor - INFO - Loading data from: G:/My Drive/0dev/Search Utility v3/tender_management_v3/data/merged_data\hptenders_gov_in_consolidated_master.xlsx
2025-08-26 18:19:05 - core.data_processor.TenderDataProcessor - INFO - Converted 'Closing Date' to datetime format using %Y-%m-%d %H:%M:%S (closing date)
2025-08-26 18:19:05 - core.data_processor.TenderDataProcessor - INFO - Sample converted values for 'Closing Date': [Timestamp('2025-06-05 13:00:00'), Timestamp('2025-05-27 13:00:00'), Timestamp('2025-05-27 12:00:00')]
2025-08-26 18:19:05 - core.data_processor.TenderDataProcessor - INFO - Identified closing date columns: ['Closing Date']
2025-08-26 18:19:05 - core.data_processor.TenderDataProcessor - INFO - Successfully loaded 2093 records from 1 files.
2025-08-26 18:19:09 - ui.search_dashboard_tab.SearchDashboardTab - INFO - Updated treeview with 2093 rows.
2025-08-26 18:20:13 - core.config_manager - INFO - Configuration saved to G:\My Drive\0dev\Search Utility v3\tender_management_v3\config\config.json
2025-08-26 18:20:13 - ui.search_dashboard_tab.SearchDashboardTab - INFO - Added folder: H:/My Drive/CRM T84/0 Live App/Search Utility/data/merged_data
2025-08-26 18:20:19 - core.config_manager - INFO - Configuration saved to G:\My Drive\0dev\Search Utility v3\tender_management_v3\config\config.json
2025-08-26 18:20:19 - ui.search_dashboard_tab.SearchDashboardTab - INFO - Cleared selected folders and data.
2025-08-26 18:20:33 - core.config_manager - INFO - Configuration saved to G:\My Drive\0dev\Search Utility v3\tender_management_v3\config\config.json
2025-08-26 18:20:33 - ui.search_dashboard_tab.SearchDashboardTab - INFO - Added folder: H:/My Drive/CRM T84/0 Live App/Search Utility/data/merged_data
2025-08-26 18:20:37 - core.config_manager - INFO - Configuration saved to G:\My Drive\0dev\Search Utility v3\tender_management_v3\config\config.json
2025-08-26 18:20:37 - core.data_processor.TenderDataProcessor - INFO - Loading data from: H:/My Drive/CRM T84/0 Live App/Search Utility/data/merged_data\hptenders_gov_in_consolidated_master.xlsx
2025-08-26 18:20:38 - core.data_processor.TenderDataProcessor - INFO - Converted 'Closing Date' to datetime format using %Y-%m-%d %H:%M:%S (closing date)
2025-08-26 18:20:38 - core.data_processor.TenderDataProcessor - INFO - Sample converted values for 'Closing Date': [Timestamp('2025-06-05 13:00:00'), Timestamp('2025-05-27 13:00:00'), Timestamp('2025-05-27 12:00:00')]
2025-08-26 18:20:38 - core.data_processor.TenderDataProcessor - INFO - Identified closing date columns: ['Closing Date']
2025-08-26 18:20:38 - core.data_processor.TenderDataProcessor - INFO - Successfully loaded 9816 records from 1 files.
2025-08-26 18:20:46 - ui.search_dashboard_tab.SearchDashboardTab - INFO - Updated treeview with 9816 rows.
2025-08-26 18:21:50 - ui.search_dashboard_tab.SearchDashboardTab - INFO - Applying custom date filter: 2025-08-28 to 2025-08-29
2025-08-26 18:21:50 - core.data_processor.TenderDataProcessor - INFO - Custom date filter: 2025-08-28 00:00:00 to 2025-08-29 23:59:59
2025-08-26 18:21:50 - core.data_processor.TenderDataProcessor - INFO - Custom date filter returned 232 records
2025-08-26 18:21:50 - ui.search_dashboard_tab.SearchDashboardTab - INFO - Updated treeview with 232 rows.
2025-08-26 18:21:50 - ui.search_dashboard_tab.SearchDashboardTab - INFO - Applied filters: {'CaseInsensitive': True, 'DateFilter': {'type': 'custom', 'start_date': '2025-08-28', 'end_date': '2025-08-29'}}
