2025-08-31 14:07:12 - root - INFO - Logging to file: G:\My Drive\0dev\Search Utility v3\tender_management_v3\logs\app_20250831_140712.log
2025-08-31 14:07:12 - root - INFO - Application starting...
2025-08-31 14:07:13 - ui.main_window.MainApplication - INFO - Initializing MainApplication...
2025-08-31 14:07:13 - core.config_manager - INFO - Configuration loaded from G:\My Drive\0dev\Search Utility v3\tender_management_v3\config\config.json
2025-08-31 14:07:13 - ui.main_window.MainApplication - INFO - Global configuration loaded successfully
2025-08-31 14:07:13 - ui.main_window.MainApplication - INFO - Window geometry set to 1200x800+168+32
2025-08-31 14:07:14 - ui.search_dashboard_tab.SearchDashboardTab - INFO - Applying status filter: live
2025-08-31 14:07:14 - ui.search_dashboard_tab.SearchDashboardTab - INFO - Applied filters: {'CaseInsensitive': True, 'DateFilter': {'type': 'live'}}
2025-08-31 14:07:14 - ui.calendar_tab.CalendarTab - INFO - CalendarTab initialized
2025-08-31 14:07:14 - ui.calendar_tab.CalendarTab - INFO - Loaded 12 calendar events from G:\My Drive\0dev\Search Utility v3\tender_management_v3\data\calendar_events.json
2025-08-31 14:07:14 - ui.tender_tasks_tab.TenderTasksTab - INFO - TenderTasksTab initialized (placeholder)
2025-08-31 14:07:14 - ui.settings_tab.SettingsTab - INFO - SettingsTab initialized
2025-08-31 14:07:14 - ui.logs_tab.LogsTab - INFO - Log handler attached to root logger
2025-08-31 14:07:14 - ui.main_window.MainApplication - INFO - All tabs initialized successfully
2025-08-31 14:07:14 - ui.main_window - INFO - Main application initialized
2025-08-31 14:07:14 - root - INFO - Main window initialized
2025-08-31 14:07:14 - core.config_manager - INFO - Configuration saved to G:\My Drive\0dev\Search Utility v3\tender_management_v3\config\config.json
2025-08-31 14:07:14 - core.data_processor.TenderDataProcessor - INFO - Loading data from: G:/My Drive/0dev/Search Utility v3/tender_management_v3/data/merged_data\hptenders_gov_in_consolidated_master.xlsx
2025-08-31 14:07:16 - core.data_processor.TenderDataProcessor - INFO - Total columns in data: 10
2025-08-31 14:07:16 - core.data_processor.TenderDataProcessor - INFO - Found potential closing date column: 'Closing Date'
2025-08-31 14:07:16 - core.data_processor.TenderDataProcessor - INFO - Sample values before conversion for 'Closing Date': [Timestamp('2025-06-05 13:00:00'), Timestamp('2025-05-27 13:00:00'), Timestamp('2025-05-27 12:00:00'), Timestamp('2025-06-20 15:00:00'), Timestamp('2025-06-24 11:00:00')]
2025-08-31 14:07:16 - core.data_processor.TenderDataProcessor - INFO - Converted 'Closing Date' using format '%Y-%m-%d %H:%M:%S': 9816/9816 values
2025-08-31 14:07:16 - core.data_processor.TenderDataProcessor - INFO - Sample values after conversion for 'Closing Date': [Timestamp('2025-06-05 13:00:00'), Timestamp('2025-05-27 13:00:00'), Timestamp('2025-05-27 12:00:00'), Timestamp('2025-06-20 15:00:00'), Timestamp('2025-06-24 11:00:00')]
2025-08-31 14:07:16 - core.data_processor.TenderDataProcessor - INFO - Successfully loaded 9816 records from 1 files.
2025-08-31 14:07:22 - ui.search_dashboard_tab.SearchDashboardTab - INFO - Treeview updated with 9816 rows.
2025-08-31 14:07:22 - ui.search_dashboard_tab.SearchDashboardTab - INFO - Restored previous session data from 1 files
2025-08-31 14:07:22 - ui.main_window.MainApplication - INFO - Initial data loaded for Search tab
2025-08-31 14:08:21 - ui.search_dashboard_tab.SearchDashboardTab - INFO - Applying status filter: all
2025-08-31 14:08:28 - ui.search_dashboard_tab.SearchDashboardTab - INFO - Treeview updated with 9816 rows.
2025-08-31 14:08:28 - ui.search_dashboard_tab.SearchDashboardTab - INFO - Applied filters: {'CaseInsensitive': True, 'DateFilter': {'type': 'all'}}
2025-08-31 14:08:33 - ui.search_dashboard_tab.SearchDashboardTab - INFO - Applying status filter: expired
2025-08-31 14:08:40 - ui.search_dashboard_tab.SearchDashboardTab - INFO - Treeview updated with 9449 rows.
2025-08-31 14:08:40 - ui.search_dashboard_tab.SearchDashboardTab - INFO - Applied filters: {'CaseInsensitive': True, 'DateFilter': {'type': 'expired'}}
