2025-09-26 20:03:59 - root - INFO - Logging to file: G:\My Drive\0dev\Search Utility v3\tender_management_v3\logs\app_20250926_200359.log
2025-09-26 20:03:59 - root - INFO - Application starting...
2025-09-26 20:03:59 - ui.main_window.MainApplication - INFO - Initializing MainApplication...
2025-09-26 20:03:59 - core.config_manager - INFO - Configuration loaded from G:\My Drive\0dev\Search Utility v3\tender_management_v3\config\config.json
2025-09-26 20:03:59 - ui.main_window.MainApplication - INFO - Global configuration loaded successfully
2025-09-26 20:03:59 - ui.main_window.MainApplication - INFO - Window geometry set to 1200x800+168+32
2025-09-26 20:04:00 - ui.search_dashboard_tab.SearchDashboardTab - INFO - Applying status filter: live
2025-09-26 20:04:00 - ui.calendar_tab.CalendarTab - INFO - CalendarTab initialized
2025-09-26 20:04:00 - ui.calendar_tab.CalendarTab - INFO - Loaded 12 calendar events from G:\My Drive\0dev\Search Utility v3\tender_management_v3\data\calendar_events.json
2025-09-26 20:04:00 - ui.tender_tasks_tab.TenderTasksTab - INFO - TenderTasksTab initialized (placeholder)
2025-09-26 20:04:00 - ui.settings_tab.SettingsTab - INFO - SettingsTab initialized
2025-09-26 20:04:00 - ui.logs_tab.LogsTab - INFO - Log handler attached to root logger
2025-09-26 20:04:00 - ui.main_window.MainApplication - INFO - All tabs initialized successfully
2025-09-26 20:04:00 - ui.main_window - INFO - Main application initialized
2025-09-26 20:04:00 - root - INFO - Main window initialized
2025-09-26 20:04:28 - ui.search_dashboard_tab.SearchDashboardTab - INFO - Detected URL columns: ['Direct URL', 'Status URL']
2025-09-26 20:04:28 - ui.search_dashboard_tab.SearchDashboardTab - INFO - Applying status filter: live
2025-09-26 20:04:28 - ui.search_dashboard_tab.SearchDashboardTab - INFO - Live tenders filter: 1375 records closing after 2025-09-26 20:04:28.839069
2025-09-26 20:04:28 - ui.search_dashboard_tab.SearchDashboardTab - INFO - Detected URL columns: ['Direct URL', 'Status URL']
2025-09-26 20:04:33 - ui.charts_window - INFO - Charts data refreshed from Tree view
2025-09-26 20:04:35 - ui.charts_window - INFO - Charts data refreshed from Tree view
2025-09-26 20:04:37 - ui.charts_window - INFO - Charts data refreshed from Tree view
2025-09-26 20:04:39 - ui.charts_window - INFO - Charts data refreshed from Tree view
2025-09-26 20:04:41 - ui.charts_window - INFO - Charts data refreshed from Tree view
2025-09-26 20:04:43 - ui.charts_window - INFO - Charts data refreshed from Tree view
2025-09-26 20:04:45 - ui.charts_window - INFO - Charts data refreshed from Tree view
2025-09-26 20:04:48 - ui.charts_window - INFO - Charts data refreshed from Tree view
2025-09-26 20:04:50 - ui.charts_window - INFO - Charts data refreshed from Tree view
2025-09-26 20:04:52 - ui.charts_window - INFO - Charts data refreshed from Tree view
2025-09-26 20:04:54 - ui.charts_window - INFO - Charts data refreshed from Tree view
2025-09-26 20:04:56 - ui.charts_window - INFO - Charts data refreshed from Tree view
2025-09-26 20:04:58 - ui.charts_window - INFO - Charts data refreshed from Tree view
2025-09-26 20:05:00 - ui.charts_window - INFO - Charts data refreshed from Tree view
2025-09-26 20:05:02 - ui.charts_window - INFO - Charts data refreshed from Tree view
2025-09-26 20:05:04 - ui.charts_window - INFO - Charts data refreshed from Tree view
2025-09-26 20:05:06 - ui.charts_window - INFO - Charts data refreshed from Tree view
2025-09-26 20:05:08 - ui.charts_window - INFO - Charts data refreshed from Tree view
2025-09-26 20:05:10 - ui.charts_window - INFO - Charts data refreshed from Tree view
2025-09-26 20:05:12 - ui.charts_window - INFO - Charts data refreshed from Tree view
2025-09-26 20:05:14 - ui.charts_window - INFO - Charts data refreshed from Tree view
2025-09-26 20:05:16 - ui.charts_window - INFO - Charts data refreshed from Tree view
2025-09-26 20:05:18 - ui.charts_window - INFO - Charts data refreshed from Tree view
2025-09-26 20:05:20 - ui.charts_window - INFO - Charts data refreshed from Tree view
2025-09-26 20:05:22 - ui.charts_window - INFO - Charts data refreshed from Tree view
2025-09-26 20:05:24 - ui.charts_window - INFO - Charts data refreshed from Tree view
2025-09-26 20:05:27 - ui.charts_window - INFO - Charts data refreshed from Tree view
2025-09-26 20:05:29 - ui.charts_window - INFO - Charts data refreshed from Tree view
2025-09-26 20:05:31 - ui.charts_window - INFO - Charts data refreshed from Tree view
2025-09-26 20:05:33 - ui.charts_window - INFO - Charts data refreshed from Tree view
2025-09-26 20:05:35 - ui.charts_window - INFO - Charts data refreshed from Tree view
2025-09-26 20:05:37 - ui.charts_window - INFO - Charts data refreshed from Tree view
2025-09-26 20:05:39 - ui.charts_window - INFO - Charts data refreshed from Tree view
2025-09-26 20:05:41 - ui.charts_window - INFO - Charts data refreshed from Tree view
2025-09-26 20:05:43 - ui.charts_window - INFO - Charts data refreshed from Tree view
2025-09-26 20:05:45 - ui.charts_window - INFO - Charts data refreshed from Tree view
2025-09-26 20:05:47 - ui.charts_window - INFO - Charts data refreshed from Tree view
2025-09-26 20:05:49 - ui.charts_window - INFO - Charts data refreshed from Tree view
2025-09-26 20:05:51 - ui.charts_window - INFO - Charts data refreshed from Tree view
2025-09-26 20:05:53 - ui.charts_window - INFO - Charts data refreshed from Tree view
2025-09-26 20:05:55 - ui.charts_window - INFO - Charts data refreshed from Tree view
2025-09-26 20:05:57 - ui.charts_window - INFO - Charts data refreshed from Tree view
2025-09-26 20:05:59 - ui.charts_window - INFO - Charts data refreshed from Tree view
2025-09-26 20:06:01 - ui.charts_window - INFO - Charts data refreshed from Tree view
2025-09-26 20:06:03 - ui.charts_window - INFO - Charts data refreshed from Tree view
2025-09-26 20:06:05 - ui.charts_window - INFO - Charts data refreshed from Tree view
2025-09-26 20:06:08 - ui.charts_window - INFO - Charts data refreshed from Tree view
2025-09-26 20:06:10 - ui.charts_window - INFO - Charts data refreshed from Tree view
2025-09-26 20:06:12 - ui.charts_window - INFO - Charts data refreshed from Tree view
2025-09-26 20:06:14 - ui.charts_window - INFO - Charts data refreshed from Tree view
2025-09-26 20:06:16 - ui.charts_window - INFO - Charts data refreshed from Tree view
2025-09-26 20:06:18 - ui.charts_window - INFO - Charts data refreshed from Tree view
2025-09-26 20:06:20 - ui.charts_window - INFO - Charts data refreshed from Tree view
2025-09-26 20:06:22 - ui.charts_window - INFO - Charts data refreshed from Tree view
2025-09-26 20:06:24 - ui.charts_window - INFO - Charts data refreshed from Tree view
2025-09-26 20:06:26 - ui.charts_window - INFO - Charts data refreshed from Tree view
2025-09-26 20:06:28 - ui.charts_window - INFO - Charts data refreshed from Tree view
2025-09-26 20:06:30 - ui.charts_window - INFO - Charts data refreshed from Tree view
2025-09-26 20:06:32 - ui.charts_window - INFO - Charts data refreshed from Tree view
2025-09-26 20:06:34 - ui.charts_window - INFO - Charts data refreshed from Tree view
2025-09-26 20:06:36 - ui.charts_window - INFO - Charts data refreshed from Tree view
2025-09-26 20:06:38 - ui.charts_window - INFO - Charts data refreshed from Tree view
2025-09-26 20:06:40 - ui.charts_window - INFO - Charts data refreshed from Tree view
2025-09-26 20:06:42 - ui.charts_window - INFO - Charts data refreshed from Tree view
2025-09-26 20:06:45 - ui.charts_window - INFO - Charts data refreshed from Tree view
2025-09-26 20:06:47 - ui.charts_window - INFO - Charts data refreshed from Tree view
2025-09-26 20:06:49 - ui.charts_window - INFO - Charts data refreshed from Tree view
2025-09-26 20:06:51 - ui.charts_window - INFO - Charts data refreshed from Tree view
2025-09-26 20:06:53 - ui.charts_window - INFO - Charts data refreshed from Tree view
2025-09-26 20:06:55 - ui.charts_window - INFO - Charts data refreshed from Tree view
2025-09-26 20:06:57 - ui.charts_window - INFO - Charts data refreshed from Tree view
2025-09-26 20:06:59 - ui.charts_window - INFO - Charts data refreshed from Tree view
2025-09-26 20:07:01 - ui.charts_window - INFO - Charts data refreshed from Tree view
2025-09-26 20:07:03 - ui.charts_window - INFO - Charts data refreshed from Tree view
2025-09-26 20:07:05 - ui.charts_window - INFO - Charts data refreshed from Tree view
2025-09-26 20:07:07 - ui.charts_window - INFO - Charts data refreshed from Tree view
2025-09-26 20:07:09 - ui.charts_window - INFO - Charts data refreshed from Tree view
2025-09-26 20:07:11 - ui.charts_window - INFO - Charts data refreshed from Tree view
2025-09-26 20:07:14 - ui.charts_window - INFO - Charts data refreshed from Tree view
2025-09-26 20:07:16 - ui.charts_window - INFO - Charts data refreshed from Tree view
2025-09-26 20:07:18 - ui.charts_window - INFO - Charts data refreshed from Tree view
2025-09-26 20:07:20 - ui.charts_window - INFO - Charts data refreshed from Tree view
2025-09-26 20:07:22 - ui.charts_window - INFO - Charts data refreshed from Tree view
2025-09-26 20:07:24 - ui.charts_window - INFO - Charts data refreshed from Tree view
2025-09-26 20:07:26 - ui.charts_window - INFO - Charts data refreshed from Tree view
2025-09-26 20:07:28 - ui.charts_window - INFO - Charts data refreshed from Tree view
2025-09-26 20:07:30 - ui.charts_window - INFO - Charts data refreshed from Tree view
2025-09-26 20:07:32 - ui.charts_window - INFO - Charts data refreshed from Tree view
2025-09-26 20:07:34 - ui.charts_window - INFO - Charts data refreshed from Tree view
2025-09-26 20:07:36 - ui.charts_window - INFO - Charts data refreshed from Tree view
2025-09-26 20:07:38 - ui.charts_window - INFO - Charts data refreshed from Tree view
2025-09-26 20:07:40 - ui.charts_window - INFO - Charts data refreshed from Tree view
2025-09-26 20:07:42 - ui.charts_window - INFO - Charts data refreshed from Tree view
2025-09-26 20:07:45 - ui.charts_window - INFO - Charts data refreshed from Tree view
2025-09-26 20:07:45 - ui.search_dashboard_tab.SearchDashboardTab - INFO - Applying status filter: live
2025-09-26 20:07:45 - ui.search_dashboard_tab.SearchDashboardTab - INFO - Live tenders filter: 1375 records closing after 2025-09-26 20:07:45.304380
2025-09-26 20:07:45 - ui.search_dashboard_tab.SearchDashboardTab - INFO - Detected URL columns: ['Direct URL', 'Status URL']
2025-09-26 20:07:47 - ui.charts_window - INFO - Charts data refreshed from Tree view
2025-09-26 20:07:49 - ui.charts_window - INFO - Charts data refreshed from Tree view
2025-09-26 20:07:50 - ui.search_dashboard_tab.SearchDashboardTab - INFO - Live tenders filter: 1375 records closing after 2025-09-26 20:07:50.345606
2025-09-26 20:07:50 - ui.search_dashboard_tab.SearchDashboardTab - INFO - Department filter applied: 20 records match 'sid' with OR logic
2025-09-26 20:07:50 - ui.search_dashboard_tab.SearchDashboardTab - INFO - Detected URL columns: ['Direct URL', 'Status URL']
2025-09-26 20:07:50 - ui.search_dashboard_tab.SearchDashboardTab - INFO - Live tenders filter: 1375 records closing after 2025-09-26 20:07:50.920927
2025-09-26 20:07:50 - ui.search_dashboard_tab.SearchDashboardTab - INFO - Department filter applied: 17 records match 'sidc' with OR logic
2025-09-26 20:07:50 - ui.search_dashboard_tab.SearchDashboardTab - INFO - Detected URL columns: ['Direct URL', 'Status URL']
2025-09-26 20:07:51 - ui.charts_window - INFO - Charts data refreshed from Tree view
2025-09-26 20:07:53 - ui.charts_window - INFO - Charts data refreshed from Tree view
2025-09-26 20:07:55 - ui.charts_window - INFO - Charts data refreshed from Tree view
2025-09-26 20:07:57 - ui.charts_window - INFO - Charts data refreshed from Tree view
2025-09-26 20:07:59 - ui.charts_window - INFO - Charts data refreshed from Tree view
2025-09-26 20:08:01 - ui.charts_window - INFO - Charts data refreshed from Tree view
2025-09-26 20:08:03 - ui.charts_window - INFO - Charts data refreshed from Tree view
2025-09-26 20:08:03 - ui.search_dashboard_tab.SearchDashboardTab - INFO - Live tenders filter: 1375 records closing after 2025-09-26 20:08:03.619188
2025-09-26 20:08:03 - ui.search_dashboard_tab.SearchDashboardTab - INFO - Detected URL columns: ['Direct URL', 'Status URL']
2025-09-26 20:08:05 - ui.charts_window - INFO - Charts data refreshed from Tree view
2025-09-26 20:08:07 - ui.charts_window - INFO - Charts data refreshed from Tree view
2025-09-26 20:08:09 - ui.charts_window - INFO - Charts data refreshed from Tree view
2025-09-26 20:08:11 - ui.charts_window - INFO - Charts data refreshed from Tree view
2025-09-26 20:08:13 - ui.charts_window - INFO - Charts data refreshed from Tree view
2025-09-26 20:08:13 - ui.search_dashboard_tab.SearchDashboardTab - INFO - Applying status filter: live
2025-09-26 20:08:13 - ui.search_dashboard_tab.SearchDashboardTab - INFO - Live tenders filter: 1375 records closing after 2025-09-26 20:08:13.834250
2025-09-26 20:08:13 - ui.search_dashboard_tab.SearchDashboardTab - INFO - Detected URL columns: ['Direct URL', 'Status URL']
2025-09-26 20:08:15 - ui.charts_window - INFO - Charts data refreshed from Tree view
2025-09-26 20:08:17 - ui.charts_window - INFO - Charts data refreshed from Tree view
2025-09-26 20:08:19 - ui.charts_window - INFO - Charts data refreshed from Tree view
2025-09-26 20:08:21 - ui.charts_window - INFO - Charts data refreshed from Tree view
2025-09-26 20:08:23 - ui.charts_window - INFO - Charts data refreshed from Tree view
2025-09-26 20:08:25 - ui.charts_window - INFO - Charts data refreshed from Tree view
2025-09-26 20:08:27 - ui.charts_window - INFO - Charts data refreshed from Tree view
2025-09-26 20:08:29 - ui.charts_window - INFO - Charts data refreshed from Tree view
2025-09-26 20:08:32 - ui.charts_window - INFO - Charts data refreshed from Tree view
2025-09-26 20:08:34 - ui.charts_window - INFO - Charts data refreshed from Tree view
2025-09-26 20:08:36 - ui.charts_window - INFO - Charts data refreshed from Tree view
2025-09-26 20:08:38 - ui.charts_window - INFO - Charts data refreshed from Tree view
2025-09-26 20:08:40 - ui.charts_window - INFO - Charts data refreshed from Tree view
2025-09-26 20:08:42 - ui.charts_window - INFO - Charts data refreshed from Tree view
2025-09-26 20:08:44 - ui.charts_window - INFO - Charts data refreshed from Tree view
2025-09-26 20:08:46 - ui.charts_window - INFO - Charts data refreshed from Tree view
2025-09-26 20:08:48 - ui.charts_window - INFO - Charts data refreshed from Tree view
2025-09-26 20:08:50 - ui.charts_window - INFO - Charts data refreshed from Tree view
2025-09-26 20:08:52 - ui.charts_window - INFO - Charts data refreshed from Tree view
2025-09-26 20:08:54 - ui.charts_window - INFO - Charts data refreshed from Tree view
2025-09-26 20:08:55 - matplotlib.axes._base - WARNING - Ignoring fixed x limits to fulfill fixed data aspect with adjustable data limits.
2025-09-26 20:08:56 - ui.charts_window - INFO - Charts data refreshed from Tree view
2025-09-26 20:08:58 - ui.charts_window - INFO - Charts data refreshed from Tree view
2025-09-26 20:09:00 - ui.charts_window - INFO - Charts data refreshed from Tree view
2025-09-26 20:09:02 - ui.charts_window - INFO - Charts data refreshed from Tree view
2025-09-26 20:09:04 - ui.charts_window - INFO - Charts data refreshed from Tree view
2025-09-26 20:09:06 - ui.charts_window - INFO - Charts data refreshed from Tree view
2025-09-26 20:09:08 - ui.charts_window - INFO - Charts data refreshed from Tree view
2025-09-26 20:09:10 - ui.charts_window - INFO - Charts data refreshed from Tree view
2025-09-26 20:09:12 - ui.charts_window - INFO - Charts data refreshed from Tree view
2025-09-26 20:09:15 - ui.charts_window - INFO - Charts data refreshed from Tree view
2025-09-26 20:09:17 - ui.charts_window - INFO - Charts data refreshed from Tree view
2025-09-26 20:09:19 - ui.charts_window - INFO - Charts data refreshed from Tree view
2025-09-26 20:09:21 - ui.charts_window - INFO - Charts data refreshed from Tree view
2025-09-26 20:09:23 - ui.charts_window - INFO - Charts data refreshed from Tree view
2025-09-26 20:09:25 - ui.charts_window - INFO - Charts data refreshed from Tree view
2025-09-26 20:09:27 - ui.charts_window - INFO - Charts data refreshed from Tree view
2025-09-26 20:09:29 - ui.charts_window - INFO - Charts data refreshed from Tree view
2025-09-26 20:09:31 - ui.charts_window - INFO - Charts data refreshed from Tree view
2025-09-26 20:09:33 - ui.charts_window - INFO - Charts data refreshed from Tree view
2025-09-26 20:09:35 - ui.charts_window - INFO - Charts data refreshed from Tree view
2025-09-26 20:09:37 - ui.charts_window - INFO - Charts data refreshed from Tree view
2025-09-26 20:09:39 - ui.charts_window - INFO - Charts data refreshed from Tree view
2025-09-26 20:09:41 - ui.charts_window - INFO - Charts data refreshed from Tree view
2025-09-26 20:09:43 - ui.charts_window - INFO - Charts data refreshed from Tree view
2025-09-26 20:09:45 - ui.charts_window - INFO - Charts data refreshed from Tree view
2025-09-26 20:09:48 - ui.charts_window - INFO - Charts data refreshed from Tree view
2025-09-26 20:09:50 - ui.charts_window - INFO - Charts data refreshed from Tree view
2025-09-26 20:09:52 - ui.charts_window - INFO - Charts data refreshed from Tree view
2025-09-26 20:09:54 - ui.charts_window - INFO - Charts data refreshed from Tree view
2025-09-26 20:09:56 - ui.charts_window - INFO - Charts data refreshed from Tree view
2025-09-26 20:09:58 - ui.charts_window - INFO - Charts data refreshed from Tree view
2025-09-26 20:10:00 - ui.charts_window - INFO - Charts data refreshed from Tree view
2025-09-26 20:10:02 - ui.charts_window - INFO - Charts data refreshed from Tree view
2025-09-26 20:10:04 - ui.charts_window - INFO - Charts data refreshed from Tree view
2025-09-26 20:10:06 - ui.charts_window - INFO - Charts data refreshed from Tree view
2025-09-26 20:10:08 - ui.charts_window - INFO - Charts data refreshed from Tree view
2025-09-26 20:10:10 - ui.charts_window - INFO - Charts data refreshed from Tree view
2025-09-26 20:10:12 - ui.charts_window - INFO - Charts data refreshed from Tree view
2025-09-26 20:10:14 - ui.charts_window - INFO - Charts data refreshed from Tree view
2025-09-26 20:10:16 - ui.charts_window - INFO - Charts data refreshed from Tree view
2025-09-26 20:10:19 - ui.charts_window - INFO - Charts data refreshed from Tree view
2025-09-26 20:10:21 - ui.charts_window - INFO - Charts data refreshed from Tree view
2025-09-26 20:10:23 - ui.charts_window - INFO - Charts data refreshed from Tree view
2025-09-26 20:10:25 - ui.charts_window - INFO - Charts data refreshed from Tree view
2025-09-26 20:10:27 - ui.charts_window - INFO - Charts data refreshed from Tree view
2025-09-26 20:10:29 - ui.charts_window - INFO - Charts data refreshed from Tree view
2025-09-26 20:10:31 - ui.charts_window - INFO - Charts data refreshed from Tree view
2025-09-26 20:10:33 - ui.charts_window - INFO - Charts data refreshed from Tree view
2025-09-26 20:10:35 - ui.charts_window - INFO - Charts data refreshed from Tree view
2025-09-26 20:10:37 - ui.charts_window - INFO - Charts data refreshed from Tree view
2025-09-26 20:10:39 - ui.charts_window - INFO - Charts data refreshed from Tree view
2025-09-26 20:10:41 - ui.charts_window - INFO - Charts data refreshed from Tree view
2025-09-26 20:10:43 - ui.charts_window - INFO - Charts data refreshed from Tree view
2025-09-26 20:10:45 - ui.charts_window - INFO - Charts data refreshed from Tree view
2025-09-26 20:10:47 - ui.charts_window - INFO - Charts data refreshed from Tree view
2025-09-26 20:10:49 - ui.charts_window - INFO - Charts data refreshed from Tree view
2025-09-26 20:10:51 - ui.charts_window - INFO - Charts data refreshed from Tree view
2025-09-26 20:10:54 - ui.charts_window - INFO - Charts data refreshed from Tree view
2025-09-26 20:10:56 - ui.charts_window - INFO - Charts data refreshed from Tree view
2025-09-26 20:10:58 - ui.charts_window - INFO - Charts data refreshed from Tree view
2025-09-26 20:11:00 - ui.charts_window - INFO - Charts data refreshed from Tree view
2025-09-26 20:11:02 - ui.charts_window - INFO - Charts data refreshed from Tree view
2025-09-26 20:11:04 - ui.charts_window - INFO - Charts data refreshed from Tree view
2025-09-26 20:11:06 - ui.charts_window - INFO - Charts data refreshed from Tree view
2025-09-26 20:11:08 - ui.charts_window - INFO - Charts data refreshed from Tree view
2025-09-26 20:11:10 - ui.charts_window - INFO - Charts data refreshed from Tree view
2025-09-26 20:11:12 - ui.charts_window - INFO - Charts data refreshed from Tree view
2025-09-26 20:11:14 - ui.charts_window - INFO - Charts data refreshed from Tree view
2025-09-26 20:11:16 - ui.charts_window - INFO - Charts data refreshed from Tree view
2025-09-26 20:11:18 - ui.charts_window - INFO - Charts data refreshed from Tree view
2025-09-26 20:11:20 - ui.charts_window - INFO - Charts data refreshed from Tree view
2025-09-26 20:11:22 - ui.charts_window - INFO - Charts data refreshed from Tree view
2025-09-26 20:11:24 - ui.charts_window - INFO - Charts data refreshed from Tree view
2025-09-26 20:11:26 - ui.charts_window - INFO - Charts data refreshed from Tree view
2025-09-26 20:11:28 - ui.charts_window - INFO - Charts data refreshed from Tree view
2025-09-26 20:11:31 - ui.charts_window - INFO - Charts data refreshed from Tree view
2025-09-26 20:11:33 - ui.charts_window - INFO - Charts data refreshed from Tree view
2025-09-26 20:11:35 - ui.charts_window - INFO - Charts data refreshed from Tree view
2025-09-26 20:11:37 - ui.charts_window - INFO - Charts data refreshed from Tree view
2025-09-26 20:11:39 - ui.charts_window - INFO - Charts data refreshed from Tree view
2025-09-26 20:11:41 - ui.charts_window - INFO - Charts data refreshed from Tree view
2025-09-26 20:11:43 - ui.charts_window - INFO - Charts data refreshed from Tree view
2025-09-26 20:11:45 - ui.charts_window - INFO - Charts data refreshed from Tree view
2025-09-26 20:11:47 - ui.charts_window - INFO - Charts data refreshed from Tree view
2025-09-26 20:11:49 - ui.charts_window - INFO - Charts data refreshed from Tree view
2025-09-26 20:11:51 - ui.charts_window - INFO - Charts data refreshed from Tree view
2025-09-26 20:11:53 - ui.charts_window - INFO - Charts data refreshed from Tree view
2025-09-26 20:11:55 - ui.charts_window - INFO - Charts data refreshed from Tree view
2025-09-26 20:11:57 - ui.charts_window - INFO - Charts data refreshed from Tree view
2025-09-26 20:11:59 - ui.charts_window - INFO - Charts data refreshed from Tree view
2025-09-26 20:12:01 - ui.charts_window - INFO - Charts data refreshed from Tree view
2025-09-26 20:12:03 - ui.charts_window - INFO - Charts data refreshed from Tree view
