2025-09-29 09:26:57 - root - INFO - Logging to file: G:\My Drive\0dev\Search Utility v3\tender_management_v3\logs\app_20250929_092657.log
2025-09-29 09:26:57 - root - INFO - Application starting...
2025-09-29 09:26:57 - ui.main_window.MainApplication - INFO - Initializing MainApplication...
2025-09-29 09:26:58 - core.config_manager - INFO - Configuration loaded from G:\My Drive\0dev\Search Utility v3\tender_management_v3\config\config.json
2025-09-29 09:26:58 - ui.main_window.MainApplication - INFO - Global configuration loaded successfully
2025-09-29 09:26:58 - ui.main_window.MainApplication - INFO - Window geometry set to 1200x800+168+32
2025-09-29 09:27:00 - ui.search_dashboard_tab.SearchDashboardTab - INFO - Applying status filter: live
2025-09-29 09:27:00 - ui.calendar_tab.CalendarTab - INFO - CalendarTab initialized
2025-09-29 09:27:00 - ui.calendar_tab.CalendarTab - INFO - Loaded 12 calendar events from G:\My Drive\0dev\Search Utility v3\tender_management_v3\data\calendar_events.json
2025-09-29 09:27:00 - ui.tender_tasks_tab.TenderTasksTab - INFO - TenderTasksTab initialized (placeholder)
2025-09-29 09:27:01 - ui.settings_tab.SettingsTab - INFO - Default column settings initialized
2025-09-29 09:27:01 - ui.settings_tab.SettingsTab - INFO - Loaded column settings for 18 columns
2025-09-29 09:27:01 - ui.settings_tab.SettingsTab - INFO - SettingsTab initialized
2025-09-29 09:27:01 - ui.logs_tab.LogsTab - INFO - Log handler attached to root logger
2025-09-29 09:27:01 - ui.main_window.MainApplication - INFO - All tabs initialized successfully
2025-09-29 09:27:01 - ui.main_window - INFO - Main application initialized
2025-09-29 09:27:01 - root - INFO - Main window initialized
2025-09-29 09:27:02 - ui.search_dashboard_tab.SearchDashboardTab - INFO - Loading last used data source: export_test_data.xlsx
2025-09-29 09:27:08 - ui.search_dashboard_tab.SearchDashboardTab - INFO - Detected URL columns: []
2025-09-29 09:27:08 - ui.search_dashboard_tab.SearchDashboardTab - INFO - Applied column settings to treeview: 7 columns
2025-09-29 09:27:08 - ui.search_dashboard_tab.SearchDashboardTab - INFO - Applying status filter: live
2025-09-29 09:27:09 - ui.search_dashboard_tab.SearchDashboardTab - INFO - Live tenders filter: 0 records closing after 2025-09-29 09:27:09.311832
2025-09-29 09:27:09 - ui.search_dashboard_tab.SearchDashboardTab - INFO - Loaded merged file for analysis: export_test_data.xlsx (15000 records)
2025-09-29 09:27:09 - ui.search_dashboard_tab.SearchDashboardTab - INFO - Successfully loaded last used data source: export_test_data.xlsx
2025-09-29 09:27:09 - ui.main_window.MainApplication - INFO - Initial data loaded for Search tab
2025-09-29 09:27:16 - ui.tender_tasks_tab.TenderTasksTab - INFO - TenderTasksTab selected (placeholder)
2025-09-29 09:27:17 - ui.settings_tab.SettingsTab - INFO - Settings tab selected and refreshed
2025-09-29 09:27:17 - ui.logs_tab.LogsTab - INFO - Logs tab selected
2025-09-29 09:27:51 - ui.settings_tab.SettingsTab - INFO - Settings tab selected and refreshed
2025-09-29 09:27:57 - ui.logs_tab.LogsTab - INFO - Logs tab selected
2025-09-29 09:27:59 - ui.settings_tab.SettingsTab - INFO - Settings tab selected and refreshed
2025-09-29 09:28:00 - ui.tender_tasks_tab.TenderTasksTab - INFO - TenderTasksTab selected (placeholder)
2025-09-29 09:28:23 - ui.tender_tasks_tab.TenderTasksTab - INFO - TenderTasksTab selected (placeholder)
2025-09-29 09:28:23 - ui.settings_tab.SettingsTab - INFO - Settings tab selected and refreshed
2025-09-29 09:28:24 - ui.logs_tab.LogsTab - INFO - Logs tab selected
2025-09-29 09:28:25 - ui.settings_tab.SettingsTab - INFO - Settings tab selected and refreshed
2025-09-29 09:28:26 - ui.tender_tasks_tab.TenderTasksTab - INFO - TenderTasksTab selected (placeholder)
2025-09-29 09:28:34 - ui.main_window.MainApplication - WARNING - Could not load app icon in about dialog: couldn't recognize data in image file "resources\app_icon.ico"
2025-09-29 09:28:34 - ui.main_window.MainApplication - INFO - Cloud84 logo loaded successfully: resources\cloud84_logo.png
2025-09-29 09:29:00 - ui.tender_tasks_tab.TenderTasksTab - INFO - TenderTasksTab selected (placeholder)
2025-09-29 09:29:00 - ui.settings_tab.SettingsTab - INFO - Settings tab selected and refreshed
2025-09-29 09:29:01 - ui.logs_tab.LogsTab - INFO - Logs tab selected
2025-09-29 09:29:27 - ui.tender_tasks_tab.TenderTasksTab - INFO - TenderTasksTab selected (placeholder)
2025-09-29 09:29:28 - ui.settings_tab.SettingsTab - INFO - Settings tab selected and refreshed
2025-09-29 09:29:29 - ui.logs_tab.LogsTab - INFO - Logs tab selected
2025-09-29 09:29:31 - ui.tender_tasks_tab.TenderTasksTab - INFO - TenderTasksTab selected (placeholder)
2025-09-29 09:29:32 - ui.settings_tab.SettingsTab - INFO - Settings tab selected and refreshed
2025-09-29 09:29:32 - ui.logs_tab.LogsTab - INFO - Logs tab selected
2025-09-29 09:39:23 - ui.main_window - INFO - Application closing
2025-09-29 09:39:23 - core.config_manager - INFO - Configuration saved to G:\My Drive\0dev\Search Utility v3\tender_management_v3\config\config.json
