2025-09-26 15:32:00 - root - INFO - Logging to file: G:\My Drive\0dev\Search Utility v3\tender_management_v3\logs\app_20250926_153200.log
2025-09-26 15:32:00 - root - INFO - Application starting...
2025-09-26 15:32:00 - ui.main_window.MainApplication - INFO - Initializing MainApplication...
2025-09-26 15:32:00 - core.config_manager - INFO - Configuration loaded from G:\My Drive\0dev\Search Utility v3\tender_management_v3\config\config.json
2025-09-26 15:32:00 - ui.main_window.MainApplication - INFO - Global configuration loaded successfully
2025-09-26 15:32:00 - ui.main_window.MainApplication - INFO - Window geometry set to 1200x800+168+32
2025-09-26 15:32:01 - ui.search_dashboard_tab.SearchDashboardTab - INFO - Applying status filter: live
2025-09-26 15:32:01 - ui.calendar_tab.CalendarTab - INFO - CalendarTab initialized
2025-09-26 15:32:01 - ui.calendar_tab.CalendarTab - INFO - Loaded 12 calendar events from G:\My Drive\0dev\Search Utility v3\tender_management_v3\data\calendar_events.json
2025-09-26 15:32:01 - ui.tender_tasks_tab.TenderTasksTab - INFO - TenderTasksTab initialized (placeholder)
2025-09-26 15:32:01 - ui.settings_tab.SettingsTab - INFO - SettingsTab initialized
2025-09-26 15:32:01 - ui.logs_tab.LogsTab - INFO - Log handler attached to root logger
2025-09-26 15:32:01 - ui.main_window.MainApplication - INFO - All tabs initialized successfully
2025-09-26 15:32:01 - ui.main_window - INFO - Main application initialized
2025-09-26 15:32:01 - root - INFO - Main window initialized
2025-09-26 15:32:37 - ui.search_dashboard_tab.SearchDashboardTab - INFO - Detected URL columns: ['Direct URL', 'Status URL']
2025-09-26 15:32:37 - ui.search_dashboard_tab.SearchDashboardTab - INFO - Applying status filter: live
2025-09-26 15:32:37 - ui.search_dashboard_tab.SearchDashboardTab - INFO - Live tenders filter: 1432 records closing after 2025-09-26 15:32:37.876645
2025-09-26 15:32:37 - ui.search_dashboard_tab.SearchDashboardTab - INFO - Detected URL columns: ['Direct URL', 'Status URL']
2025-09-26 15:33:10 - ui.charts_window - ERROR - Error creating histogram: 'Category'
2025-09-26 15:33:10 - matplotlib.axes._base - WARNING - Ignoring fixed x limits to fulfill fixed data aspect with adjustable data limits.
2025-09-26 15:33:16 - ui.charts_window - ERROR - Error creating bar chart: 'Category'
2025-09-26 15:33:16 - matplotlib.axes._base - WARNING - Ignoring fixed x limits to fulfill fixed data aspect with adjustable data limits.
2025-09-26 15:34:54 - ui.charts_window - INFO - Charts data refreshed from Tree view
2025-09-26 15:41:17 - ui.charts_window - INFO - Charts data refreshed from Tree view
2025-09-26 15:41:18 - ui.charts_window - INFO - Charts data refreshed from Tree view
2025-09-26 15:41:49 - matplotlib.axes._base - WARNING - Ignoring fixed y limits to fulfill fixed data aspect with adjustable data limits.
2025-09-26 15:41:50 - matplotlib.axes._base - WARNING - Ignoring fixed x limits to fulfill fixed data aspect with adjustable data limits.
2025-09-26 15:42:13 - matplotlib.axes._base - WARNING - Ignoring fixed x limits to fulfill fixed data aspect with adjustable data limits.
2025-09-26 15:42:52 - ui.charts_window - INFO - Charts data refreshed from Tree view
2025-09-26 15:49:07 - ui.charts_window - INFO - Charts data refreshed from Tree view
2025-09-26 15:49:16 - ui.charts_window - INFO - Charts data refreshed from Tree view
