2025-09-24 19:30:45 - root - INFO - Logging to file: G:\My Drive\0dev\Search Utility v3\tender_management_v3\logs\app_20250924_193045.log
2025-09-24 19:30:45 - root - INFO - Application starting...
2025-09-24 19:30:46 - ui.main_window.MainApplication - INFO - Initializing MainApplication...
2025-09-24 19:30:46 - core.config_manager - INFO - Configuration loaded from G:\My Drive\0dev\Search Utility v3\tender_management_v3\config\config.json
2025-09-24 19:30:46 - ui.main_window.MainApplication - INFO - Global configuration loaded successfully
2025-09-24 19:30:46 - ui.main_window.MainApplication - INFO - Window geometry set to 1200x800+168+32
2025-09-24 19:30:46 - ui.search_dashboard_tab.SearchDashboardTab - INFO - Applying status filter: live
2025-09-24 19:30:46 - ui.calendar_tab.CalendarTab - INFO - CalendarTab initialized
2025-09-24 19:30:47 - ui.calendar_tab.CalendarTab - INFO - Loaded 12 calendar events from G:\My Drive\0dev\Search Utility v3\tender_management_v3\data\calendar_events.json
2025-09-24 19:30:47 - ui.tender_tasks_tab.TenderTasksTab - INFO - TenderTasksTab initialized (placeholder)
2025-09-24 19:30:47 - ui.settings_tab.SettingsTab - INFO - SettingsTab initialized
2025-09-24 19:30:47 - ui.logs_tab.LogsTab - INFO - Log handler attached to root logger
2025-09-24 19:30:47 - ui.main_window.MainApplication - INFO - All tabs initialized successfully
2025-09-24 19:30:47 - ui.main_window - INFO - Main application initialized
2025-09-24 19:30:47 - root - INFO - Main window initialized
2025-09-24 19:30:57 - ui.portal_merger_tab.PortalDataMergerTab - INFO - Added new files for merging: ('H:/My Drive/CRM T84/0 Live App/Search data/input_excel_files/hptenders_consolidated_master.xlsx', 'H:/My Drive/CRM T84/0 Live App/Search data/input_excel_files/hptenders_gov_in_consolidated_master.xlsx', 'H:/My Drive/CRM T84/0 Live App/Search data/input_excel_files/hptenders_gov_in_tenders_20250924_105656.xlsx')
2025-09-24 19:30:58 - ui.portal_merger_tab.PortalDataMergerTab - INFO - Starting batch merge process via UI. Output Folder='H:/My Drive/CRM T84/0 Live App/Search data/merged_data'
2025-09-24 19:30:58 - ui.portal_merger_tab.PortalDataMergerTab - INFO - Processing portal hptenders with 3 files
2025-09-24 19:30:58 - ui.portal_merger_tab.PortalDataMergerTab - INFO - Sorted 3 files for portal 'hptenders', oldest first.
2025-09-24 19:30:58 - ui.portal_merger_tab.PortalDataMergerTab - INFO - Portal hptenders: Processing files in this order:
  1. hptenders_gov_in_tenders_20250924_105656.xlsx
  2. hptenders_consolidated_master.xlsx
  3. hptenders_gov_in_consolidated_master.xlsx

2025-09-24 19:30:58 - core.file_merger - INFO - No existing consolidated file found for portal 'hptenders'. Creating new master.
2025-09-24 19:30:59 - core.file_merger - INFO - Loaded 1453 records from hptenders_gov_in_tenders_20250924_105656.xlsx
2025-09-24 19:31:00 - core.file_merger - INFO - Loaded 13809 records from hptenders_consolidated_master.xlsx
2025-09-24 19:31:02 - core.file_merger - INFO - Loaded 13809 records from hptenders_gov_in_consolidated_master.xlsx
2025-09-24 19:31:02 - core.file_merger - INFO - Columns in combined data: ['Department Name', 'S.No', 'e-Published Date', 'Closing Date', 'Opening Date', 'Organisation Chain', 'Title and Ref.No./Tender ID', 'Tender ID (Extracted)', 'Direct URL', 'Status URL']
2025-09-24 19:31:02 - core.file_merger - INFO - Preferred unique keys: ['Tender ID (Extracted)', 'Title and Ref.No./Tender ID', 'Tender ID']
2025-09-24 19:31:02 - core.file_merger - INFO - Selected unique key: Tender ID (Extracted)
2025-09-24 19:31:02 - core.file_merger - INFO - Merge for portal 'hptenders': 29071 total input records -> 13810 unique records (removed 15261 duplicates)
2025-09-24 19:31:03 - core.file_merger - INFO - Successfully merged 3 files for portal 'hptenders'.
Summary: 13810 total records in merged file
• 13810 new records added
• 0 existing records updated with newer data
• 15261 duplicate records resolved
Output file: hptenders_consolidated_master.xlsx
2025-09-24 19:31:13 - ui.portal_merger_tab.PortalDataMergerTab - INFO - Batch merge process completed. Success: 1, Fail: 0
2025-09-24 19:31:18 - ui.portal_merger_tab.PortalDataMergerTab - WARNING - Search tab does not support loading merged file.
2025-09-24 19:31:18 - ui.portal_merger_tab.PortalDataMergerTab - INFO - Cleared all files from merge list.
2025-09-24 19:36:35 - ui.main_window - INFO - Application closing
2025-09-24 19:36:35 - core.config_manager - INFO - Configuration saved to G:\My Drive\0dev\Search Utility v3\tender_management_v3\config\config.json
