2025-09-28 13:38:52 - root - INFO - Logging to file: G:\My Drive\0dev\Search Utility v3\tender_management_v3\logs\app_20250928_133852.log
2025-09-28 13:38:52 - root - INFO - Application starting...
2025-09-28 13:38:52 - ui.main_window.MainApplication - INFO - Initializing MainApplication...
2025-09-28 13:38:52 - core.config_manager - INFO - Configuration loaded from G:\My Drive\0dev\Search Utility v3\tender_management_v3\config\config.json
2025-09-28 13:38:52 - ui.main_window.MainApplication - INFO - Global configuration loaded successfully
2025-09-28 13:38:52 - ui.main_window.MainApplication - INFO - Window geometry set to 1200x800+168+32
2025-09-28 13:38:53 - ui.search_dashboard_tab.SearchDashboardTab - INFO - Applying status filter: live
2025-09-28 13:38:53 - ui.calendar_tab.CalendarTab - INFO - CalendarTab initialized
2025-09-28 13:38:53 - ui.calendar_tab.CalendarTab - INFO - Loaded 12 calendar events from G:\My Drive\0dev\Search Utility v3\tender_management_v3\data\calendar_events.json
2025-09-28 13:38:53 - ui.tender_tasks_tab.TenderTasksTab - INFO - TenderTasksTab initialized (placeholder)
2025-09-28 13:38:53 - ui.settings_tab.SettingsTab - INFO - Default column settings initialized
2025-09-28 13:38:53 - ui.settings_tab.SettingsTab - INFO - Loaded column settings for 18 columns
2025-09-28 13:38:53 - ui.settings_tab.SettingsTab - INFO - SettingsTab initialized
2025-09-28 13:38:53 - ui.logs_tab.LogsTab - INFO - Log handler attached to root logger
2025-09-28 13:38:53 - ui.main_window.MainApplication - INFO - All tabs initialized successfully
2025-09-28 13:38:53 - ui.main_window - INFO - Main application initialized
2025-09-28 13:38:53 - root - INFO - Main window initialized
2025-09-28 13:38:53 - ui.search_dashboard_tab.SearchDashboardTab - INFO - Loading last used data source: export_test_data.xlsx
2025-09-28 13:38:56 - ui.search_dashboard_tab.SearchDashboardTab - INFO - Detected URL columns: []
2025-09-28 13:38:56 - ui.search_dashboard_tab.SearchDashboardTab - INFO - Applied column settings to treeview: 7 columns
2025-09-28 13:38:56 - ui.search_dashboard_tab.SearchDashboardTab - INFO - Applying status filter: live
2025-09-28 13:38:59 - ui.search_dashboard_tab.SearchDashboardTab - INFO - Live tenders filter: 0 records closing after 2025-09-28 13:38:59.118272
2025-09-28 13:38:59 - ui.search_dashboard_tab.SearchDashboardTab - INFO - Loaded merged file for analysis: export_test_data.xlsx (15000 records)
2025-09-28 13:38:59 - ui.search_dashboard_tab.SearchDashboardTab - INFO - Successfully loaded last used data source: export_test_data.xlsx
2025-09-28 13:38:59 - ui.main_window.MainApplication - INFO - Initial data loaded for Search tab
2025-09-28 13:39:10 - ui.search_dashboard_tab.SearchDashboardTab - INFO - Detected URL columns: ['Direct URL', 'Status URL']
2025-09-28 13:39:10 - ui.search_dashboard_tab.SearchDashboardTab - INFO - Applied column settings to treeview: 11 columns
2025-09-28 13:39:10 - ui.search_dashboard_tab.SearchDashboardTab - INFO - Applying status filter: live
2025-09-28 13:39:10 - ui.search_dashboard_tab.SearchDashboardTab - INFO - Live tenders filter: 1283 records closing after 2025-09-28 13:39:10.591046
2025-09-28 13:39:10 - ui.search_dashboard_tab.SearchDashboardTab - INFO - Detected URL columns: ['Direct URL', 'Status URL']
2025-09-28 13:39:10 - ui.search_dashboard_tab.SearchDashboardTab - INFO - Applied column settings to treeview: 11 columns
2025-09-28 13:39:34 - ui.search_dashboard_tab.SearchDashboardTab - INFO - Extracted text from clipboard: 22 characters
2025-09-28 13:39:34 - ui.search_dashboard_tab.SearchDashboardTab - INFO - Live tenders filter: 1283 records closing after 2025-09-28 13:39:34.993365
2025-09-28 13:39:35 - ui.search_dashboard_tab.SearchDashboardTab - INFO - Global search applied: 0 records match 'BENCHMARK_HELP.md file' with AND logic
2025-09-28 13:39:35 - ui.search_dashboard_tab.SearchDashboardTab - INFO - OCR successfully filled Global Search with 22 characters
2025-09-28 13:39:45 - ui.search_dashboard_tab.SearchDashboardTab - INFO - Live tenders filter: 1283 records closing after 2025-09-28 13:39:45.343523
2025-09-28 13:39:45 - ui.search_dashboard_tab.SearchDashboardTab - INFO - Global search applied: 0 records match 'BENCHMARK' with AND logic
2025-09-28 13:39:49 - ui.search_dashboard_tab.SearchDashboardTab - INFO - Live tenders filter: 1283 records closing after 2025-09-28 13:39:49.367754
2025-09-28 13:39:49 - ui.search_dashboard_tab.SearchDashboardTab - INFO - Global search applied: 5 records match 'MARK' with AND logic
2025-09-28 13:39:49 - ui.search_dashboard_tab.SearchDashboardTab - INFO - Detected URL columns: ['Direct URL', 'Status URL']
2025-09-28 13:39:49 - ui.search_dashboard_tab.SearchDashboardTab - INFO - Applied column settings to treeview: 11 columns
2025-09-28 13:44:16 - ui.tender_tasks_tab.TenderTasksTab - INFO - TenderTasksTab selected (placeholder)
2025-09-28 13:44:17 - ui.settings_tab.SettingsTab - INFO - Settings tab selected and refreshed
2025-09-28 13:44:24 - ui.benchmark_window.BenchmarkWindow - INFO - Benchmark window initialized
2025-09-28 13:44:24 - ui.settings_tab.SettingsTab - INFO - Benchmark window opened from settings
