2025-08-26 17:26:38 - root - INFO - Logging to file: G:\My Drive\0dev\Search Utility v3\tender_management_v3\logs\app_20250826_172638.log
2025-08-26 17:26:38 - root - INFO - Application starting...
2025-08-26 17:26:38 - core.config_manager - INFO - Configuration loaded from G:\My Drive\0dev\Search Utility v3\tender_management_v3\config\config.json
2025-08-26 17:26:38 - ui.main_window - INFO - Global styles configured
2025-08-26 17:26:40 - ui.calendar_tab.CalendarTab - INFO - CalendarTab initialized
2025-08-26 17:26:40 - ui.calendar_tab.CalendarTab - INFO - Loaded 12 calendar events from G:\My Drive\0dev\Search Utility v3\tender_management_v3\data\calendar_events.json
2025-08-26 17:26:40 - ui.tender_tasks_tab.TenderTasksTab - INFO - TenderTasksTab initialized (placeholder)
2025-08-26 17:26:40 - ui.settings_tab.SettingsTab - INFO - SettingsTab initialized
2025-08-26 17:26:40 - ui.logs_tab.LogsTab - INFO - Log handler attached to root logger
2025-08-26 17:26:40 - core.config_manager - INFO - Configuration saved to G:\My Drive\0dev\Search Utility v3\tender_management_v3\config\config.json
2025-08-26 17:26:40 - core.data_processor.TenderDataProcessor - INFO - Loading data from: H:/My Drive/CRM T84/0 Live App/Search Utility/data/merged_data\hptenders_gov_in_consolidated_master.xlsx
2025-08-26 17:26:41 - core.data_processor.TenderDataProcessor - INFO - Converted 'Closing Date' to datetime format (closing date)
2025-08-26 17:26:42 - core.data_processor.TenderDataProcessor - INFO - Identified closing date columns: ['Closing Date']
2025-08-26 17:26:42 - core.data_processor.TenderDataProcessor - INFO - Successfully loaded 9816 records from 1 files.
2025-08-26 17:26:49 - ui.search_dashboard_tab.SearchDashboardTab - INFO - Updated treeview with 9816 rows.
2025-08-26 17:26:49 - ui.search_dashboard_tab.SearchDashboardTab - INFO - Restored previous session data from 1 files
2025-08-26 17:26:49 - ui.main_window - INFO - Main application initialized
2025-08-26 17:26:49 - root - INFO - Main window initialized
2025-08-26 17:27:11 - ui.search_dashboard_tab.SearchDashboardTab - INFO - Applying date filter preset: expired
2025-08-26 17:27:17 - ui.search_dashboard_tab.SearchDashboardTab - INFO - Updated treeview with 8966 rows.
2025-08-26 17:27:17 - ui.search_dashboard_tab.SearchDashboardTab - INFO - Applied filters: {'CaseInsensitive': True, 'DateFilter': {'type': 'expired'}}
2025-08-26 17:28:05 - ui.search_dashboard_tab.SearchDashboardTab - INFO - Applying date filter preset: today
2025-08-26 17:28:05 - ui.search_dashboard_tab.SearchDashboardTab - INFO - Updated treeview with 57 rows.
2025-08-26 17:28:05 - ui.search_dashboard_tab.SearchDashboardTab - INFO - Applied filters: {'CaseInsensitive': True, 'DateFilter': {'type': 'today'}}
2025-08-26 17:28:07 - ui.search_dashboard_tab.SearchDashboardTab - INFO - Applying date filter preset: next_3_days
2025-08-26 17:28:07 - ui.search_dashboard_tab.SearchDashboardTab - INFO - Updated treeview with 269 rows.
2025-08-26 17:28:07 - ui.search_dashboard_tab.SearchDashboardTab - INFO - Applied filters: {'CaseInsensitive': True, 'DateFilter': {'type': 'next_3_days'}}
2025-08-26 17:28:11 - ui.search_dashboard_tab.SearchDashboardTab - INFO - Applying date filter preset: next_7_days
2025-08-26 17:28:11 - ui.search_dashboard_tab.SearchDashboardTab - INFO - Updated treeview with 657 rows.
2025-08-26 17:28:11 - ui.search_dashboard_tab.SearchDashboardTab - INFO - Applied filters: {'CaseInsensitive': True, 'DateFilter': {'type': 'next_7_days'}}
2025-08-26 17:28:18 - ui.search_dashboard_tab.SearchDashboardTab - INFO - Applying custom date filter: 2025-08-26 to 2025-08-28
2025-08-26 17:28:37 - ui.search_dashboard_tab.SearchDashboardTab - INFO - Updated treeview with 9816 rows.
2025-08-26 17:28:37 - ui.search_dashboard_tab.SearchDashboardTab - INFO - Applied filters: {'CaseInsensitive': True}
2025-08-26 17:28:37 - ui.search_dashboard_tab.SearchDashboardTab - INFO - All filters have been reset
2025-08-26 17:28:43 - ui.search_dashboard_tab.SearchDashboardTab - INFO - Applying custom date filter: 2025-08-26 to 2025-08-28
