2025-09-26 19:27:52 - root - INFO - Logging to file: G:\My Drive\0dev\Search Utility v3\tender_management_v3\logs\app_20250926_192752.log
2025-09-26 19:27:52 - root - INFO - Application starting...
2025-09-26 19:27:52 - ui.main_window.MainApplication - INFO - Initializing MainApplication...
2025-09-26 19:27:52 - core.config_manager - INFO - Configuration loaded from G:\My Drive\0dev\Search Utility v3\tender_management_v3\config\config.json
2025-09-26 19:27:52 - ui.main_window.MainApplication - INFO - Global configuration loaded successfully
2025-09-26 19:27:52 - ui.main_window.MainApplication - INFO - Window geometry set to 1200x800+168+32
2025-09-26 19:27:53 - ui.search_dashboard_tab.SearchDashboardTab - INFO - Applying status filter: live
2025-09-26 19:27:53 - ui.calendar_tab.CalendarTab - INFO - CalendarTab initialized
2025-09-26 19:27:53 - ui.calendar_tab.CalendarTab - INFO - Loaded 12 calendar events from G:\My Drive\0dev\Search Utility v3\tender_management_v3\data\calendar_events.json
2025-09-26 19:27:53 - ui.tender_tasks_tab.TenderTasksTab - INFO - TenderTasksTab initialized (placeholder)
2025-09-26 19:27:53 - ui.settings_tab.SettingsTab - INFO - SettingsTab initialized
2025-09-26 19:27:53 - ui.logs_tab.LogsTab - INFO - Log handler attached to root logger
2025-09-26 19:27:53 - ui.main_window.MainApplication - INFO - All tabs initialized successfully
2025-09-26 19:27:53 - ui.main_window - INFO - Main application initialized
2025-09-26 19:27:53 - root - INFO - Main window initialized
2025-09-26 19:28:11 - ui.search_dashboard_tab.SearchDashboardTab - INFO - Detected URL columns: ['Direct URL', 'Status URL']
2025-09-26 19:28:11 - ui.search_dashboard_tab.SearchDashboardTab - INFO - Applying status filter: live
2025-09-26 19:28:11 - ui.search_dashboard_tab.SearchDashboardTab - INFO - Live tenders filter: 1375 records closing after 2025-09-26 19:28:11.578592
2025-09-26 19:28:11 - ui.search_dashboard_tab.SearchDashboardTab - INFO - Detected URL columns: ['Direct URL', 'Status URL']
2025-09-26 19:28:57 - ui.search_dashboard_tab.SearchDashboardTab - ERROR - Error opening charts window: 'ChartsWindow' object has no attribute 'canvas'
