2025-09-24 18:10:25 - root - INFO - Logging to file: G:\My Drive\0dev\Search Utility v3\tender_management_v3\logs\app_20250924_181025.log
2025-09-24 18:10:25 - root - INFO - Application starting...
2025-09-24 18:10:26 - ui.main_window.MainApplication - INFO - Initializing MainApplication...
2025-09-24 18:10:26 - core.config_manager - INFO - Configuration loaded from G:\My Drive\0dev\Search Utility v3\tender_management_v3\config\config.json
2025-09-24 18:10:26 - ui.main_window.MainApplication - INFO - Global configuration loaded successfully
2025-09-24 18:10:26 - ui.main_window.MainApplication - INFO - Window geometry set to 1200x800+168+32
2025-09-24 18:10:27 - ui.search_dashboard_tab.SearchDashboardTab - INFO - Applying status filter: live
2025-09-24 18:10:27 - ui.calendar_tab.CalendarTab - INFO - CalendarTab initialized
2025-09-24 18:10:27 - ui.calendar_tab.CalendarTab - INFO - Loaded 12 calendar events from G:\My Drive\0dev\Search Utility v3\tender_management_v3\data\calendar_events.json
2025-09-24 18:10:27 - ui.tender_tasks_tab.TenderTasksTab - INFO - TenderTasksTab initialized (placeholder)
2025-09-24 18:10:27 - ui.settings_tab.SettingsTab - INFO - SettingsTab initialized
2025-09-24 18:10:27 - ui.logs_tab.LogsTab - INFO - Log handler attached to root logger
2025-09-24 18:10:27 - ui.main_window.MainApplication - INFO - All tabs initialized successfully
2025-09-24 18:10:27 - ui.main_window - INFO - Main application initialized
2025-09-24 18:10:27 - root - INFO - Main window initialized
2025-09-24 18:10:41 - ui.portal_merger_tab.PortalDataMergerTab - INFO - Added new files for merging: ('H:/My Drive/CRM T84/0 Live App/Search data/input_excel_files/hptenders_consolidated_master.xlsx', 'H:/My Drive/CRM T84/0 Live App/Search data/input_excel_files/hptenders_gov_in_consolidated_master.xlsx', 'H:/My Drive/CRM T84/0 Live App/Search data/input_excel_files/hptenders_gov_in_tenders_20250924_105656.xlsx')
2025-09-24 18:10:44 - ui.portal_merger_tab.PortalDataMergerTab - INFO - Starting batch merge process via UI. Output Folder='H:/My Drive/CRM T84/0 Live App/Search data/merged_data'
2025-09-24 18:10:44 - ui.portal_merger_tab.PortalDataMergerTab - INFO - Processing portal hptenders with 3 files
2025-09-24 18:10:44 - ui.portal_merger_tab.PortalDataMergerTab - INFO - Sorted 3 files for portal 'hptenders', oldest first.
2025-09-24 18:10:44 - ui.portal_merger_tab.PortalDataMergerTab - INFO - Portal hptenders: Processing files in this order:
  1. hptenders_gov_in_tenders_20250924_105656.xlsx
  2. hptenders_consolidated_master.xlsx
  3. hptenders_gov_in_consolidated_master.xlsx

2025-09-24 18:10:44 - core.file_merger - INFO - No existing consolidated file found for portal 'hptenders'. Creating new master.
2025-09-24 18:10:44 - core.file_merger - INFO - Loaded 1453 records from hptenders_gov_in_tenders_20250924_105656.xlsx
2025-09-24 18:10:46 - core.file_merger - INFO - Loaded 13809 records from hptenders_consolidated_master.xlsx
2025-09-24 18:10:47 - core.file_merger - INFO - Loaded 13809 records from hptenders_gov_in_consolidated_master.xlsx
2025-09-24 18:10:47 - core.file_merger - INFO - Determining unique key from combined data...
2025-09-24 18:10:47 - core.file_merger - INFO - Loaded 13809 records from hptenders_gov_in_consolidated_master.xlsx
2025-09-24 18:11:17 - ui.portal_merger_tab.PortalDataMergerTab - INFO - Batch merge process completed. Success: 0, Fail: 1
2025-09-24 18:11:17 - ui.portal_merger_tab.PortalDataMergerTab - INFO - Cleared all files from merge list.
2025-09-24 18:15:56 - ui.main_window - INFO - Application closing
2025-09-24 18:15:56 - core.config_manager - INFO - Configuration saved to G:\My Drive\0dev\Search Utility v3\tender_management_v3\config\config.json
