2025-09-26 20:12:10 - root - INFO - Logging to file: G:\My Drive\0dev\Search Utility v3\tender_management_v3\logs\app_20250926_201210.log
2025-09-26 20:12:10 - root - INFO - Application starting...
2025-09-26 20:12:10 - ui.main_window.MainApplication - INFO - Initializing MainApplication...
2025-09-26 20:12:10 - core.config_manager - INFO - Configuration loaded from G:\My Drive\0dev\Search Utility v3\tender_management_v3\config\config.json
2025-09-26 20:12:10 - ui.main_window.MainApplication - INFO - Global configuration loaded successfully
2025-09-26 20:12:10 - ui.main_window.MainApplication - INFO - Window geometry set to 1200x800+168+32
2025-09-26 20:12:11 - ui.search_dashboard_tab.SearchDashboardTab - INFO - Applying status filter: live
2025-09-26 20:12:12 - ui.calendar_tab.CalendarTab - INFO - CalendarTab initialized
2025-09-26 20:12:12 - ui.calendar_tab.CalendarTab - INFO - Loaded 12 calendar events from G:\My Drive\0dev\Search Utility v3\tender_management_v3\data\calendar_events.json
2025-09-26 20:12:12 - ui.tender_tasks_tab.TenderTasksTab - INFO - TenderTasksTab initialized (placeholder)
2025-09-26 20:12:12 - ui.settings_tab.SettingsTab - INFO - SettingsTab initialized
2025-09-26 20:12:12 - ui.logs_tab.LogsTab - INFO - Log handler attached to root logger
2025-09-26 20:12:12 - ui.main_window.MainApplication - INFO - All tabs initialized successfully
2025-09-26 20:12:12 - ui.main_window - INFO - Main application initialized
2025-09-26 20:12:12 - root - INFO - Main window initialized
2025-09-26 20:12:51 - ui.search_dashboard_tab.SearchDashboardTab - INFO - Detected URL columns: ['Direct URL', 'Status URL']
2025-09-26 20:12:51 - ui.search_dashboard_tab.SearchDashboardTab - INFO - Applying status filter: live
2025-09-26 20:12:51 - ui.search_dashboard_tab.SearchDashboardTab - INFO - Live tenders filter: 1375 records closing after 2025-09-26 20:12:51.341668
2025-09-26 20:12:51 - ui.search_dashboard_tab.SearchDashboardTab - INFO - Detected URL columns: ['Direct URL', 'Status URL']
2025-09-26 20:12:59 - ui.charts_window - INFO - Charts data refreshed from Tree view
2025-09-26 20:13:01 - ui.charts_window - INFO - Charts data refreshed from Tree view
2025-09-26 20:13:03 - ui.charts_window - INFO - Charts data refreshed from Tree view
2025-09-26 20:13:06 - ui.charts_window - INFO - Charts data refreshed from Tree view
2025-09-26 20:13:08 - ui.charts_window - INFO - Charts data refreshed from Tree view
2025-09-26 20:13:10 - ui.charts_window - INFO - Charts data refreshed from Tree view
2025-09-26 20:13:12 - ui.charts_window - INFO - Charts data refreshed from Tree view
2025-09-26 20:13:14 - ui.charts_window - INFO - Charts data refreshed from Tree view
2025-09-26 20:13:16 - ui.charts_window - INFO - Charts data refreshed from Tree view
2025-09-26 20:13:18 - ui.charts_window - INFO - Charts data refreshed from Tree view
2025-09-26 20:13:20 - ui.charts_window - INFO - Charts data refreshed from Tree view
2025-09-26 20:13:22 - ui.charts_window - INFO - Charts data refreshed from Tree view
2025-09-26 20:13:24 - ui.charts_window - INFO - Charts data refreshed from Tree view
2025-09-26 20:13:26 - ui.charts_window - INFO - Charts data refreshed from Tree view
2025-09-26 20:13:28 - ui.charts_window - INFO - Charts data refreshed from Tree view
2025-09-26 20:13:30 - ui.search_dashboard_tab.SearchDashboardTab - INFO - Applying time filter: next_3_days
2025-09-26 20:13:30 - ui.search_dashboard_tab.SearchDashboardTab - INFO - Live tenders filter: 1375 records closing after 2025-09-26 20:13:30.092917
2025-09-26 20:13:30 - ui.search_dashboard_tab.SearchDashboardTab - INFO - Time range filter (next_3_days) with status (live): 636 records
2025-09-26 20:13:30 - ui.search_dashboard_tab.SearchDashboardTab - INFO - Detected URL columns: ['Direct URL', 'Status URL']
2025-09-26 20:13:30 - ui.charts_window - INFO - Charts data refreshed from Tree view
2025-09-26 20:13:32 - ui.charts_window - INFO - Charts data refreshed from Tree view
2025-09-26 20:13:34 - ui.charts_window - INFO - Charts data refreshed from Tree view
2025-09-26 20:13:36 - ui.charts_window - INFO - Charts data refreshed from Tree view
2025-09-26 20:13:38 - ui.charts_window - INFO - Charts data refreshed from Tree view
2025-09-26 20:13:40 - ui.charts_window - INFO - Charts data refreshed from Tree view
2025-09-26 20:13:42 - ui.charts_window - INFO - Charts data refreshed from Tree view
2025-09-26 20:13:44 - ui.charts_window - INFO - Charts data refreshed from Tree view
2025-09-26 20:13:46 - ui.charts_window - INFO - Charts data refreshed from Tree view
2025-09-26 20:13:48 - ui.charts_window - INFO - Charts data refreshed from Tree view
2025-09-26 20:13:50 - ui.search_dashboard_tab.SearchDashboardTab - INFO - Live tenders filter: 1375 records closing after 2025-09-26 20:13:50.209124
2025-09-26 20:13:50 - ui.search_dashboard_tab.SearchDashboardTab - INFO - Department filter applied: 574 records match 'i' with OR logic
2025-09-26 20:13:50 - ui.search_dashboard_tab.SearchDashboardTab - INFO - Time range filter (next_3_days) with status (live): 192 records
2025-09-26 20:13:50 - ui.search_dashboard_tab.SearchDashboardTab - INFO - Detected URL columns: ['Direct URL', 'Status URL']
2025-09-26 20:13:50 - ui.charts_window - INFO - Charts data refreshed from Tree view
2025-09-26 20:13:50 - ui.search_dashboard_tab.SearchDashboardTab - INFO - Live tenders filter: 1375 records closing after 2025-09-26 20:13:50.950798
2025-09-26 20:13:50 - ui.search_dashboard_tab.SearchDashboardTab - INFO - Department filter applied: 46 records match 'id' with OR logic
2025-09-26 20:13:50 - ui.search_dashboard_tab.SearchDashboardTab - INFO - Time range filter (next_3_days) with status (live): 17 records
2025-09-26 20:13:50 - ui.search_dashboard_tab.SearchDashboardTab - INFO - Detected URL columns: ['Direct URL', 'Status URL']
2025-09-26 20:13:51 - ui.search_dashboard_tab.SearchDashboardTab - INFO - Live tenders filter: 1375 records closing after 2025-09-26 20:13:51.529727
2025-09-26 20:13:51 - ui.search_dashboard_tab.SearchDashboardTab - INFO - Department filter applied: 20 records match 'idp' with OR logic
2025-09-26 20:13:51 - ui.search_dashboard_tab.SearchDashboardTab - INFO - Time range filter (next_3_days) with status (live): 16 records
2025-09-26 20:13:51 - ui.search_dashboard_tab.SearchDashboardTab - INFO - Detected URL columns: ['Direct URL', 'Status URL']
2025-09-26 20:13:52 - ui.charts_window - INFO - Charts data refreshed from Tree view
2025-09-26 20:13:55 - ui.charts_window - INFO - Charts data refreshed from Tree view
2025-09-26 20:13:57 - ui.charts_window - INFO - Charts data refreshed from Tree view
2025-09-26 20:13:59 - ui.charts_window - INFO - Charts data refreshed from Tree view
2025-09-26 20:14:01 - ui.charts_window - INFO - Charts data refreshed from Tree view
2025-09-26 20:14:03 - ui.charts_window - INFO - Charts data refreshed from Tree view
2025-09-26 20:14:05 - ui.charts_window - INFO - Charts data refreshed from Tree view
2025-09-26 20:14:07 - ui.charts_window - INFO - Charts data refreshed from Tree view
2025-09-26 20:14:09 - ui.charts_window - INFO - Charts data refreshed from Tree view
2025-09-26 20:14:11 - ui.charts_window - INFO - Charts data refreshed from Tree view
2025-09-26 20:14:13 - ui.charts_window - INFO - Charts data refreshed from Tree view
2025-09-26 20:14:15 - ui.charts_window - INFO - Charts data refreshed from Tree view
2025-09-26 20:14:17 - ui.charts_window - INFO - Charts data refreshed from Tree view
2025-09-26 20:14:19 - ui.charts_window - INFO - Charts data refreshed from Tree view
2025-09-26 20:14:21 - ui.charts_window - INFO - Charts data refreshed from Tree view
2025-09-26 20:14:22 - ui.search_dashboard_tab.SearchDashboardTab - INFO - Live tenders filter: 1375 records closing after 2025-09-26 20:14:22.699762
2025-09-26 20:14:22 - ui.search_dashboard_tab.SearchDashboardTab - INFO - Department filter applied: 1361 records match 'p' with OR logic
2025-09-26 20:14:22 - ui.search_dashboard_tab.SearchDashboardTab - INFO - Time range filter (next_3_days) with status (live): 634 records
2025-09-26 20:14:22 - ui.search_dashboard_tab.SearchDashboardTab - INFO - Detected URL columns: ['Direct URL', 'Status URL']
2025-09-26 20:14:23 - ui.charts_window - INFO - Charts data refreshed from Tree view
2025-09-26 20:14:23 - ui.search_dashboard_tab.SearchDashboardTab - INFO - Live tenders filter: 1375 records closing after 2025-09-26 20:14:23.581305
2025-09-26 20:14:23 - ui.search_dashboard_tab.SearchDashboardTab - INFO - Department filter applied: 768 records match 'pwd' with OR logic
2025-09-26 20:14:23 - ui.search_dashboard_tab.SearchDashboardTab - INFO - Time range filter (next_3_days) with status (live): 431 records
2025-09-26 20:14:23 - ui.search_dashboard_tab.SearchDashboardTab - INFO - Detected URL columns: ['Direct URL', 'Status URL']
2025-09-26 20:14:25 - ui.charts_window - INFO - Charts data refreshed from Tree view
2025-09-26 20:14:27 - ui.charts_window - INFO - Charts data refreshed from Tree view
2025-09-26 20:14:29 - ui.charts_window - INFO - Charts data refreshed from Tree view
2025-09-26 20:14:31 - ui.charts_window - INFO - Charts data refreshed from Tree view
2025-09-26 20:14:33 - ui.charts_window - INFO - Charts data refreshed from Tree view
2025-09-26 20:14:34 - ui.search_dashboard_tab.SearchDashboardTab - INFO - Live tenders filter: 1375 records closing after 2025-09-26 20:14:34.685783
2025-09-26 20:14:34 - ui.search_dashboard_tab.SearchDashboardTab - INFO - Time range filter (next_3_days) with status (live): 636 records
2025-09-26 20:14:34 - ui.search_dashboard_tab.SearchDashboardTab - INFO - Detected URL columns: ['Direct URL', 'Status URL']
2025-09-26 20:14:35 - ui.charts_window - INFO - Charts data refreshed from Tree view
2025-09-26 20:14:37 - ui.charts_window - INFO - Charts data refreshed from Tree view
2025-09-26 20:14:39 - ui.charts_window - INFO - Charts data refreshed from Tree view
2025-09-26 20:14:41 - ui.charts_window - INFO - Charts data refreshed from Tree view
2025-09-26 20:14:43 - ui.charts_window - INFO - Charts data refreshed from Tree view
2025-09-26 20:14:45 - ui.charts_window - INFO - Charts data refreshed from Tree view
2025-09-26 20:14:46 - ui.main_window - INFO - Application closing
2025-09-26 20:14:46 - core.config_manager - INFO - Configuration saved to G:\My Drive\0dev\Search Utility v3\tender_management_v3\config\config.json
