2025-09-26 19:37:59 - root - INFO - Logging to file: G:\My Drive\0dev\Search Utility v3\tender_management_v3\logs\app_20250926_193759.log
2025-09-26 19:37:59 - root - INFO - Application starting...
2025-09-26 19:37:59 - ui.main_window.MainApplication - INFO - Initializing MainApplication...
2025-09-26 19:37:59 - core.config_manager - INFO - Configuration loaded from G:\My Drive\0dev\Search Utility v3\tender_management_v3\config\config.json
2025-09-26 19:37:59 - ui.main_window.MainApplication - INFO - Global configuration loaded successfully
2025-09-26 19:37:59 - ui.main_window.MainApplication - INFO - Window geometry set to 1200x800+168+32
2025-09-26 19:38:00 - ui.search_dashboard_tab.SearchDashboardTab - INFO - Applying status filter: live
2025-09-26 19:38:00 - ui.calendar_tab.CalendarTab - INFO - CalendarTab initialized
2025-09-26 19:38:00 - ui.calendar_tab.CalendarTab - INFO - Loaded 12 calendar events from G:\My Drive\0dev\Search Utility v3\tender_management_v3\data\calendar_events.json
2025-09-26 19:38:00 - ui.tender_tasks_tab.TenderTasksTab - INFO - TenderTasksTab initialized (placeholder)
2025-09-26 19:38:00 - ui.settings_tab.SettingsTab - INFO - SettingsTab initialized
2025-09-26 19:38:00 - ui.logs_tab.LogsTab - INFO - Log handler attached to root logger
2025-09-26 19:38:00 - ui.main_window.MainApplication - INFO - All tabs initialized successfully
2025-09-26 19:38:00 - ui.main_window - INFO - Main application initialized
2025-09-26 19:38:00 - root - INFO - Main window initialized
2025-09-26 19:38:11 - ui.search_dashboard_tab.SearchDashboardTab - INFO - Detected URL columns: ['Direct URL', 'Status URL']
2025-09-26 19:38:12 - ui.search_dashboard_tab.SearchDashboardTab - INFO - Applying status filter: live
2025-09-26 19:38:12 - ui.search_dashboard_tab.SearchDashboardTab - INFO - Live tenders filter: 1375 records closing after 2025-09-26 19:38:12.067131
2025-09-26 19:38:12 - ui.search_dashboard_tab.SearchDashboardTab - INFO - Detected URL columns: ['Direct URL', 'Status URL']
2025-09-26 19:38:19 - ui.charts_window - INFO - Charts data refreshed from Tree view
2025-09-26 19:38:21 - ui.charts_window - INFO - Charts data refreshed from Tree view
2025-09-26 19:38:23 - ui.charts_window - INFO - Charts data refreshed from Tree view
2025-09-26 19:38:25 - ui.charts_window - INFO - Charts data refreshed from Tree view
2025-09-26 19:38:27 - ui.charts_window - INFO - Charts data refreshed from Tree view
2025-09-26 19:38:29 - ui.charts_window - INFO - Charts data refreshed from Tree view
2025-09-26 19:38:31 - ui.charts_window - INFO - Charts data refreshed from Tree view
2025-09-26 19:38:33 - ui.charts_window - INFO - Charts data refreshed from Tree view
2025-09-26 19:38:35 - ui.charts_window - INFO - Charts data refreshed from Tree view
2025-09-26 19:38:37 - ui.charts_window - INFO - Charts data refreshed from Tree view
2025-09-26 19:38:39 - ui.charts_window - INFO - Charts data refreshed from Tree view
2025-09-26 19:38:41 - ui.charts_window - INFO - Charts data refreshed from Tree view
2025-09-26 19:38:43 - ui.charts_window - INFO - Charts data refreshed from Tree view
2025-09-26 19:38:45 - ui.charts_window - INFO - Charts data refreshed from Tree view
2025-09-26 19:38:47 - ui.charts_window - INFO - Charts data refreshed from Tree view
2025-09-26 19:38:49 - ui.charts_window - INFO - Charts data refreshed from Tree view
2025-09-26 19:38:52 - ui.charts_window - INFO - Charts data refreshed from Tree view
2025-09-26 19:38:54 - ui.charts_window - INFO - Charts data refreshed from Tree view
2025-09-26 19:38:56 - ui.charts_window - INFO - Charts data refreshed from Tree view
2025-09-26 19:38:58 - ui.charts_window - INFO - Charts data refreshed from Tree view
2025-09-26 19:39:00 - ui.charts_window - INFO - Charts data refreshed from Tree view
2025-09-26 19:39:02 - ui.charts_window - INFO - Charts data refreshed from Tree view
2025-09-26 19:39:04 - ui.charts_window - INFO - Charts data refreshed from Tree view
2025-09-26 19:39:06 - ui.charts_window - INFO - Charts data refreshed from Tree view
2025-09-26 19:39:08 - ui.charts_window - INFO - Charts data refreshed from Tree view
2025-09-26 19:39:10 - ui.charts_window - INFO - Charts data refreshed from Tree view
2025-09-26 19:39:12 - ui.charts_window - INFO - Charts data refreshed from Tree view
2025-09-26 19:39:14 - ui.charts_window - INFO - Charts data refreshed from Tree view
2025-09-26 19:39:16 - ui.charts_window - INFO - Charts data refreshed from Tree view
2025-09-26 19:39:18 - ui.charts_window - INFO - Charts data refreshed from Tree view
2025-09-26 19:39:20 - ui.charts_window - INFO - Charts data refreshed from Tree view
2025-09-26 19:39:23 - ui.charts_window - INFO - Charts data refreshed from Tree view
2025-09-26 19:39:25 - ui.charts_window - INFO - Charts data refreshed from Tree view
2025-09-26 19:39:27 - ui.charts_window - INFO - Charts data refreshed from Tree view
2025-09-26 19:39:29 - ui.charts_window - INFO - Charts data refreshed from Tree view
2025-09-26 19:39:31 - ui.charts_window - INFO - Charts data refreshed from Tree view
2025-09-26 19:39:33 - ui.charts_window - INFO - Charts data refreshed from Tree view
2025-09-26 19:39:35 - ui.charts_window - INFO - Charts data refreshed from Tree view
2025-09-26 19:39:37 - ui.charts_window - INFO - Charts data refreshed from Tree view
2025-09-26 19:39:39 - ui.charts_window - INFO - Charts data refreshed from Tree view
2025-09-26 19:39:41 - ui.charts_window - INFO - Charts data refreshed from Tree view
2025-09-26 19:39:43 - ui.charts_window - INFO - Charts data refreshed from Tree view
2025-09-26 19:39:45 - ui.charts_window - INFO - Charts data refreshed from Tree view
2025-09-26 19:39:48 - ui.charts_window - INFO - Charts data refreshed from Tree view
2025-09-26 19:39:50 - ui.charts_window - INFO - Charts data refreshed from Tree view
2025-09-26 19:39:52 - ui.charts_window - INFO - Charts data refreshed from Tree view
2025-09-26 19:39:54 - ui.charts_window - INFO - Charts data refreshed from Tree view
2025-09-26 19:39:56 - ui.charts_window - INFO - Charts data refreshed from Tree view
2025-09-26 19:39:58 - ui.charts_window - INFO - Charts data refreshed from Tree view
2025-09-26 19:40:00 - ui.charts_window - INFO - Charts data refreshed from Tree view
2025-09-26 19:40:02 - ui.charts_window - INFO - Charts data refreshed from Tree view
2025-09-26 19:40:04 - ui.charts_window - INFO - Charts data refreshed from Tree view
2025-09-26 19:40:06 - ui.charts_window - INFO - Charts data refreshed from Tree view
2025-09-26 19:40:08 - ui.charts_window - INFO - Charts data refreshed from Tree view
2025-09-26 19:40:10 - ui.charts_window - INFO - Charts data refreshed from Tree view
2025-09-26 19:40:12 - ui.charts_window - INFO - Charts data refreshed from Tree view
2025-09-26 19:40:14 - ui.charts_window - INFO - Charts data refreshed from Tree view
2025-09-26 19:40:16 - ui.charts_window - INFO - Charts data refreshed from Tree view
2025-09-26 19:40:18 - ui.charts_window - INFO - Charts data refreshed from Tree view
2025-09-26 19:40:20 - ui.charts_window - INFO - Charts data refreshed from Tree view
2025-09-26 19:40:22 - ui.charts_window - INFO - Charts data refreshed from Tree view
2025-09-26 19:40:25 - ui.charts_window - INFO - Charts data refreshed from Tree view
2025-09-26 19:40:27 - ui.charts_window - INFO - Charts data refreshed from Tree view
2025-09-26 19:40:29 - ui.charts_window - INFO - Charts data refreshed from Tree view
2025-09-26 19:40:30 - matplotlib.category - INFO - Using categorical units to plot a list of strings that are all parsable as floats or dates. If these strings should be plotted as numbers, cast to the appropriate data type before plotting.
2025-09-26 19:40:30 - matplotlib.category - INFO - Using categorical units to plot a list of strings that are all parsable as floats or dates. If these strings should be plotted as numbers, cast to the appropriate data type before plotting.
2025-09-26 19:40:31 - matplotlib.category - INFO - Using categorical units to plot a list of strings that are all parsable as floats or dates. If these strings should be plotted as numbers, cast to the appropriate data type before plotting.
2025-09-26 19:40:31 - matplotlib.category - INFO - Using categorical units to plot a list of strings that are all parsable as floats or dates. If these strings should be plotted as numbers, cast to the appropriate data type before plotting.
2025-09-26 19:40:31 - ui.charts_window - INFO - Charts data refreshed from Tree view
2025-09-26 19:40:33 - matplotlib.category - INFO - Using categorical units to plot a list of strings that are all parsable as floats or dates. If these strings should be plotted as numbers, cast to the appropriate data type before plotting.
2025-09-26 19:40:33 - matplotlib.category - INFO - Using categorical units to plot a list of strings that are all parsable as floats or dates. If these strings should be plotted as numbers, cast to the appropriate data type before plotting.
2025-09-26 19:40:33 - ui.charts_window - INFO - Charts data refreshed from Tree view
2025-09-26 19:40:34 - ui.charts_window - ERROR - Error creating scatter chart: 'value' must be an instance of str or bytes, not a datetime.datetime
2025-09-26 19:40:34 - matplotlib.axes._base - WARNING - Ignoring fixed x limits to fulfill fixed data aspect with adjustable data limits.
2025-09-26 19:40:35 - ui.charts_window - ERROR - Error creating scatter chart: 'value' must be an instance of str or bytes, not a datetime.datetime
2025-09-26 19:40:35 - matplotlib.axes._base - WARNING - Ignoring fixed x limits to fulfill fixed data aspect with adjustable data limits.
2025-09-26 19:40:35 - ui.charts_window - INFO - Charts data refreshed from Tree view
2025-09-26 19:40:37 - ui.charts_window - ERROR - Error creating scatter chart: 'value' must be an instance of str or bytes, not a datetime.datetime
2025-09-26 19:40:37 - matplotlib.axes._base - WARNING - Ignoring fixed x limits to fulfill fixed data aspect with adjustable data limits.
2025-09-26 19:40:37 - ui.charts_window - INFO - Charts data refreshed from Tree view
2025-09-26 19:40:39 - ui.charts_window - ERROR - Error creating scatter chart: 'value' must be an instance of str or bytes, not a datetime.datetime
2025-09-26 19:40:39 - matplotlib.axes._base - WARNING - Ignoring fixed x limits to fulfill fixed data aspect with adjustable data limits.
2025-09-26 19:40:39 - ui.charts_window - INFO - Charts data refreshed from Tree view
2025-09-26 19:40:41 - ui.charts_window - INFO - Charts data refreshed from Tree view
2025-09-26 19:40:43 - ui.charts_window - INFO - Charts data refreshed from Tree view
2025-09-26 19:40:45 - ui.charts_window - INFO - Charts data refreshed from Tree view
2025-09-26 19:40:47 - ui.charts_window - INFO - Charts data refreshed from Tree view
2025-09-26 19:40:49 - ui.charts_window - INFO - Charts data refreshed from Tree view
2025-09-26 19:40:51 - ui.charts_window - INFO - Charts data refreshed from Tree view
2025-09-26 19:40:53 - ui.charts_window - INFO - Charts data refreshed from Tree view
2025-09-26 19:40:55 - ui.charts_window - INFO - Charts data refreshed from Tree view
2025-09-26 19:40:58 - ui.charts_window - INFO - Charts data refreshed from Tree view
2025-09-26 19:41:00 - ui.charts_window - INFO - Charts data refreshed from Tree view
2025-09-26 19:41:02 - ui.charts_window - INFO - Charts data refreshed from Tree view
2025-09-26 19:41:04 - ui.charts_window - INFO - Charts data refreshed from Tree view
2025-09-26 19:41:06 - ui.charts_window - INFO - Charts data refreshed from Tree view
2025-09-26 19:41:08 - ui.charts_window - INFO - Charts data refreshed from Tree view
2025-09-26 19:41:10 - ui.charts_window - INFO - Charts data refreshed from Tree view
2025-09-26 19:41:12 - ui.charts_window - INFO - Charts data refreshed from Tree view
2025-09-26 19:41:14 - ui.charts_window - INFO - Charts data refreshed from Tree view
2025-09-26 19:41:16 - ui.charts_window - INFO - Charts data refreshed from Tree view
2025-09-26 19:41:18 - ui.charts_window - INFO - Charts data refreshed from Tree view
2025-09-26 19:41:20 - ui.charts_window - INFO - Charts data refreshed from Tree view
2025-09-26 19:41:22 - ui.charts_window - INFO - Charts data refreshed from Tree view
2025-09-26 19:41:24 - ui.charts_window - INFO - Charts data refreshed from Tree view
2025-09-26 19:41:26 - ui.charts_window - INFO - Charts data refreshed from Tree view
2025-09-26 19:41:28 - ui.charts_window - INFO - Charts data refreshed from Tree view
2025-09-26 19:41:31 - ui.charts_window - INFO - Charts data refreshed from Tree view
2025-09-26 19:41:33 - ui.charts_window - INFO - Charts data refreshed from Tree view
2025-09-26 19:41:35 - ui.charts_window - INFO - Charts data refreshed from Tree view
2025-09-26 19:41:37 - ui.charts_window - INFO - Charts data refreshed from Tree view
2025-09-26 19:41:39 - ui.charts_window - INFO - Charts data refreshed from Tree view
2025-09-26 19:41:41 - ui.charts_window - INFO - Charts data refreshed from Tree view
2025-09-26 19:41:43 - ui.charts_window - INFO - Charts data refreshed from Tree view
2025-09-26 19:41:45 - ui.charts_window - INFO - Charts data refreshed from Tree view
2025-09-26 19:41:47 - ui.charts_window - INFO - Charts data refreshed from Tree view
2025-09-26 19:41:49 - ui.charts_window - INFO - Charts data refreshed from Tree view
2025-09-26 19:41:51 - ui.charts_window - INFO - Charts data refreshed from Tree view
2025-09-26 19:41:54 - ui.charts_window - INFO - Charts data refreshed from Tree view
2025-09-26 19:41:56 - ui.charts_window - INFO - Charts data refreshed from Tree view
2025-09-26 19:41:58 - ui.charts_window - INFO - Charts data refreshed from Tree view
2025-09-26 19:42:00 - ui.charts_window - INFO - Charts data refreshed from Tree view
2025-09-26 19:42:02 - ui.charts_window - INFO - Charts data refreshed from Tree view
2025-09-26 19:42:04 - ui.charts_window - INFO - Charts data refreshed from Tree view
2025-09-26 19:42:06 - ui.charts_window - INFO - Charts data refreshed from Tree view
2025-09-26 19:42:08 - ui.charts_window - INFO - Charts data refreshed from Tree view
2025-09-26 19:42:10 - ui.charts_window - INFO - Charts data refreshed from Tree view
2025-09-26 19:42:10 - matplotlib.axes._base - WARNING - Ignoring fixed y limits to fulfill fixed data aspect with adjustable data limits.
2025-09-26 19:42:12 - ui.charts_window - INFO - Charts data refreshed from Tree view
2025-09-26 19:42:15 - ui.charts_window - INFO - Charts data refreshed from Tree view
2025-09-26 19:42:17 - ui.charts_window - INFO - Charts data refreshed from Tree view
2025-09-26 19:42:17 - matplotlib.axes._base - WARNING - Ignoring fixed y limits to fulfill fixed data aspect with adjustable data limits.
2025-09-26 19:42:19 - ui.charts_window - INFO - Charts data refreshed from Tree view
2025-09-26 19:42:20 - matplotlib.axes._base - WARNING - Ignoring fixed y limits to fulfill fixed data aspect with adjustable data limits.
2025-09-26 19:42:21 - ui.charts_window - INFO - Charts data refreshed from Tree view
2025-09-26 19:42:23 - ui.charts_window - INFO - Charts data refreshed from Tree view
2025-09-26 19:42:25 - ui.charts_window - INFO - Charts data refreshed from Tree view
2025-09-26 19:42:27 - matplotlib.axes._base - WARNING - Ignoring fixed y limits to fulfill fixed data aspect with adjustable data limits.
2025-09-26 19:42:27 - ui.charts_window - INFO - Charts data refreshed from Tree view
2025-09-26 19:42:29 - matplotlib.axes._base - WARNING - Ignoring fixed y limits to fulfill fixed data aspect with adjustable data limits.
2025-09-26 19:42:29 - ui.charts_window - INFO - Charts data refreshed from Tree view
2025-09-26 19:42:31 - ui.charts_window - INFO - Charts data refreshed from Tree view
2025-09-26 19:42:33 - ui.charts_window - INFO - Charts data refreshed from Tree view
2025-09-26 19:42:36 - ui.charts_window - INFO - Charts data refreshed from Tree view
2025-09-26 19:42:38 - ui.charts_window - INFO - Charts data refreshed from Tree view
2025-09-26 19:42:40 - ui.charts_window - INFO - Charts data refreshed from Tree view
2025-09-26 19:42:42 - ui.charts_window - INFO - Charts data refreshed from Tree view
2025-09-26 19:42:44 - ui.charts_window - INFO - Charts data refreshed from Tree view
2025-09-26 19:42:46 - ui.charts_window - INFO - Charts data refreshed from Tree view
2025-09-26 19:42:48 - ui.charts_window - INFO - Charts data refreshed from Tree view
2025-09-26 19:42:50 - ui.charts_window - INFO - Charts data refreshed from Tree view
2025-09-26 19:42:53 - ui.charts_window - INFO - Charts data refreshed from Tree view
2025-09-26 19:42:55 - ui.charts_window - INFO - Charts data refreshed from Tree view
2025-09-26 19:42:57 - ui.charts_window - INFO - Charts data refreshed from Tree view
2025-09-26 19:42:59 - ui.charts_window - INFO - Charts data refreshed from Tree view
2025-09-26 19:43:01 - ui.charts_window - INFO - Charts data refreshed from Tree view
2025-09-26 19:43:03 - ui.charts_window - INFO - Charts data refreshed from Tree view
2025-09-26 19:43:05 - ui.charts_window - INFO - Charts data refreshed from Tree view
2025-09-26 19:43:07 - ui.charts_window - INFO - Charts data refreshed from Tree view
2025-09-26 19:43:09 - ui.charts_window - INFO - Charts data refreshed from Tree view
2025-09-26 19:43:12 - ui.charts_window - INFO - Charts data refreshed from Tree view
2025-09-26 19:43:14 - ui.charts_window - INFO - Charts data refreshed from Tree view
2025-09-26 19:43:16 - ui.charts_window - INFO - Charts data refreshed from Tree view
2025-09-26 19:43:18 - ui.charts_window - INFO - Charts data refreshed from Tree view
2025-09-26 19:43:20 - ui.charts_window - INFO - Charts data refreshed from Tree view
2025-09-26 19:43:22 - ui.charts_window - INFO - Charts data refreshed from Tree view
2025-09-26 19:43:24 - ui.charts_window - INFO - Charts data refreshed from Tree view
2025-09-26 19:43:26 - ui.charts_window - INFO - Charts data refreshed from Tree view
2025-09-26 19:43:29 - ui.charts_window - INFO - Charts data refreshed from Tree view
2025-09-26 19:43:31 - ui.charts_window - INFO - Charts data refreshed from Tree view
2025-09-26 19:43:33 - ui.charts_window - INFO - Charts data refreshed from Tree view
2025-09-26 19:43:35 - ui.charts_window - INFO - Charts data refreshed from Tree view
2025-09-26 19:43:37 - ui.charts_window - INFO - Charts data refreshed from Tree view
2025-09-26 19:43:39 - ui.charts_window - INFO - Charts data refreshed from Tree view
2025-09-26 19:43:41 - ui.charts_window - INFO - Charts data refreshed from Tree view
2025-09-26 19:43:43 - ui.charts_window - INFO - Charts data refreshed from Tree view
2025-09-26 19:43:45 - ui.charts_window - INFO - Charts data refreshed from Tree view
2025-09-26 19:43:48 - ui.charts_window - INFO - Charts data refreshed from Tree view
2025-09-26 19:43:50 - ui.charts_window - INFO - Charts data refreshed from Tree view
2025-09-26 19:43:52 - ui.charts_window - INFO - Charts data refreshed from Tree view
2025-09-26 19:43:54 - ui.charts_window - INFO - Charts data refreshed from Tree view
2025-09-26 19:43:56 - ui.charts_window - INFO - Charts data refreshed from Tree view
2025-09-26 19:43:58 - ui.charts_window - INFO - Charts data refreshed from Tree view
2025-09-26 19:44:00 - ui.charts_window - INFO - Charts data refreshed from Tree view
2025-09-26 19:44:02 - ui.charts_window - INFO - Charts data refreshed from Tree view
2025-09-26 19:44:04 - ui.charts_window - INFO - Charts data refreshed from Tree view
2025-09-26 19:44:06 - ui.charts_window - INFO - Charts data refreshed from Tree view
2025-09-26 19:44:09 - ui.charts_window - INFO - Charts data refreshed from Tree view
2025-09-26 19:44:11 - ui.charts_window - INFO - Charts data refreshed from Tree view
2025-09-26 19:44:13 - ui.charts_window - INFO - Charts data refreshed from Tree view
2025-09-26 19:44:15 - ui.charts_window - INFO - Charts data refreshed from Tree view
2025-09-26 19:44:17 - ui.charts_window - INFO - Charts data refreshed from Tree view
2025-09-26 19:44:19 - ui.charts_window - INFO - Charts data refreshed from Tree view
2025-09-26 19:44:21 - ui.charts_window - INFO - Charts data refreshed from Tree view
2025-09-26 19:44:23 - ui.charts_window - INFO - Charts data refreshed from Tree view
2025-09-26 19:44:25 - ui.charts_window - INFO - Charts data refreshed from Tree view
2025-09-26 19:44:28 - ui.charts_window - INFO - Charts data refreshed from Tree view
2025-09-26 19:44:30 - ui.charts_window - INFO - Charts data refreshed from Tree view
2025-09-26 19:44:32 - ui.charts_window - INFO - Charts data refreshed from Tree view
2025-09-26 19:44:34 - ui.charts_window - INFO - Charts data refreshed from Tree view
2025-09-26 19:44:36 - ui.charts_window - INFO - Charts data refreshed from Tree view
2025-09-26 19:44:38 - ui.charts_window - INFO - Charts data refreshed from Tree view
2025-09-26 19:44:40 - ui.charts_window - INFO - Charts data refreshed from Tree view
2025-09-26 19:44:42 - ui.charts_window - INFO - Charts data refreshed from Tree view
2025-09-26 19:44:44 - ui.charts_window - INFO - Charts data refreshed from Tree view
2025-09-26 19:44:47 - ui.charts_window - INFO - Charts data refreshed from Tree view
2025-09-26 19:44:49 - ui.charts_window - INFO - Charts data refreshed from Tree view
2025-09-26 19:44:51 - ui.charts_window - INFO - Charts data refreshed from Tree view
2025-09-26 19:44:53 - ui.charts_window - INFO - Charts data refreshed from Tree view
2025-09-26 19:44:55 - ui.charts_window - INFO - Charts data refreshed from Tree view
2025-09-26 19:44:57 - ui.charts_window - INFO - Charts data refreshed from Tree view
2025-09-26 19:44:59 - ui.charts_window - INFO - Charts data refreshed from Tree view
2025-09-26 19:45:00 - ui.charts_window - INFO - Charts data refreshed from Tree view
2025-09-26 19:45:01 - ui.charts_window - INFO - Charts data refreshed from Tree view
2025-09-26 19:45:03 - ui.charts_window - INFO - Charts data refreshed from Tree view
2025-09-26 19:45:05 - ui.charts_window - INFO - Charts data refreshed from Tree view
2025-09-26 19:45:07 - ui.charts_window - INFO - Charts data refreshed from Tree view
2025-09-26 19:45:09 - ui.charts_window - INFO - Charts data refreshed from Tree view
2025-09-26 19:45:11 - ui.charts_window - INFO - Charts data refreshed from Tree view
2025-09-26 19:45:13 - ui.charts_window - INFO - Charts data refreshed from Tree view
2025-09-26 19:45:15 - ui.charts_window - INFO - Charts data refreshed from Tree view
2025-09-26 19:45:17 - ui.charts_window - INFO - Charts data refreshed from Tree view
2025-09-26 19:45:20 - ui.charts_window - INFO - Charts data refreshed from Tree view
2025-09-26 19:45:22 - ui.charts_window - INFO - Charts data refreshed from Tree view
2025-09-26 19:45:24 - ui.charts_window - INFO - Charts data refreshed from Tree view
2025-09-26 19:45:26 - ui.charts_window - INFO - Charts data refreshed from Tree view
2025-09-26 19:45:28 - ui.charts_window - INFO - Charts data refreshed from Tree view
2025-09-26 19:45:30 - ui.charts_window - INFO - Charts data refreshed from Tree view
2025-09-26 19:45:32 - ui.charts_window - INFO - Charts data refreshed from Tree view
2025-09-26 19:45:34 - ui.charts_window - INFO - Charts data refreshed from Tree view
2025-09-26 19:45:36 - ui.charts_window - INFO - Charts data refreshed from Tree view
2025-09-26 19:45:38 - ui.charts_window - INFO - Charts data refreshed from Tree view
2025-09-26 19:45:40 - ui.charts_window - INFO - Charts data refreshed from Tree view
2025-09-26 19:45:42 - ui.charts_window - INFO - Charts data refreshed from Tree view
2025-09-26 19:45:44 - ui.charts_window - INFO - Charts data refreshed from Tree view
2025-09-26 19:45:46 - ui.charts_window - INFO - Charts data refreshed from Tree view
2025-09-26 19:45:48 - ui.charts_window - INFO - Charts data refreshed from Tree view
2025-09-26 19:45:50 - ui.charts_window - INFO - Charts data refreshed from Tree view
2025-09-26 19:45:53 - ui.charts_window - INFO - Charts data refreshed from Tree view
2025-09-26 19:45:55 - ui.charts_window - INFO - Charts data refreshed from Tree view
2025-09-26 19:45:57 - ui.charts_window - INFO - Charts data refreshed from Tree view
2025-09-26 19:45:59 - ui.charts_window - INFO - Charts data refreshed from Tree view
2025-09-26 19:46:01 - ui.charts_window - INFO - Charts data refreshed from Tree view
2025-09-26 19:46:03 - ui.charts_window - INFO - Charts data refreshed from Tree view
2025-09-26 19:46:04 - ui.charts_window - ERROR - Error creating bar chart: 'Category'
2025-09-26 19:46:04 - matplotlib.axes._base - WARNING - Ignoring fixed x limits to fulfill fixed data aspect with adjustable data limits.
2025-09-26 19:46:05 - ui.charts_window - ERROR - Error creating bar chart: 'Category'
2025-09-26 19:46:05 - matplotlib.axes._base - WARNING - Ignoring fixed x limits to fulfill fixed data aspect with adjustable data limits.
2025-09-26 19:46:05 - ui.charts_window - INFO - Charts data refreshed from Tree view
2025-09-26 19:46:07 - ui.charts_window - ERROR - Error creating bar chart: 'Category'
2025-09-26 19:46:07 - matplotlib.axes._base - WARNING - Ignoring fixed x limits to fulfill fixed data aspect with adjustable data limits.
2025-09-26 19:46:07 - ui.charts_window - INFO - Charts data refreshed from Tree view
2025-09-26 19:46:09 - ui.charts_window - INFO - Charts data refreshed from Tree view
2025-09-26 19:46:09 - ui.charts_window - ERROR - Error creating bar chart: 'Category'
2025-09-26 19:46:09 - matplotlib.axes._base - WARNING - Ignoring fixed x limits to fulfill fixed data aspect with adjustable data limits.
2025-09-26 19:46:11 - ui.charts_window - ERROR - Error creating bar chart: 'Category'
2025-09-26 19:46:11 - matplotlib.axes._base - WARNING - Ignoring fixed x limits to fulfill fixed data aspect with adjustable data limits.
2025-09-26 19:46:11 - ui.charts_window - INFO - Charts data refreshed from Tree view
2025-09-26 19:46:13 - ui.charts_window - ERROR - Error creating bar chart: 'Category'
2025-09-26 19:46:13 - matplotlib.axes._base - WARNING - Ignoring fixed x limits to fulfill fixed data aspect with adjustable data limits.
2025-09-26 19:46:13 - ui.charts_window - INFO - Charts data refreshed from Tree view
2025-09-26 19:46:15 - ui.charts_window - ERROR - Error creating bar chart: 'Category'
2025-09-26 19:46:15 - matplotlib.axes._base - WARNING - Ignoring fixed x limits to fulfill fixed data aspect with adjustable data limits.
2025-09-26 19:46:15 - ui.charts_window - INFO - Charts data refreshed from Tree view
2025-09-26 19:46:17 - ui.charts_window - ERROR - Error creating bar chart: 'Category'
2025-09-26 19:46:17 - matplotlib.axes._base - WARNING - Ignoring fixed x limits to fulfill fixed data aspect with adjustable data limits.
2025-09-26 19:46:17 - ui.charts_window - INFO - Charts data refreshed from Tree view
2025-09-26 19:46:19 - ui.charts_window - ERROR - Error creating bar chart: 'Category'
2025-09-26 19:46:19 - matplotlib.axes._base - WARNING - Ignoring fixed x limits to fulfill fixed data aspect with adjustable data limits.
2025-09-26 19:46:20 - ui.charts_window - INFO - Charts data refreshed from Tree view
2025-09-26 19:46:22 - ui.charts_window - ERROR - Error creating bar chart: 'Category'
2025-09-26 19:46:22 - matplotlib.axes._base - WARNING - Ignoring fixed x limits to fulfill fixed data aspect with adjustable data limits.
2025-09-26 19:46:22 - ui.charts_window - INFO - Charts data refreshed from Tree view
2025-09-26 19:46:24 - ui.charts_window - ERROR - Error creating bar chart: 'Category'
2025-09-26 19:46:24 - matplotlib.axes._base - WARNING - Ignoring fixed x limits to fulfill fixed data aspect with adjustable data limits.
2025-09-26 19:46:24 - ui.charts_window - INFO - Charts data refreshed from Tree view
2025-09-26 19:46:26 - ui.charts_window - ERROR - Error creating bar chart: 'Category'
2025-09-26 19:46:26 - matplotlib.axes._base - WARNING - Ignoring fixed x limits to fulfill fixed data aspect with adjustable data limits.
2025-09-26 19:46:26 - ui.charts_window - INFO - Charts data refreshed from Tree view
2025-09-26 19:46:28 - ui.charts_window - ERROR - Error creating bar chart: 'Category'
2025-09-26 19:46:28 - matplotlib.axes._base - WARNING - Ignoring fixed x limits to fulfill fixed data aspect with adjustable data limits.
2025-09-26 19:46:28 - ui.charts_window - INFO - Charts data refreshed from Tree view
2025-09-26 19:46:30 - ui.charts_window - ERROR - Error creating bar chart: 'Category'
2025-09-26 19:46:30 - matplotlib.axes._base - WARNING - Ignoring fixed x limits to fulfill fixed data aspect with adjustable data limits.
2025-09-26 19:46:30 - ui.charts_window - INFO - Charts data refreshed from Tree view
2025-09-26 19:46:32 - ui.charts_window - ERROR - Error creating bar chart: 'Category'
2025-09-26 19:46:32 - matplotlib.axes._base - WARNING - Ignoring fixed x limits to fulfill fixed data aspect with adjustable data limits.
2025-09-26 19:46:32 - ui.charts_window - INFO - Charts data refreshed from Tree view
2025-09-26 19:46:34 - ui.charts_window - ERROR - Error creating bar chart: 'Category'
2025-09-26 19:46:34 - matplotlib.axes._base - WARNING - Ignoring fixed x limits to fulfill fixed data aspect with adjustable data limits.
2025-09-26 19:46:34 - ui.charts_window - INFO - Charts data refreshed from Tree view
2025-09-26 19:46:36 - ui.charts_window - ERROR - Error creating bar chart: 'Category'
2025-09-26 19:46:36 - matplotlib.axes._base - WARNING - Ignoring fixed x limits to fulfill fixed data aspect with adjustable data limits.
2025-09-26 19:46:36 - ui.charts_window - INFO - Charts data refreshed from Tree view
2025-09-26 19:46:38 - ui.charts_window - ERROR - Error creating bar chart: 'Category'
2025-09-26 19:46:38 - matplotlib.axes._base - WARNING - Ignoring fixed x limits to fulfill fixed data aspect with adjustable data limits.
2025-09-26 19:46:39 - ui.charts_window - INFO - Charts data refreshed from Tree view
2025-09-26 19:46:41 - ui.charts_window - ERROR - Error creating bar chart: 'Category'
2025-09-26 19:46:41 - matplotlib.axes._base - WARNING - Ignoring fixed x limits to fulfill fixed data aspect with adjustable data limits.
2025-09-26 19:46:41 - ui.charts_window - INFO - Charts data refreshed from Tree view
2025-09-26 19:46:43 - ui.charts_window - ERROR - Error creating bar chart: 'Category'
2025-09-26 19:46:43 - matplotlib.axes._base - WARNING - Ignoring fixed x limits to fulfill fixed data aspect with adjustable data limits.
2025-09-26 19:46:43 - ui.charts_window - INFO - Charts data refreshed from Tree view
2025-09-26 19:46:45 - ui.charts_window - ERROR - Error creating bar chart: 'Category'
2025-09-26 19:46:45 - matplotlib.axes._base - WARNING - Ignoring fixed x limits to fulfill fixed data aspect with adjustable data limits.
2025-09-26 19:46:45 - ui.charts_window - INFO - Charts data refreshed from Tree view
2025-09-26 19:46:47 - ui.charts_window - ERROR - Error creating bar chart: 'Category'
2025-09-26 19:46:47 - matplotlib.axes._base - WARNING - Ignoring fixed x limits to fulfill fixed data aspect with adjustable data limits.
2025-09-26 19:46:47 - ui.charts_window - INFO - Charts data refreshed from Tree view
2025-09-26 19:46:49 - ui.charts_window - ERROR - Error creating bar chart: 'Category'
2025-09-26 19:46:49 - matplotlib.axes._base - WARNING - Ignoring fixed x limits to fulfill fixed data aspect with adjustable data limits.
2025-09-26 19:46:49 - ui.charts_window - INFO - Charts data refreshed from Tree view
2025-09-26 19:46:51 - ui.charts_window - ERROR - Error creating bar chart: 'Category'
2025-09-26 19:46:51 - matplotlib.axes._base - WARNING - Ignoring fixed x limits to fulfill fixed data aspect with adjustable data limits.
2025-09-26 19:46:51 - ui.charts_window - INFO - Charts data refreshed from Tree view
2025-09-26 19:46:53 - ui.charts_window - ERROR - Error creating bar chart: 'Category'
2025-09-26 19:46:53 - matplotlib.axes._base - WARNING - Ignoring fixed x limits to fulfill fixed data aspect with adjustable data limits.
2025-09-26 19:46:54 - ui.charts_window - INFO - Charts data refreshed from Tree view
2025-09-26 19:46:56 - ui.charts_window - ERROR - Error creating bar chart: 'Category'
2025-09-26 19:46:56 - matplotlib.axes._base - WARNING - Ignoring fixed x limits to fulfill fixed data aspect with adjustable data limits.
2025-09-26 19:46:56 - ui.charts_window - INFO - Charts data refreshed from Tree view
2025-09-26 19:46:58 - ui.charts_window - ERROR - Error creating bar chart: 'Category'
2025-09-26 19:46:58 - matplotlib.axes._base - WARNING - Ignoring fixed x limits to fulfill fixed data aspect with adjustable data limits.
2025-09-26 19:46:58 - ui.charts_window - INFO - Charts data refreshed from Tree view
2025-09-26 19:47:00 - ui.charts_window - ERROR - Error creating bar chart: 'Category'
2025-09-26 19:47:00 - matplotlib.axes._base - WARNING - Ignoring fixed x limits to fulfill fixed data aspect with adjustable data limits.
2025-09-26 19:47:00 - ui.charts_window - INFO - Charts data refreshed from Tree view
2025-09-26 19:47:02 - ui.charts_window - ERROR - Error creating bar chart: 'Category'
2025-09-26 19:47:02 - matplotlib.axes._base - WARNING - Ignoring fixed x limits to fulfill fixed data aspect with adjustable data limits.
2025-09-26 19:47:02 - ui.charts_window - INFO - Charts data refreshed from Tree view
2025-09-26 19:47:04 - ui.charts_window - ERROR - Error creating bar chart: 'Category'
2025-09-26 19:47:04 - matplotlib.axes._base - WARNING - Ignoring fixed x limits to fulfill fixed data aspect with adjustable data limits.
2025-09-26 19:47:04 - ui.charts_window - INFO - Charts data refreshed from Tree view
2025-09-26 19:47:06 - ui.charts_window - ERROR - Error creating bar chart: 'Category'
2025-09-26 19:47:06 - matplotlib.axes._base - WARNING - Ignoring fixed x limits to fulfill fixed data aspect with adjustable data limits.
2025-09-26 19:47:06 - ui.charts_window - INFO - Charts data refreshed from Tree view
2025-09-26 19:47:08 - ui.charts_window - ERROR - Error creating bar chart: 'Category'
2025-09-26 19:47:08 - matplotlib.axes._base - WARNING - Ignoring fixed x limits to fulfill fixed data aspect with adjustable data limits.
2025-09-26 19:47:08 - ui.charts_window - INFO - Charts data refreshed from Tree view
2025-09-26 19:47:10 - ui.charts_window - ERROR - Error creating bar chart: 'Category'
2025-09-26 19:47:10 - matplotlib.axes._base - WARNING - Ignoring fixed x limits to fulfill fixed data aspect with adjustable data limits.
2025-09-26 19:47:10 - ui.charts_window - INFO - Charts data refreshed from Tree view
2025-09-26 19:47:12 - ui.charts_window - ERROR - Error creating bar chart: 'Category'
2025-09-26 19:47:12 - matplotlib.axes._base - WARNING - Ignoring fixed x limits to fulfill fixed data aspect with adjustable data limits.
2025-09-26 19:47:12 - ui.charts_window - INFO - Charts data refreshed from Tree view
2025-09-26 19:47:14 - ui.charts_window - ERROR - Error creating bar chart: 'Category'
2025-09-26 19:47:14 - matplotlib.axes._base - WARNING - Ignoring fixed x limits to fulfill fixed data aspect with adjustable data limits.
2025-09-26 19:47:14 - ui.charts_window - INFO - Charts data refreshed from Tree view
2025-09-26 19:47:16 - ui.charts_window - ERROR - Error creating bar chart: 'Category'
2025-09-26 19:47:16 - matplotlib.axes._base - WARNING - Ignoring fixed x limits to fulfill fixed data aspect with adjustable data limits.
2025-09-26 19:47:16 - ui.charts_window - INFO - Charts data refreshed from Tree view
2025-09-26 19:47:19 - ui.charts_window - ERROR - Error creating bar chart: 'Category'
2025-09-26 19:47:19 - matplotlib.axes._base - WARNING - Ignoring fixed x limits to fulfill fixed data aspect with adjustable data limits.
2025-09-26 19:47:19 - ui.charts_window - INFO - Charts data refreshed from Tree view
2025-09-26 19:47:21 - ui.charts_window - ERROR - Error creating bar chart: 'Category'
2025-09-26 19:47:21 - matplotlib.axes._base - WARNING - Ignoring fixed x limits to fulfill fixed data aspect with adjustable data limits.
2025-09-26 19:47:21 - ui.charts_window - INFO - Charts data refreshed from Tree view
2025-09-26 19:47:23 - ui.charts_window - ERROR - Error creating bar chart: 'Category'
2025-09-26 19:47:23 - matplotlib.axes._base - WARNING - Ignoring fixed x limits to fulfill fixed data aspect with adjustable data limits.
2025-09-26 19:47:23 - ui.charts_window - INFO - Charts data refreshed from Tree view
2025-09-26 19:47:25 - ui.charts_window - ERROR - Error creating bar chart: 'Category'
2025-09-26 19:47:25 - matplotlib.axes._base - WARNING - Ignoring fixed x limits to fulfill fixed data aspect with adjustable data limits.
2025-09-26 19:47:25 - ui.charts_window - INFO - Charts data refreshed from Tree view
2025-09-26 19:47:27 - ui.charts_window - ERROR - Error creating bar chart: 'Category'
2025-09-26 19:47:27 - matplotlib.axes._base - WARNING - Ignoring fixed x limits to fulfill fixed data aspect with adjustable data limits.
2025-09-26 19:47:27 - ui.charts_window - INFO - Charts data refreshed from Tree view
2025-09-26 19:47:29 - ui.charts_window - ERROR - Error creating bar chart: 'Category'
2025-09-26 19:47:29 - matplotlib.axes._base - WARNING - Ignoring fixed x limits to fulfill fixed data aspect with adjustable data limits.
2025-09-26 19:47:29 - ui.charts_window - INFO - Charts data refreshed from Tree view
2025-09-26 19:47:31 - ui.charts_window - ERROR - Error creating bar chart: 'Category'
2025-09-26 19:47:31 - matplotlib.axes._base - WARNING - Ignoring fixed x limits to fulfill fixed data aspect with adjustable data limits.
2025-09-26 19:47:31 - ui.charts_window - INFO - Charts data refreshed from Tree view
2025-09-26 19:47:33 - ui.charts_window - ERROR - Error creating bar chart: 'Category'
2025-09-26 19:47:33 - matplotlib.axes._base - WARNING - Ignoring fixed x limits to fulfill fixed data aspect with adjustable data limits.
2025-09-26 19:47:33 - ui.charts_window - INFO - Charts data refreshed from Tree view
2025-09-26 19:47:35 - ui.charts_window - ERROR - Error creating bar chart: 'Category'
2025-09-26 19:47:35 - matplotlib.axes._base - WARNING - Ignoring fixed x limits to fulfill fixed data aspect with adjustable data limits.
2025-09-26 19:47:35 - ui.charts_window - INFO - Charts data refreshed from Tree view
2025-09-26 19:47:38 - ui.charts_window - INFO - Charts data refreshed from Tree view
2025-09-26 19:47:40 - ui.charts_window - INFO - Charts data refreshed from Tree view
2025-09-26 19:47:42 - ui.charts_window - INFO - Charts data refreshed from Tree view
2025-09-26 19:47:44 - ui.charts_window - INFO - Charts data refreshed from Tree view
2025-09-26 19:47:46 - ui.charts_window - INFO - Charts data refreshed from Tree view
2025-09-26 19:47:48 - ui.charts_window - INFO - Charts data refreshed from Tree view
2025-09-26 19:47:50 - ui.charts_window - INFO - Charts data refreshed from Tree view
2025-09-26 19:47:52 - ui.charts_window - INFO - Charts data refreshed from Tree view
2025-09-26 19:47:54 - ui.charts_window - INFO - Charts data refreshed from Tree view
2025-09-26 19:47:56 - ui.charts_window - INFO - Charts data refreshed from Tree view
2025-09-26 19:47:59 - ui.charts_window - INFO - Charts data refreshed from Tree view
2025-09-26 19:48:01 - ui.charts_window - INFO - Charts data refreshed from Tree view
2025-09-26 19:48:03 - ui.charts_window - INFO - Charts data refreshed from Tree view
2025-09-26 19:48:05 - ui.charts_window - INFO - Charts data refreshed from Tree view
2025-09-26 19:48:07 - ui.charts_window - INFO - Charts data refreshed from Tree view
2025-09-26 19:48:09 - ui.charts_window - INFO - Charts data refreshed from Tree view
2025-09-26 19:48:11 - ui.charts_window - INFO - Charts data refreshed from Tree view
2025-09-26 19:48:13 - ui.charts_window - INFO - Charts data refreshed from Tree view
2025-09-26 19:48:15 - ui.charts_window - INFO - Charts data refreshed from Tree view
2025-09-26 19:48:17 - ui.charts_window - INFO - Charts data refreshed from Tree view
2025-09-26 19:48:20 - ui.charts_window - INFO - Charts data refreshed from Tree view
2025-09-26 19:48:22 - ui.charts_window - INFO - Charts data refreshed from Tree view
2025-09-26 19:48:24 - ui.charts_window - INFO - Charts data refreshed from Tree view
2025-09-26 19:48:26 - ui.charts_window - INFO - Charts data refreshed from Tree view
2025-09-26 19:48:28 - ui.charts_window - INFO - Charts data refreshed from Tree view
2025-09-26 19:48:30 - ui.charts_window - INFO - Charts data refreshed from Tree view
2025-09-26 19:48:32 - ui.charts_window - INFO - Charts data refreshed from Tree view
2025-09-26 19:48:34 - ui.charts_window - INFO - Charts data refreshed from Tree view
2025-09-26 19:48:36 - ui.charts_window - INFO - Charts data refreshed from Tree view
2025-09-26 19:48:38 - ui.charts_window - INFO - Charts data refreshed from Tree view
2025-09-26 19:48:40 - ui.charts_window - INFO - Charts data refreshed from Tree view
2025-09-26 19:48:43 - ui.charts_window - INFO - Charts data refreshed from Tree view
2025-09-26 19:48:45 - ui.charts_window - INFO - Charts data refreshed from Tree view
2025-09-26 19:48:47 - ui.charts_window - INFO - Charts data refreshed from Tree view
2025-09-26 19:48:49 - ui.charts_window - INFO - Charts data refreshed from Tree view
2025-09-26 19:48:51 - ui.charts_window - INFO - Charts data refreshed from Tree view
2025-09-26 19:48:53 - ui.charts_window - INFO - Charts data refreshed from Tree view
2025-09-26 19:48:55 - ui.charts_window - INFO - Charts data refreshed from Tree view
2025-09-26 19:48:57 - ui.charts_window - INFO - Charts data refreshed from Tree view
2025-09-26 19:48:59 - ui.charts_window - INFO - Charts data refreshed from Tree view
2025-09-26 19:49:01 - ui.charts_window - INFO - Charts data refreshed from Tree view
2025-09-26 19:49:04 - ui.charts_window - INFO - Charts data refreshed from Tree view
2025-09-26 19:49:06 - ui.charts_window - INFO - Charts data refreshed from Tree view
2025-09-26 19:49:08 - ui.charts_window - INFO - Charts data refreshed from Tree view
2025-09-26 19:49:10 - ui.charts_window - INFO - Charts data refreshed from Tree view
2025-09-26 19:49:12 - ui.charts_window - INFO - Charts data refreshed from Tree view
2025-09-26 19:49:14 - ui.charts_window - INFO - Charts data refreshed from Tree view
2025-09-26 19:49:16 - ui.charts_window - INFO - Charts data refreshed from Tree view
2025-09-26 19:49:18 - ui.charts_window - INFO - Charts data refreshed from Tree view
2025-09-26 19:49:20 - ui.charts_window - INFO - Charts data refreshed from Tree view
2025-09-26 19:49:22 - ui.charts_window - INFO - Charts data refreshed from Tree view
2025-09-26 19:49:24 - ui.charts_window - INFO - Charts data refreshed from Tree view
2025-09-26 19:49:27 - ui.charts_window - INFO - Charts data refreshed from Tree view
2025-09-26 19:49:29 - ui.charts_window - INFO - Charts data refreshed from Tree view
2025-09-26 19:49:31 - ui.charts_window - INFO - Charts data refreshed from Tree view
2025-09-26 19:49:33 - ui.charts_window - INFO - Charts data refreshed from Tree view
2025-09-26 19:49:35 - ui.charts_window - INFO - Charts data refreshed from Tree view
2025-09-26 19:49:37 - ui.charts_window - INFO - Charts data refreshed from Tree view
2025-09-26 19:49:39 - ui.charts_window - INFO - Charts data refreshed from Tree view
2025-09-26 19:49:41 - ui.charts_window - INFO - Charts data refreshed from Tree view
2025-09-26 19:49:43 - ui.charts_window - INFO - Charts data refreshed from Tree view
2025-09-26 19:49:45 - ui.charts_window - INFO - Charts data refreshed from Tree view
2025-09-26 19:49:47 - ui.charts_window - INFO - Charts data refreshed from Tree view
2025-09-26 19:49:50 - ui.charts_window - INFO - Charts data refreshed from Tree view
2025-09-26 19:49:52 - ui.charts_window - INFO - Charts data refreshed from Tree view
2025-09-26 19:49:54 - ui.charts_window - INFO - Charts data refreshed from Tree view
2025-09-26 19:49:56 - ui.charts_window - INFO - Charts data refreshed from Tree view
2025-09-26 19:49:58 - ui.charts_window - INFO - Charts data refreshed from Tree view
2025-09-26 19:50:00 - ui.charts_window - INFO - Charts data refreshed from Tree view
2025-09-26 19:50:02 - ui.charts_window - INFO - Charts data refreshed from Tree view
2025-09-26 19:50:04 - ui.charts_window - INFO - Charts data refreshed from Tree view
2025-09-26 19:50:06 - ui.charts_window - INFO - Charts data refreshed from Tree view
2025-09-26 19:50:08 - ui.charts_window - INFO - Charts data refreshed from Tree view
2025-09-26 19:50:10 - ui.charts_window - INFO - Charts data refreshed from Tree view
2025-09-26 19:50:12 - ui.charts_window - INFO - Charts data refreshed from Tree view
2025-09-26 19:50:14 - ui.charts_window - INFO - Charts data refreshed from Tree view
2025-09-26 19:50:17 - ui.charts_window - INFO - Charts data refreshed from Tree view
2025-09-26 19:50:19 - ui.charts_window - INFO - Charts data refreshed from Tree view
2025-09-26 19:50:21 - ui.charts_window - INFO - Charts data refreshed from Tree view
2025-09-26 19:50:23 - ui.charts_window - INFO - Charts data refreshed from Tree view
2025-09-26 19:50:25 - ui.charts_window - INFO - Charts data refreshed from Tree view
2025-09-26 19:50:27 - ui.charts_window - INFO - Charts data refreshed from Tree view
2025-09-26 19:50:29 - ui.charts_window - INFO - Charts data refreshed from Tree view
2025-09-26 19:50:31 - ui.charts_window - INFO - Charts data refreshed from Tree view
2025-09-26 19:50:33 - ui.charts_window - INFO - Charts data refreshed from Tree view
2025-09-26 19:50:35 - ui.charts_window - INFO - Charts data refreshed from Tree view
2025-09-26 19:50:37 - ui.charts_window - INFO - Charts data refreshed from Tree view
2025-09-26 19:50:39 - ui.charts_window - INFO - Charts data refreshed from Tree view
2025-09-26 19:50:41 - ui.charts_window - INFO - Charts data refreshed from Tree view
2025-09-26 19:50:44 - ui.charts_window - INFO - Charts data refreshed from Tree view
2025-09-26 19:50:46 - ui.charts_window - INFO - Charts data refreshed from Tree view
2025-09-26 19:50:48 - ui.charts_window - INFO - Charts data refreshed from Tree view
2025-09-26 19:50:50 - ui.charts_window - INFO - Charts data refreshed from Tree view
2025-09-26 19:50:52 - ui.charts_window - INFO - Charts data refreshed from Tree view
2025-09-26 19:50:54 - ui.charts_window - INFO - Charts data refreshed from Tree view
2025-09-26 19:50:56 - ui.charts_window - INFO - Charts data refreshed from Tree view
2025-09-26 19:50:58 - ui.charts_window - INFO - Charts data refreshed from Tree view
2025-09-26 19:51:00 - ui.charts_window - INFO - Charts data refreshed from Tree view
2025-09-26 19:51:02 - ui.charts_window - INFO - Charts data refreshed from Tree view
2025-09-26 19:51:04 - ui.charts_window - INFO - Charts data refreshed from Tree view
2025-09-26 19:51:06 - ui.charts_window - INFO - Charts data refreshed from Tree view
2025-09-26 19:51:08 - ui.charts_window - INFO - Charts data refreshed from Tree view
2025-09-26 19:51:11 - ui.charts_window - INFO - Charts data refreshed from Tree view
2025-09-26 19:51:13 - ui.charts_window - INFO - Charts data refreshed from Tree view
2025-09-26 19:51:15 - ui.charts_window - INFO - Charts data refreshed from Tree view
2025-09-26 19:51:17 - ui.charts_window - INFO - Charts data refreshed from Tree view
2025-09-26 19:51:19 - ui.charts_window - INFO - Charts data refreshed from Tree view
2025-09-26 19:51:21 - ui.charts_window - INFO - Charts data refreshed from Tree view
2025-09-26 19:51:23 - ui.charts_window - INFO - Charts data refreshed from Tree view
2025-09-26 19:51:25 - ui.charts_window - INFO - Charts data refreshed from Tree view
2025-09-26 19:51:27 - ui.charts_window - INFO - Charts data refreshed from Tree view
2025-09-26 19:51:29 - ui.charts_window - INFO - Charts data refreshed from Tree view
2025-09-26 19:51:31 - ui.charts_window - INFO - Charts data refreshed from Tree view
2025-09-26 19:51:33 - ui.charts_window - INFO - Charts data refreshed from Tree view
2025-09-26 19:51:35 - ui.charts_window - INFO - Charts data refreshed from Tree view
2025-09-26 19:51:38 - ui.charts_window - INFO - Charts data refreshed from Tree view
2025-09-26 19:51:40 - ui.charts_window - INFO - Charts data refreshed from Tree view
2025-09-26 19:51:42 - ui.charts_window - INFO - Charts data refreshed from Tree view
2025-09-26 19:51:44 - ui.charts_window - INFO - Charts data refreshed from Tree view
2025-09-26 19:51:46 - ui.charts_window - INFO - Charts data refreshed from Tree view
2025-09-26 19:51:48 - ui.charts_window - INFO - Charts data refreshed from Tree view
2025-09-26 19:51:50 - ui.charts_window - INFO - Charts data refreshed from Tree view
2025-09-26 19:51:52 - ui.charts_window - INFO - Charts data refreshed from Tree view
2025-09-26 19:51:54 - ui.charts_window - INFO - Charts data refreshed from Tree view
2025-09-26 19:51:56 - ui.charts_window - INFO - Charts data refreshed from Tree view
2025-09-26 19:51:58 - ui.charts_window - INFO - Charts data refreshed from Tree view
2025-09-26 19:52:00 - ui.charts_window - INFO - Charts data refreshed from Tree view
2025-09-26 19:52:02 - ui.charts_window - INFO - Charts data refreshed from Tree view
2025-09-26 19:52:04 - ui.charts_window - INFO - Charts data refreshed from Tree view
2025-09-26 19:52:07 - ui.charts_window - INFO - Charts data refreshed from Tree view
2025-09-26 19:52:09 - ui.charts_window - INFO - Charts data refreshed from Tree view
2025-09-26 19:52:11 - ui.charts_window - INFO - Charts data refreshed from Tree view
2025-09-26 19:52:13 - ui.charts_window - INFO - Charts data refreshed from Tree view
2025-09-26 19:52:15 - ui.charts_window - INFO - Charts data refreshed from Tree view
2025-09-26 19:52:17 - ui.charts_window - INFO - Charts data refreshed from Tree view
2025-09-26 19:52:19 - ui.charts_window - INFO - Charts data refreshed from Tree view
2025-09-26 19:52:21 - ui.charts_window - INFO - Charts data refreshed from Tree view
2025-09-26 19:52:23 - ui.charts_window - INFO - Charts data refreshed from Tree view
2025-09-26 19:52:25 - ui.charts_window - INFO - Charts data refreshed from Tree view
2025-09-26 19:52:27 - ui.charts_window - INFO - Charts data refreshed from Tree view
2025-09-26 19:52:29 - ui.charts_window - INFO - Charts data refreshed from Tree view
2025-09-26 19:52:31 - ui.charts_window - INFO - Charts data refreshed from Tree view
2025-09-26 19:52:33 - ui.charts_window - INFO - Charts data refreshed from Tree view
2025-09-26 19:52:35 - ui.charts_window - INFO - Charts data refreshed from Tree view
2025-09-26 19:52:38 - ui.charts_window - INFO - Charts data refreshed from Tree view
2025-09-26 19:52:38 - ui.main_window - INFO - Application closing
2025-09-26 19:52:38 - core.config_manager - INFO - Configuration saved to G:\My Drive\0dev\Search Utility v3\tender_management_v3\config\config.json
