2025-09-23 17:22:20 - root - INFO - Logging to file: G:\My Drive\0dev\Search Utility v3\tender_management_v3\logs\app_20250923_172219.log
2025-09-23 17:22:20 - root - INFO - Application starting...
2025-09-23 17:22:20 - ui.main_window.MainApplication - INFO - Initializing MainApplication...
2025-09-23 17:22:20 - core.config_manager - INFO - Configuration loaded from G:\My Drive\0dev\Search Utility v3\tender_management_v3\config\config.json
2025-09-23 17:22:20 - ui.main_window.MainApplication - INFO - Global configuration loaded successfully
2025-09-23 17:22:20 - ui.main_window.MainApplication - INFO - Window geometry set to 1200x800+168+32
2025-09-23 17:22:21 - ui.search_dashboard_tab.SearchDashboardTab - INFO - Applying status filter: live
2025-09-23 17:22:21 - ui.calendar_tab.CalendarTab - INFO - CalendarTab initialized
2025-09-23 17:22:21 - ui.calendar_tab.CalendarTab - INFO - Loaded 12 calendar events from G:\My Drive\0dev\Search Utility v3\tender_management_v3\data\calendar_events.json
2025-09-23 17:22:21 - ui.tender_tasks_tab.TenderTasksTab - INFO - TenderTasksTab initialized (placeholder)
2025-09-23 17:22:21 - ui.settings_tab.SettingsTab - INFO - SettingsTab initialized
2025-09-23 17:22:21 - ui.logs_tab.LogsTab - INFO - Log handler attached to root logger
2025-09-23 17:22:21 - ui.main_window.MainApplication - INFO - All tabs initialized successfully
2025-09-23 17:22:21 - ui.main_window - INFO - Main application initialized
2025-09-23 17:22:21 - root - INFO - Main window initialized
2025-09-23 18:03:09 - ui.search_dashboard_tab.SearchDashboardTab - INFO - Applying status filter: live
2025-09-23 18:03:09 - ui.search_dashboard_tab.SearchDashboardTab - INFO - Live tenders filter: 1174 records closing after 2025-09-23 18:03:09.298600
2025-09-23 18:03:38 - ui.search_dashboard_tab.SearchDashboardTab - INFO - Live tenders filter: 1174 records closing after 2025-09-23 18:03:38.343835
2025-09-23 18:03:38 - ui.search_dashboard_tab.SearchDashboardTab - INFO - Department filter applied: 14 records match 'sidc' with OR logic
2025-09-23 18:04:13 - ui.search_dashboard_tab.SearchDashboardTab - INFO - Live tenders filter: 1174 records closing after 2025-09-23 18:04:13.938113
2025-09-23 18:04:13 - ui.search_dashboard_tab.SearchDashboardTab - INFO - Department filter applied: 14 records match 'sidc' with OR logic
2025-09-23 18:04:13 - ui.search_dashboard_tab.SearchDashboardTab - INFO - Global search applied: 14 records match 'b' with AND logic
2025-09-23 18:04:14 - ui.search_dashboard_tab.SearchDashboardTab - INFO - Live tenders filter: 1174 records closing after 2025-09-23 18:04:14.395288
2025-09-23 18:04:14 - ui.search_dashboard_tab.SearchDashboardTab - INFO - Department filter applied: 14 records match 'sidc' with OR logic
2025-09-23 18:04:14 - ui.search_dashboard_tab.SearchDashboardTab - INFO - Global search applied: 1 records match 'bed' with AND logic
2025-09-23 18:04:14 - ui.search_dashboard_tab.SearchDashboardTab - INFO - Live tenders filter: 1174 records closing after 2025-09-23 18:04:14.681668
2025-09-23 18:04:14 - ui.search_dashboard_tab.SearchDashboardTab - INFO - Department filter applied: 14 records match 'sidc' with OR logic
2025-09-23 18:04:14 - ui.search_dashboard_tab.SearchDashboardTab - INFO - Global search applied: 1 records match 'bed' with AND logic
2025-09-23 18:04:27 - ui.search_dashboard_tab.SearchDashboardTab - INFO - Live tenders filter: 1174 records closing after 2025-09-23 18:04:27.077341
2025-09-23 18:04:27 - ui.search_dashboard_tab.SearchDashboardTab - INFO - Department filter applied: 14 records match 'sidc' with OR logic
2025-09-23 18:04:27 - ui.search_dashboard_tab.SearchDashboardTab - INFO - Global search applied: 14 records match 'g' with AND logic
2025-09-23 18:04:27 - ui.search_dashboard_tab.SearchDashboardTab - INFO - Live tenders filter: 1174 records closing after 2025-09-23 18:04:27.585084
2025-09-23 18:04:27 - ui.search_dashboard_tab.SearchDashboardTab - INFO - Department filter applied: 14 records match 'sidc' with OR logic
2025-09-23 18:04:27 - ui.search_dashboard_tab.SearchDashboardTab - INFO - Global search applied: 6 records match 'ga' with AND logic
2025-09-23 18:04:27 - ui.search_dashboard_tab.SearchDashboardTab - INFO - Live tenders filter: 1174 records closing after 2025-09-23 18:04:27.940316
2025-09-23 18:04:27 - ui.search_dashboard_tab.SearchDashboardTab - INFO - Department filter applied: 14 records match 'sidc' with OR logic
2025-09-23 18:04:27 - ui.search_dashboard_tab.SearchDashboardTab - INFO - Global search applied: 2 records match 'gag' with AND logic
2025-09-23 18:04:28 - ui.search_dashboard_tab.SearchDashboardTab - INFO - Live tenders filter: 1174 records closing after 2025-09-23 18:04:28.936181
2025-09-23 18:04:28 - ui.search_dashboard_tab.SearchDashboardTab - INFO - Department filter applied: 14 records match 'sidc' with OR logic
2025-09-23 18:04:28 - ui.search_dashboard_tab.SearchDashboardTab - INFO - Global search applied: 2 records match 'gagret' with AND logic
