2025-08-31 11:02:41 - root - INFO - Logging to file: G:\My Drive\0dev\Search Utility v3\tender_management_v3\logs\app_20250831_110241.log
2025-08-31 11:02:41 - root - INFO - Application starting...
2025-08-31 11:02:41 - ui.main_window.MainApplication - INFO - Initializing MainApplication...
2025-08-31 11:02:41 - core.config_manager - INFO - Configuration loaded from G:\My Drive\0dev\Search Utility v3\tender_management_v3\config\config.json
2025-08-31 11:02:41 - ui.main_window.MainApplication - INFO - Global configuration loaded successfully
2025-08-31 11:02:41 - ui.main_window.MainApplication - INFO - Window icon set successfully: resources\app_icon.ico
2025-08-31 11:02:41 - ui.main_window.MainApplication - INFO - Window geometry set to 1200x800+168+32
2025-08-31 11:02:42 - ui.calendar_tab.CalendarTab - INFO - CalendarTab initialized
2025-08-31 11:02:42 - ui.calendar_tab.CalendarTab - INFO - Loaded 12 calendar events from G:\My Drive\0dev\Search Utility v3\tender_management_v3\data\calendar_events.json
2025-08-31 11:02:42 - ui.tender_tasks_tab.TenderTasksTab - INFO - TenderTasksTab initialized (placeholder)
2025-08-31 11:02:42 - ui.settings_tab.SettingsTab - INFO - SettingsTab initialized
2025-08-31 11:02:42 - ui.logs_tab.LogsTab - INFO - Log handler attached to root logger
2025-08-31 11:02:42 - ui.main_window.MainApplication - INFO - All tabs initialized successfully
2025-08-31 11:02:42 - ui.main_window - INFO - Main application initialized
2025-08-31 11:02:42 - root - INFO - Main window initialized
2025-08-31 11:02:42 - core.config_manager - INFO - Configuration saved to G:\My Drive\0dev\Search Utility v3\tender_management_v3\config\config.json
2025-08-31 11:02:42 - core.data_processor.TenderDataProcessor - INFO - Loading data from: G:/My Drive/0dev/Search Utility v3/tender_management_v3/data/merged_data\hptenders_gov_in_consolidated_master.xlsx
2025-08-31 11:02:43 - core.data_processor.TenderDataProcessor - INFO - Total columns in data: 10
2025-08-31 11:02:43 - core.data_processor.TenderDataProcessor - INFO - Found potential closing date column: 'Closing Date'
2025-08-31 11:02:43 - core.data_processor.TenderDataProcessor - INFO - Sample values before conversion for 'Closing Date': [Timestamp('2025-06-05 13:00:00'), Timestamp('2025-05-27 13:00:00'), Timestamp('2025-05-27 12:00:00'), Timestamp('2025-06-20 15:00:00'), Timestamp('2025-06-24 11:00:00')]
2025-08-31 11:02:43 - core.data_processor.TenderDataProcessor - INFO - Converted 'Closing Date' using format '%Y-%m-%d %H:%M:%S': 9816/9816 values
2025-08-31 11:02:43 - core.data_processor.TenderDataProcessor - INFO - Sample values after conversion for 'Closing Date': [Timestamp('2025-06-05 13:00:00'), Timestamp('2025-05-27 13:00:00'), Timestamp('2025-05-27 12:00:00'), Timestamp('2025-06-20 15:00:00'), Timestamp('2025-06-24 11:00:00')]
2025-08-31 11:02:43 - core.data_processor.TenderDataProcessor - INFO - Successfully loaded 9816 records from 1 files.
2025-08-31 11:02:50 - ui.search_dashboard_tab.SearchDashboardTab - INFO - Treeview updated with 9816 rows.
2025-08-31 11:02:50 - ui.search_dashboard_tab.SearchDashboardTab - INFO - Restored previous session data from 1 files
2025-08-31 11:02:50 - ui.main_window.MainApplication - INFO - Initial data loaded for Search tab
2025-08-31 11:03:11 - ui.search_dashboard_tab.SearchDashboardTab - INFO - Applying date filter preset: live
2025-08-31 11:03:11 - ui.search_dashboard_tab.SearchDashboardTab - INFO - Treeview updated with 367 rows.
2025-08-31 11:03:11 - ui.search_dashboard_tab.SearchDashboardTab - INFO - Applied filters: {'CaseInsensitive': True, 'DateFilter': {'type': 'live'}}
2025-08-31 11:03:30 - ui.search_dashboard_tab.SearchDashboardTab - INFO - Sorting by Closing Date ASC
2025-08-31 11:03:30 - ui.search_dashboard_tab.SearchDashboardTab - INFO - Treeview updated with 367 rows.
2025-08-31 11:03:39 - ui.search_dashboard_tab.SearchDashboardTab - INFO - Sorting by Closing Date DESC
2025-08-31 11:03:39 - ui.search_dashboard_tab.SearchDashboardTab - INFO - Treeview updated with 367 rows.
2025-08-31 11:03:45 - ui.search_dashboard_tab.SearchDashboardTab - INFO - Sorting by Closing Date ASC
2025-08-31 11:03:45 - ui.search_dashboard_tab.SearchDashboardTab - INFO - Treeview updated with 367 rows.
2025-08-31 11:03:48 - ui.search_dashboard_tab.SearchDashboardTab - INFO - Applying date filter preset: today
2025-08-31 11:03:48 - ui.search_dashboard_tab.SearchDashboardTab - INFO - Treeview updated with 2 rows.
2025-08-31 11:03:48 - ui.search_dashboard_tab.SearchDashboardTab - INFO - Applied filters: {'CaseInsensitive': True, 'DateFilter': {'type': 'today'}}
2025-08-31 11:04:01 - ui.search_dashboard_tab.SearchDashboardTab - INFO - Applying custom date-time filter: 2025-08-31 20:00:00 -> 2025-08-31 23:59:59
2025-08-31 11:04:01 - core.data_processor.TenderDataProcessor - INFO - Custom date filter: 2025-08-31 00:00:00 to 2025-08-31 23:59:59
2025-08-31 11:04:01 - core.data_processor.TenderDataProcessor - INFO - Custom date filter returned 2 records
2025-08-31 11:04:01 - ui.search_dashboard_tab.SearchDashboardTab - INFO - Treeview updated with 2 rows.
2025-08-31 11:04:01 - ui.search_dashboard_tab.SearchDashboardTab - INFO - Applied filters: {'CaseInsensitive': True, 'DateFilter': {'type': 'custom', 'start_date': '2025-08-31', 'end_date': '2025-08-31', 'start_datetime': '2025-08-31 20:00:00', 'end_datetime': '2025-08-31 23:59:59'}}
2025-08-31 11:04:24 - ui.search_dashboard_tab.SearchDashboardTab - INFO - Applying custom date-time filter: 2025-08-31 20:00:00 -> 2025-08-31 23:59:59
2025-08-31 11:04:24 - core.data_processor.TenderDataProcessor - INFO - Custom date filter: 2025-08-31 00:00:00 to 2025-08-31 23:59:59
2025-08-31 11:04:24 - core.data_processor.TenderDataProcessor - INFO - Custom date filter returned 2 records
2025-08-31 11:04:24 - ui.search_dashboard_tab.SearchDashboardTab - INFO - Treeview updated with 2 rows.
2025-08-31 11:04:24 - ui.search_dashboard_tab.SearchDashboardTab - INFO - Applied filters: {'CaseInsensitive': True, 'DateFilter': {'type': 'custom', 'start_date': '2025-08-31', 'end_date': '2025-08-31', 'start_datetime': '2025-08-31 20:00:00', 'end_datetime': '2025-08-31 23:59:59'}}
