2025-09-06 17:04:43 - root - INFO - Logging to file: G:\My Drive\0dev\Search Utility v3\tender_management_v3\logs\app_20250906_170443.log
2025-09-06 17:04:43 - root - INFO - Application starting...
2025-09-06 17:04:43 - ui.main_window.MainApplication - INFO - Initializing MainApplication...
2025-09-06 17:04:43 - core.config_manager - INFO - Configuration loaded from G:\My Drive\0dev\Search Utility v3\tender_management_v3\config\config.json
2025-09-06 17:04:43 - ui.main_window.MainApplication - INFO - Global configuration loaded successfully
2025-09-06 17:04:43 - ui.main_window.MainApplication - INFO - Window geometry set to 1200x800+168+32
2025-09-06 17:04:43 - ui.search_dashboard_tab.SearchDashboardTab - INFO - Applying status filter: live
2025-09-06 17:04:44 - ui.calendar_tab.CalendarTab - INFO - CalendarTab initialized
2025-09-06 17:04:44 - ui.calendar_tab.CalendarTab - INFO - Loaded 12 calendar events from G:\My Drive\0dev\Search Utility v3\tender_management_v3\data\calendar_events.json
2025-09-06 17:04:44 - ui.tender_tasks_tab.TenderTasksTab - INFO - TenderTasksTab initialized (placeholder)
2025-09-06 17:04:44 - ui.settings_tab.SettingsTab - INFO - SettingsTab initialized
2025-09-06 17:04:44 - ui.logs_tab.LogsTab - INFO - Log handler attached to root logger
2025-09-06 17:04:44 - ui.main_window.MainApplication - INFO - All tabs initialized successfully
2025-09-06 17:04:44 - ui.main_window - INFO - Main application initialized
2025-09-06 17:04:44 - root - INFO - Main window initialized
2025-09-06 17:05:07 - ui.search_dashboard_tab.SearchDashboardTab - INFO - Applying status filter: live
2025-09-06 17:05:07 - ui.search_dashboard_tab.SearchDashboardTab - INFO - Live tenders filter: 50 records closing after 2025-09-06 17:05:07.023646
2025-09-06 17:05:28 - ui.search_dashboard_tab.SearchDashboardTab - INFO - Applying status filter: expired
2025-09-06 17:05:28 - ui.search_dashboard_tab.SearchDashboardTab - INFO - Expired tenders filter: 9766 records closed before 2025-09-06 17:05:28.666864
2025-09-06 17:05:39 - ui.search_dashboard_tab.SearchDashboardTab - INFO - Applying time filter: today
2025-09-06 17:05:39 - ui.search_dashboard_tab.SearchDashboardTab - INFO - Time range filter (today) with status (expired): 20 records
2025-09-06 17:06:14 - ui.search_dashboard_tab.SearchDashboardTab - INFO - Applied custom date range filter: 2025-09-06 00:00:00 to 2025-09-06 11:59:00, 16 records matching
2025-09-06 17:06:30 - ui.search_dashboard_tab.SearchDashboardTab - INFO - Applying status filter: live
2025-09-06 17:06:30 - ui.search_dashboard_tab.SearchDashboardTab - INFO - Live tenders filter: 50 records closing after 2025-09-06 17:06:30.740849
