2025-08-27 14:42:07 - root - INFO - Logging to file: G:\My Drive\0dev\Search Utility v3\tender_management_v3\logs\app_20250827_144207.log
2025-08-27 14:42:07 - root - INFO - Application starting...
2025-08-27 14:42:07 - core.config_manager - INFO - Configuration loaded from G:\My Drive\0dev\Search Utility v3\tender_management_v3\config\config.json
2025-08-27 14:42:07 - ui.main_window - INFO - Global styles configured
2025-08-27 14:42:08 - ui.calendar_tab.CalendarTab - INFO - CalendarTab initialized
2025-08-27 14:42:08 - ui.calendar_tab.CalendarTab - INFO - Loaded 12 calendar events from G:\My Drive\0dev\Search Utility v3\tender_management_v3\data\calendar_events.json
2025-08-27 14:42:08 - ui.tender_tasks_tab.TenderTasksTab - INFO - TenderTasksTab initialized (placeholder)
2025-08-27 14:42:08 - ui.settings_tab.SettingsTab - INFO - SettingsTab initialized
2025-08-27 14:42:08 - ui.logs_tab.LogsTab - INFO - Log handler attached to root logger
2025-08-27 14:42:08 - ui.main_window - INFO - Main application initialized
2025-08-27 14:42:08 - root - INFO - Main window initialized
2025-08-27 14:42:18 - core.config_manager - INFO - Configuration saved to G:\My Drive\0dev\Search Utility v3\tender_management_v3\config\config.json
2025-08-27 14:42:18 - ui.search_dashboard_tab.SearchDashboardTab - INFO - Added folder: G:/My Drive/0dev/Search Utility v3/tender_management_v3/data/merged_data
2025-08-27 14:42:22 - core.config_manager - INFO - Configuration saved to G:\My Drive\0dev\Search Utility v3\tender_management_v3\config\config.json
2025-08-27 14:42:22 - core.data_processor.TenderDataProcessor - INFO - Loading data from: G:/My Drive/0dev/Search Utility v3/tender_management_v3/data/merged_data\hptenders_gov_in_consolidated_master.xlsx
2025-08-27 14:42:24 - core.data_processor.TenderDataProcessor - INFO - Total columns in data: 10
2025-08-27 14:42:24 - core.data_processor.TenderDataProcessor - INFO - Found potential closing date column: 'Closing Date'
2025-08-27 14:42:24 - core.data_processor.TenderDataProcessor - INFO - Sample values before conversion for 'Closing Date': [Timestamp('2025-06-05 13:00:00'), Timestamp('2025-05-27 13:00:00'), Timestamp('2025-05-27 12:00:00'), Timestamp('2025-06-20 15:00:00'), Timestamp('2025-06-24 11:00:00')]
2025-08-27 14:42:24 - core.data_processor.TenderDataProcessor - INFO - Converted 'Closing Date' using format '%Y-%m-%d %H:%M:%S': 9816/9816 values
2025-08-27 14:42:24 - core.data_processor.TenderDataProcessor - INFO - Sample values after conversion for 'Closing Date': [Timestamp('2025-06-05 13:00:00'), Timestamp('2025-05-27 13:00:00'), Timestamp('2025-05-27 12:00:00'), Timestamp('2025-06-20 15:00:00'), Timestamp('2025-06-24 11:00:00')]
2025-08-27 14:42:24 - core.data_processor.TenderDataProcessor - INFO - Successfully loaded 9816 records from 1 files.
2025-08-27 14:42:33 - ui.search_dashboard_tab.SearchDashboardTab - INFO - Updated treeview with 9816 rows.
2025-08-27 14:47:13 - ui.search_dashboard_tab.SearchDashboardTab - INFO - Applying date filter preset: expired
2025-08-27 14:47:20 - ui.search_dashboard_tab.SearchDashboardTab - INFO - Updated treeview with 9028 rows.
2025-08-27 14:47:20 - ui.search_dashboard_tab.SearchDashboardTab - INFO - Applied filters: {'CaseInsensitive': True, 'DateFilter': {'type': 'expired'}}
2025-08-27 14:47:29 - ui.search_dashboard_tab.SearchDashboardTab - INFO - Applying date filter preset: expired
2025-08-27 14:47:36 - ui.search_dashboard_tab.SearchDashboardTab - INFO - Updated treeview with 9028 rows.
2025-08-27 14:47:36 - ui.search_dashboard_tab.SearchDashboardTab - INFO - Applied filters: {'CaseInsensitive': True, 'DateFilter': {'type': 'expired'}}
