2025-09-24 19:37:15 - root - INFO - Logging to file: G:\My Drive\0dev\Search Utility v3\tender_management_v3\logs\app_20250924_193715.log
2025-09-24 19:37:15 - root - INFO - Application starting...
2025-09-24 19:37:15 - ui.main_window.MainApplication - INFO - Initializing MainApplication...
2025-09-24 19:37:15 - core.config_manager - INFO - Configuration loaded from G:\My Drive\0dev\Search Utility v3\tender_management_v3\config\config.json
2025-09-24 19:37:15 - ui.main_window.MainApplication - INFO - Global configuration loaded successfully
2025-09-24 19:37:15 - ui.main_window.MainApplication - INFO - Window geometry set to 1200x800+168+32
2025-09-24 19:37:16 - ui.search_dashboard_tab.SearchDashboardTab - INFO - Applying status filter: live
2025-09-24 19:37:16 - ui.calendar_tab.CalendarTab - INFO - CalendarTab initialized
2025-09-24 19:37:16 - ui.calendar_tab.CalendarTab - INFO - Loaded 12 calendar events from G:\My Drive\0dev\Search Utility v3\tender_management_v3\data\calendar_events.json
2025-09-24 19:37:16 - ui.tender_tasks_tab.TenderTasksTab - INFO - TenderTasksTab initialized (placeholder)
2025-09-24 19:37:16 - ui.settings_tab.SettingsTab - INFO - SettingsTab initialized
2025-09-24 19:37:16 - ui.logs_tab.LogsTab - INFO - Log handler attached to root logger
2025-09-24 19:37:16 - ui.main_window.MainApplication - INFO - All tabs initialized successfully
2025-09-24 19:37:16 - ui.main_window - INFO - Main application initialized
2025-09-24 19:37:16 - root - INFO - Main window initialized
2025-09-24 19:37:33 - ui.portal_merger_tab.PortalDataMergerTab - INFO - Added new files for merging: ('H:/My Drive/CRM T84/0 Live App/Search data/input_excel_files/hptenders_consolidated_master.xlsx',)
2025-09-24 19:37:34 - ui.portal_merger_tab.PortalDataMergerTab - INFO - Starting batch merge process via UI. Output Folder='H:/My Drive/CRM T84/0 Live App/Search data/merged_data'
2025-09-24 19:37:34 - ui.portal_merger_tab.PortalDataMergerTab - INFO - Processing portal hptenders with 1 files
2025-09-24 19:37:34 - ui.portal_merger_tab.PortalDataMergerTab - INFO - Sorted 1 files for portal 'hptenders', oldest first.
2025-09-24 19:37:34 - ui.portal_merger_tab.PortalDataMergerTab - INFO - Portal hptenders: Processing files in this order:
  1. hptenders_consolidated_master.xlsx

2025-09-24 19:37:34 - core.file_merger - INFO - Backup of 'hptenders_consolidated_master.xlsx' created at 'H:/My Drive/CRM T84/0 Live App/Search data/merged_data\portal_backups\hptenders\hptenders_consolidated_master_backup_20250924_193734.zip'
2025-09-24 19:37:36 - core.file_merger - INFO - Starting with 13810 existing records from master file.
2025-09-24 19:37:37 - core.file_merger - INFO - Loaded 13809 records from hptenders_consolidated_master.xlsx
2025-09-24 19:37:37 - core.file_merger - INFO - Columns in combined data: ['Department Name', 'S.No', 'e-Published Date', 'Closing Date', 'Opening Date', 'Organisation Chain', 'Title and Ref.No./Tender ID', 'Tender ID (Extracted)', 'Direct URL', 'Status URL']
2025-09-24 19:37:37 - core.file_merger - INFO - Preferred unique keys: ['Tender ID (Extracted)', 'Title and Ref.No./Tender ID', 'Tender ID']
2025-09-24 19:37:37 - core.file_merger - INFO - Selected unique key: Tender ID (Extracted)
2025-09-24 19:37:37 - core.file_merger - INFO - Merge for portal 'hptenders': 27619 total input records -> 13810 unique records (removed 13809 duplicates)
2025-09-24 19:37:39 - core.file_merger - INFO - Successfully merged 1 files for portal 'hptenders'.
Summary: 13810 total records in merged file
• 0 new records added
• 13810 existing records updated with newer data
• 13809 duplicate records resolved
Output file: hptenders_consolidated_master.xlsx
2025-09-24 19:37:43 - ui.portal_merger_tab.PortalDataMergerTab - INFO - Batch merge process completed. Success: 1, Fail: 0
2025-09-24 19:37:44 - ui.portal_merger_tab.PortalDataMergerTab - WARNING - Search tab does not support loading merged file.
2025-09-24 19:37:44 - ui.portal_merger_tab.PortalDataMergerTab - INFO - Cleared all files from merge list.
