2025-09-27 20:13:16 - root - INFO - Logging to file: G:\My Drive\0dev\Search Utility v3\tender_management_v3\logs\app_20250927_201316.log
2025-09-27 20:13:16 - root - INFO - Application starting...
2025-09-27 20:13:16 - ui.main_window.MainApplication - INFO - Initializing MainApplication...
2025-09-27 20:13:16 - core.config_manager - INFO - Configuration loaded from G:\My Drive\0dev\Search Utility v3\tender_management_v3\config\config.json
2025-09-27 20:13:16 - ui.main_window.MainApplication - INFO - Global configuration loaded successfully
2025-09-27 20:13:16 - ui.main_window.MainApplication - INFO - Window geometry set to 1200x800+168+32
2025-09-27 20:13:17 - ui.search_dashboard_tab.SearchDashboardTab - INFO - Applying status filter: live
2025-09-27 20:13:17 - ui.calendar_tab.CalendarTab - INFO - CalendarTab initialized
2025-09-27 20:13:17 - ui.calendar_tab.CalendarTab - INFO - Loaded 12 calendar events from G:\My Drive\0dev\Search Utility v3\tender_management_v3\data\calendar_events.json
2025-09-27 20:13:17 - ui.tender_tasks_tab.TenderTasksTab - INFO - TenderTasksTab initialized (placeholder)
2025-09-27 20:13:17 - ui.settings_tab.SettingsTab - INFO - SettingsTab initialized
2025-09-27 20:13:17 - ui.performance_tab.PerformanceTab - ERROR - Error updating system info: 'PerformanceTab' object has no attribute 'performance_tester'
2025-09-27 20:13:17 - ui.performance_tab.PerformanceTab - INFO - Performance tab initialized
2025-09-27 20:13:17 - ui.logs_tab.LogsTab - INFO - Log handler attached to root logger
2025-09-27 20:13:17 - ui.main_window.MainApplication - INFO - All tabs initialized successfully
2025-09-27 20:13:17 - ui.main_window - INFO - Main application initialized
2025-09-27 20:13:17 - root - INFO - Main window initialized
2025-09-27 20:13:18 - ui.search_dashboard_tab.SearchDashboardTab - INFO - Loading last used data source: export_test_data.xlsx
2025-09-27 20:13:22 - ui.search_dashboard_tab.SearchDashboardTab - INFO - Detected URL columns: []
2025-09-27 20:13:22 - ui.search_dashboard_tab.SearchDashboardTab - INFO - Applying status filter: live
2025-09-27 20:13:25 - ui.search_dashboard_tab.SearchDashboardTab - INFO - Live tenders filter: 0 records closing after 2025-09-27 20:13:25.510789
2025-09-27 20:13:25 - ui.search_dashboard_tab.SearchDashboardTab - INFO - Loaded merged file for analysis: export_test_data.xlsx (15000 records)
2025-09-27 20:13:25 - ui.search_dashboard_tab.SearchDashboardTab - INFO - Successfully loaded last used data source: export_test_data.xlsx
2025-09-27 20:13:25 - ui.main_window.MainApplication - INFO - Initial data loaded for Search tab
2025-09-27 20:13:35 - ui.performance_tab.PerformanceTab - INFO - Performance monitoring started
2025-09-27 20:16:49 - ui.settings_tab.SettingsTab - INFO - Settings tab selected and refreshed
2025-09-27 20:18:30 - ui.search_dashboard_tab.SearchDashboardTab - INFO - Applying time filter: next_7_days
2025-09-27 20:18:32 - ui.search_dashboard_tab.SearchDashboardTab - INFO - Live tenders filter: 0 records closing after 2025-09-27 20:18:32.461966
