2025-09-26 19:10:40 - root - INFO - Logging to file: G:\My Drive\0dev\Search Utility v3\tender_management_v3\logs\app_20250926_191040.log
2025-09-26 19:10:40 - root - INFO - Application starting...
2025-09-26 19:10:41 - ui.main_window.MainApplication - INFO - Initializing MainApplication...
2025-09-26 19:10:41 - core.config_manager - INFO - Configuration loaded from G:\My Drive\0dev\Search Utility v3\tender_management_v3\config\config.json
2025-09-26 19:10:41 - ui.main_window.MainApplication - INFO - Global configuration loaded successfully
2025-09-26 19:10:41 - ui.main_window.MainApplication - INFO - Window geometry set to 1200x800+168+32
2025-09-26 19:10:41 - ui.search_dashboard_tab.SearchDashboardTab - INFO - Applying status filter: live
2025-09-26 19:10:42 - ui.calendar_tab.CalendarTab - INFO - CalendarTab initialized
2025-09-26 19:10:42 - ui.calendar_tab.CalendarTab - INFO - Loaded 12 calendar events from G:\My Drive\0dev\Search Utility v3\tender_management_v3\data\calendar_events.json
2025-09-26 19:10:42 - ui.tender_tasks_tab.TenderTasksTab - INFO - TenderTasksTab initialized (placeholder)
2025-09-26 19:10:42 - ui.settings_tab.SettingsTab - INFO - SettingsTab initialized
2025-09-26 19:10:42 - ui.logs_tab.LogsTab - INFO - Log handler attached to root logger
2025-09-26 19:10:42 - ui.main_window.MainApplication - INFO - All tabs initialized successfully
2025-09-26 19:10:42 - ui.main_window - INFO - Main application initialized
2025-09-26 19:10:42 - root - INFO - Main window initialized
2025-09-26 19:11:13 - ui.search_dashboard_tab.SearchDashboardTab - INFO - Detected URL columns: ['Direct URL', 'Status URL']
2025-09-26 19:11:13 - ui.search_dashboard_tab.SearchDashboardTab - INFO - Applying status filter: live
2025-09-26 19:11:13 - ui.search_dashboard_tab.SearchDashboardTab - INFO - Live tenders filter: 1375 records closing after 2025-09-26 19:11:13.593805
2025-09-26 19:11:13 - ui.search_dashboard_tab.SearchDashboardTab - INFO - Detected URL columns: ['Direct URL', 'Status URL']
2025-09-26 19:11:22 - ui.charts_window - INFO - Charts data refreshed from Tree view
2025-09-26 19:11:27 - ui.charts_window - INFO - Charts data refreshed from Tree view
2025-09-26 19:11:32 - ui.charts_window - INFO - Charts data refreshed from Tree view
2025-09-26 19:11:37 - ui.charts_window - INFO - Charts data refreshed from Tree view
2025-09-26 19:11:42 - ui.charts_window - INFO - Charts data refreshed from Tree view
2025-09-26 19:11:48 - ui.charts_window - INFO - Charts data refreshed from Tree view
2025-09-26 19:11:53 - ui.charts_window - INFO - Charts data refreshed from Tree view
2025-09-26 19:11:58 - ui.charts_window - INFO - Charts data refreshed from Tree view
2025-09-26 19:12:03 - ui.charts_window - INFO - Charts data refreshed from Tree view
2025-09-26 19:12:08 - ui.charts_window - INFO - Charts data refreshed from Tree view
2025-09-26 19:12:13 - ui.charts_window - INFO - Charts data refreshed from Tree view
2025-09-26 19:12:18 - ui.charts_window - INFO - Charts data refreshed from Tree view
2025-09-26 19:12:23 - ui.charts_window - INFO - Charts data refreshed from Tree view
2025-09-26 19:12:28 - ui.charts_window - INFO - Charts data refreshed from Tree view
2025-09-26 19:12:33 - ui.charts_window - INFO - Charts data refreshed from Tree view
2025-09-26 19:12:38 - ui.charts_window - INFO - Charts data refreshed from Tree view
2025-09-26 19:12:43 - ui.charts_window - INFO - Charts data refreshed from Tree view
2025-09-26 19:12:49 - ui.charts_window - INFO - Charts data refreshed from Tree view
2025-09-26 19:12:54 - ui.charts_window - INFO - Charts data refreshed from Tree view
2025-09-26 19:12:59 - ui.charts_window - INFO - Charts data refreshed from Tree view
2025-09-26 19:13:04 - ui.charts_window - INFO - Charts data refreshed from Tree view
2025-09-26 19:13:09 - ui.charts_window - INFO - Charts data refreshed from Tree view
2025-09-26 19:13:14 - ui.charts_window - INFO - Charts data refreshed from Tree view
2025-09-26 19:13:19 - ui.charts_window - INFO - Charts data refreshed from Tree view
2025-09-26 19:13:24 - ui.charts_window - INFO - Charts data refreshed from Tree view
2025-09-26 19:13:29 - ui.charts_window - INFO - Charts data refreshed from Tree view
2025-09-26 19:13:34 - ui.charts_window - INFO - Charts data refreshed from Tree view
2025-09-26 19:13:39 - ui.charts_window - INFO - Charts data refreshed from Tree view
2025-09-26 19:13:44 - ui.charts_window - INFO - Charts data refreshed from Tree view
2025-09-26 19:13:49 - ui.charts_window - INFO - Charts data refreshed from Tree view
2025-09-26 19:13:55 - ui.charts_window - INFO - Charts data refreshed from Tree view
2025-09-26 19:13:58 - ui.main_window - INFO - Application closing
2025-09-26 19:13:58 - core.config_manager - INFO - Configuration saved to G:\My Drive\0dev\Search Utility v3\tender_management_v3\config\config.json
