2025-09-29 13:26:51 - root - INFO - Logging to file: G:\My Drive\0dev\Search Utility v3\tender_management_v3\logs\app_20250929_132651.log
2025-09-29 13:26:51 - root - INFO - Application starting...
2025-09-29 13:26:51 - ui.main_window.MainApplication - INFO - Initializing MainApplication...
2025-09-29 13:26:51 - core.config_manager - INFO - Configuration loaded from G:\My Drive\0dev\Search Utility v3\tender_management_v3\config\config.json
2025-09-29 13:26:51 - ui.main_window.MainApplication - INFO - Global configuration loaded successfully
2025-09-29 13:26:51 - ui.main_window.MainApplication - INFO - Window geometry set to 1200x800+168+32
2025-09-29 13:26:51 - ui.search_dashboard_tab.SearchDashboardTab - INFO - Applying status filter: live
2025-09-29 13:26:52 - ui.calendar_tab.CalendarTab - INFO - CalendarTab initialized
2025-09-29 13:26:52 - ui.calendar_tab.CalendarTab - INFO - Loaded 12 calendar events from G:\My Drive\0dev\Search Utility v3\tender_management_v3\data\calendar_events.json
2025-09-29 13:26:52 - ui.tender_tasks_tab.TenderTasksTab - INFO - TenderTasksTab initialized (placeholder)
2025-09-29 13:26:52 - ui.settings_tab.SettingsTab - INFO - Default column settings initialized
2025-09-29 13:26:52 - ui.settings_tab.SettingsTab - INFO - Loaded column settings for 18 columns
2025-09-29 13:26:52 - ui.settings_tab.SettingsTab - INFO - SettingsTab initialized
2025-09-29 13:26:52 - ui.logs_tab.LogsTab - INFO - Log handler attached to root logger
2025-09-29 13:26:52 - ui.main_window.MainApplication - INFO - All tabs initialized successfully
2025-09-29 13:26:52 - ui.main_window - INFO - Main application initialized
2025-09-29 13:26:52 - root - INFO - Main window initialized
2025-09-29 13:26:52 - ui.main_window.MainApplication - INFO - Applying ultra-minimal tab styling...
2025-09-29 13:26:52 - ui.main_window.MainApplication - INFO - Ultra-minimal tab styling applied successfully
2025-09-29 13:26:53 - ui.search_dashboard_tab.SearchDashboardTab - INFO - Loading merged data from settings path: H:/My Drive/CRM T84/0 Live App/Search data/merged_data
2025-09-29 13:26:56 - ui.search_dashboard_tab.SearchDashboardTab - INFO - Detected URL columns: ['Direct URL', 'Status URL']
2025-09-29 13:26:56 - ui.search_dashboard_tab.SearchDashboardTab - INFO - Applied column settings to treeview: 11 columns
2025-09-29 13:26:56 - ui.search_dashboard_tab.SearchDashboardTab - INFO - Applying status filter: live
2025-09-29 13:26:56 - ui.search_dashboard_tab.SearchDashboardTab - INFO - Live tenders filter: 1244 records closing after 2025-09-29 13:26:56.618930
2025-09-29 13:26:56 - ui.search_dashboard_tab.SearchDashboardTab - INFO - Detected URL columns: ['Direct URL', 'Status URL']
2025-09-29 13:26:56 - ui.search_dashboard_tab.SearchDashboardTab - INFO - Applied column settings to treeview: 11 columns
2025-09-29 13:26:56 - ui.search_dashboard_tab.SearchDashboardTab - INFO - Auto-loaded 1 files with 14425 total records from: H:/My Drive/CRM T84/0 Live App/Search data/merged_data
2025-09-29 13:26:56 - ui.search_dashboard_tab.SearchDashboardTab - INFO - Successfully loaded merged data from settings: H:/My Drive/CRM T84/0 Live App/Search data/merged_data
2025-09-29 13:26:56 - ui.main_window.MainApplication - INFO - Initial data loaded for Search tab
2025-09-29 13:27:17 - ui.search_dashboard_tab.SearchDashboardTab - INFO - Live tenders filter: 1244 records closing after 2025-09-29 13:27:17.072760
2025-09-29 13:27:17 - ui.search_dashboard_tab.SearchDashboardTab - INFO - Global search applied: 486 records match 'un' with AND logic
2025-09-29 13:27:17 - ui.search_dashboard_tab.SearchDashboardTab - INFO - Detected URL columns: ['Direct URL', 'Status URL']
2025-09-29 13:27:17 - ui.search_dashboard_tab.SearchDashboardTab - INFO - Applied column settings to treeview: 11 columns
2025-09-29 13:27:17 - ui.search_dashboard_tab.SearchDashboardTab - INFO - Live tenders filter: 1244 records closing after 2025-09-29 13:27:17.425977
2025-09-29 13:27:17 - ui.search_dashboard_tab.SearchDashboardTab - INFO - Global search applied: 486 records match 'un' with AND logic
2025-09-29 13:27:17 - ui.search_dashboard_tab.SearchDashboardTab - INFO - Detected URL columns: ['Direct URL', 'Status URL']
2025-09-29 13:27:17 - ui.search_dashboard_tab.SearchDashboardTab - INFO - Applied column settings to treeview: 11 columns
2025-09-29 13:27:17 - ui.charts_window - INFO - Charts data refreshed from Tree view
2025-09-29 13:27:18 - ui.search_dashboard_tab.SearchDashboardTab - INFO - Live tenders filter: 1244 records closing after 2025-09-29 13:27:18.016157
2025-09-29 13:27:18 - ui.search_dashboard_tab.SearchDashboardTab - INFO - Global search applied: 36 records match 'una' with AND logic
2025-09-29 13:27:18 - ui.search_dashboard_tab.SearchDashboardTab - INFO - Detected URL columns: ['Direct URL', 'Status URL']
2025-09-29 13:27:18 - ui.search_dashboard_tab.SearchDashboardTab - INFO - Applied column settings to treeview: 11 columns
2025-09-29 13:27:19 - ui.charts_window - INFO - Charts data refreshed from Tree view
2025-09-29 13:27:21 - ui.search_dashboard_tab.SearchDashboardTab - INFO - Live tenders filter: 1244 records closing after 2025-09-29 13:27:21.539953
2025-09-29 13:27:21 - ui.search_dashboard_tab.SearchDashboardTab - INFO - Detected URL columns: ['Direct URL', 'Status URL']
2025-09-29 13:27:21 - ui.search_dashboard_tab.SearchDashboardTab - INFO - Applied column settings to treeview: 11 columns
2025-09-29 13:27:21 - ui.charts_window - INFO - Charts data refreshed from Tree view
2025-09-29 13:27:49 - ui.search_dashboard_tab.SearchDashboardTab - INFO - Applying time filter: today
2025-09-29 13:27:49 - ui.search_dashboard_tab.SearchDashboardTab - INFO - Live tenders filter: 1244 records closing after 2025-09-29 13:27:49.553133
2025-09-29 13:27:49 - ui.search_dashboard_tab.SearchDashboardTab - INFO - Time range filter (today) with status (live): 160 records
2025-09-29 13:27:49 - ui.search_dashboard_tab.SearchDashboardTab - INFO - Detected URL columns: ['Direct URL', 'Status URL']
2025-09-29 13:27:49 - ui.search_dashboard_tab.SearchDashboardTab - INFO - Applied column settings to treeview: 11 columns
2025-09-29 13:27:50 - ui.charts_window - INFO - Charts data refreshed from Tree view
2025-09-29 13:28:39 - ui.search_dashboard_tab.SearchDashboardTab - INFO - Applying time filter: next_30_days
2025-09-29 13:28:39 - ui.search_dashboard_tab.SearchDashboardTab - INFO - Live tenders filter: 1244 records closing after 2025-09-29 13:28:39.137196
2025-09-29 13:28:39 - ui.search_dashboard_tab.SearchDashboardTab - INFO - Time range filter (next_30_days) with status (live): 1243 records
2025-09-29 13:28:39 - ui.search_dashboard_tab.SearchDashboardTab - INFO - Detected URL columns: ['Direct URL', 'Status URL']
2025-09-29 13:28:39 - ui.search_dashboard_tab.SearchDashboardTab - INFO - Applied column settings to treeview: 11 columns
2025-09-29 13:28:40 - ui.charts_window - INFO - Charts data refreshed from Tree view
2025-09-29 13:48:17 - ui.main_window - INFO - Application closing
2025-09-29 13:48:17 - core.config_manager - INFO - Configuration saved to G:\My Drive\0dev\Search Utility v3\tender_management_v3\config\config.json
