2025-08-31 10:43:28 - root - INFO - Logging to file: G:\My Drive\0dev\Search Utility v3\tender_management_v3\logs\app_20250831_104328.log
2025-08-31 10:43:28 - root - INFO - Application starting...
2025-08-31 10:43:29 - ui.main_window.MainApplication - INFO - Initializing MainApplication...
2025-08-31 10:43:29 - core.config_manager - INFO - Configuration loaded from G:\My Drive\0dev\Search Utility v3\tender_management_v3\config\config.json
2025-08-31 10:43:29 - ui.main_window.MainApplication - INFO - Global configuration loaded successfully
2025-08-31 10:43:29 - ui.main_window.MainApplication - INFO - Window icon set successfully: resources\app_icon.ico
2025-08-31 10:43:29 - ui.main_window.MainApplication - INFO - Window geometry set to 1200x800+168+32
2025-08-31 10:43:30 - ui.calendar_tab.CalendarTab - INFO - CalendarTab initialized
2025-08-31 10:43:30 - ui.calendar_tab.CalendarTab - INFO - Loaded 12 calendar events from G:\My Drive\0dev\Search Utility v3\tender_management_v3\data\calendar_events.json
2025-08-31 10:43:30 - ui.tender_tasks_tab.TenderTasksTab - INFO - TenderTasksTab initialized (placeholder)
2025-08-31 10:43:30 - ui.settings_tab.SettingsTab - INFO - SettingsTab initialized
2025-08-31 10:43:30 - ui.logs_tab.LogsTab - INFO - Log handler attached to root logger
2025-08-31 10:43:30 - ui.main_window.MainApplication - INFO - All tabs initialized successfully
2025-08-31 10:43:30 - ui.main_window - INFO - Main application initialized
2025-08-31 10:43:30 - root - INFO - Main window initialized
2025-08-31 10:43:30 - core.config_manager - INFO - Configuration saved to G:\My Drive\0dev\Search Utility v3\tender_management_v3\config\config.json
2025-08-31 10:43:30 - core.data_processor.TenderDataProcessor - INFO - Loading data from: G:/My Drive/0dev/Search Utility v3/tender_management_v3/data/merged_data\hptenders_gov_in_consolidated_master.xlsx
2025-08-31 10:43:31 - core.data_processor.TenderDataProcessor - INFO - Total columns in data: 10
2025-08-31 10:43:31 - core.data_processor.TenderDataProcessor - INFO - Found potential closing date column: 'Closing Date'
2025-08-31 10:43:31 - core.data_processor.TenderDataProcessor - INFO - Sample values before conversion for 'Closing Date': [Timestamp('2025-06-05 13:00:00'), Timestamp('2025-05-27 13:00:00'), Timestamp('2025-05-27 12:00:00'), Timestamp('2025-06-20 15:00:00'), Timestamp('2025-06-24 11:00:00')]
2025-08-31 10:43:31 - core.data_processor.TenderDataProcessor - INFO - Converted 'Closing Date' using format '%Y-%m-%d %H:%M:%S': 9816/9816 values
2025-08-31 10:43:31 - core.data_processor.TenderDataProcessor - INFO - Sample values after conversion for 'Closing Date': [Timestamp('2025-06-05 13:00:00'), Timestamp('2025-05-27 13:00:00'), Timestamp('2025-05-27 12:00:00'), Timestamp('2025-06-20 15:00:00'), Timestamp('2025-06-24 11:00:00')]
2025-08-31 10:43:31 - core.data_processor.TenderDataProcessor - INFO - Successfully loaded 9816 records from 1 files.
2025-08-31 10:43:38 - ui.search_dashboard_tab.SearchDashboardTab - INFO - Treeview updated with 9816 rows.
2025-08-31 10:43:38 - ui.search_dashboard_tab.SearchDashboardTab - INFO - Restored previous session data from 1 files
2025-08-31 10:43:38 - ui.main_window.MainApplication - INFO - Initial data loaded for Search tab
2025-08-31 10:44:43 - ui.search_dashboard_tab.SearchDashboardTab - INFO - Applying custom date-time filter: 2025-08-01 00:00 -> 2025-09-01 09:59
2025-08-31 10:44:43 - core.data_processor.TenderDataProcessor - INFO - Custom date filter: 2025-08-01 00:00:00 to 2025-09-01 23:59:59
2025-08-31 10:44:43 - core.data_processor.TenderDataProcessor - INFO - Custom date filter returned 2751 records
2025-08-31 10:44:44 - ui.search_dashboard_tab.SearchDashboardTab - INFO - Treeview updated with 2751 rows.
2025-08-31 10:44:44 - ui.search_dashboard_tab.SearchDashboardTab - INFO - Applied filters: {'CaseInsensitive': True, 'DateFilter': {'type': 'custom', 'start_date': '2025-08-01', 'end_date': '2025-09-01', 'start_datetime': '2025-08-01 00:00', 'end_datetime': '2025-09-01 09:59'}}
2025-08-31 10:45:08 - ui.search_dashboard_tab.SearchDashboardTab - INFO - Applying custom date-time filter: 2025-08-30 00:00 -> 2025-09-01 09:59
2025-08-31 10:45:08 - core.data_processor.TenderDataProcessor - INFO - Custom date filter: 2025-08-30 00:00:00 to 2025-09-01 23:59:59
2025-08-31 10:45:08 - core.data_processor.TenderDataProcessor - INFO - Custom date filter returned 270 records
2025-08-31 10:45:08 - ui.search_dashboard_tab.SearchDashboardTab - INFO - Treeview updated with 270 rows.
2025-08-31 10:45:08 - ui.search_dashboard_tab.SearchDashboardTab - INFO - Applied filters: {'CaseInsensitive': True, 'DateFilter': {'type': 'custom', 'start_date': '2025-08-30', 'end_date': '2025-09-01', 'start_datetime': '2025-08-30 00:00', 'end_datetime': '2025-09-01 09:59'}}
2025-08-31 10:45:16 - ui.search_dashboard_tab.SearchDashboardTab - INFO - Sorting by Closing Date ASC
2025-08-31 10:45:17 - ui.search_dashboard_tab.SearchDashboardTab - INFO - Treeview updated with 270 rows.
2025-08-31 10:46:50 - ui.search_dashboard_tab.SearchDashboardTab - INFO - Applying date filter preset: live
2025-08-31 10:46:50 - ui.search_dashboard_tab.SearchDashboardTab - INFO - Treeview updated with 367 rows.
2025-08-31 10:46:50 - ui.search_dashboard_tab.SearchDashboardTab - INFO - Applied filters: {'CaseInsensitive': True, 'DateFilter': {'type': 'live'}}
2025-08-31 10:47:21 - ui.search_dashboard_tab.SearchDashboardTab - INFO - Applying custom date-time filter: 2025-08-31 00:00 -> 2025-09-01 09:59
2025-08-31 10:47:21 - core.data_processor.TenderDataProcessor - INFO - Custom date filter: 2025-08-31 00:00:00 to 2025-09-01 23:59:59
2025-08-31 10:47:21 - core.data_processor.TenderDataProcessor - INFO - Custom date filter returned 137 records
2025-08-31 10:47:21 - ui.search_dashboard_tab.SearchDashboardTab - INFO - Treeview updated with 137 rows.
2025-08-31 10:47:21 - ui.search_dashboard_tab.SearchDashboardTab - INFO - Applied filters: {'CaseInsensitive': True, 'DateFilter': {'type': 'custom', 'start_date': '2025-08-31', 'end_date': '2025-09-01', 'start_datetime': '2025-08-31 00:00', 'end_datetime': '2025-09-01 09:59'}}
2025-08-31 10:47:46 - ui.search_dashboard_tab.SearchDashboardTab - INFO - Applying custom date-time filter: 2025-08-31 00:00 -> 2025-09-01 09:59
2025-08-31 10:47:46 - core.data_processor.TenderDataProcessor - INFO - Custom date filter: 2025-08-31 00:00:00 to 2025-09-01 23:59:59
2025-08-31 10:47:46 - core.data_processor.TenderDataProcessor - INFO - Custom date filter returned 137 records
2025-08-31 10:47:46 - ui.search_dashboard_tab.SearchDashboardTab - INFO - Treeview updated with 137 rows.
2025-08-31 10:47:46 - ui.search_dashboard_tab.SearchDashboardTab - INFO - Applied filters: {'CaseInsensitive': True, 'DateFilter': {'type': 'custom', 'start_date': '2025-08-31', 'end_date': '2025-09-01', 'start_datetime': '2025-08-31 00:00', 'end_datetime': '2025-09-01 09:59'}}
2025-08-31 10:47:53 - ui.search_dashboard_tab.SearchDashboardTab - INFO - Sorting by Closing Date DESC
2025-08-31 10:47:53 - ui.search_dashboard_tab.SearchDashboardTab - INFO - Treeview updated with 137 rows.
2025-08-31 10:47:55 - ui.search_dashboard_tab.SearchDashboardTab - INFO - Sorting by Closing Date ASC
2025-08-31 10:47:55 - ui.search_dashboard_tab.SearchDashboardTab - INFO - Treeview updated with 137 rows.
2025-08-31 10:49:07 - ui.search_dashboard_tab.SearchDashboardTab - INFO - Applying custom date-time filter: 2025-08-31 00:00 -> 2025-09-01 19:59
2025-08-31 10:49:07 - core.data_processor.TenderDataProcessor - INFO - Custom date filter: 2025-08-31 00:00:00 to 2025-09-01 23:59:59
2025-08-31 10:49:07 - core.data_processor.TenderDataProcessor - INFO - Custom date filter returned 137 records
2025-08-31 10:49:07 - ui.search_dashboard_tab.SearchDashboardTab - INFO - Treeview updated with 137 rows.
2025-08-31 10:49:07 - ui.search_dashboard_tab.SearchDashboardTab - INFO - Applied filters: {'CaseInsensitive': True, 'DateFilter': {'type': 'custom', 'start_date': '2025-08-31', 'end_date': '2025-09-01', 'start_datetime': '2025-08-31 00:00', 'end_datetime': '2025-09-01 19:59'}}
2025-08-31 10:49:27 - ui.search_dashboard_tab.SearchDashboardTab - INFO - Applying custom date-time filter: 2025-08-31 11:00 -> 2025-09-01 19:59
2025-08-31 10:49:27 - core.data_processor.TenderDataProcessor - INFO - Custom date filter: 2025-08-31 00:00:00 to 2025-09-01 23:59:59
2025-08-31 10:49:27 - core.data_processor.TenderDataProcessor - INFO - Custom date filter returned 137 records
2025-08-31 10:49:28 - ui.search_dashboard_tab.SearchDashboardTab - INFO - Treeview updated with 137 rows.
2025-08-31 10:49:28 - ui.search_dashboard_tab.SearchDashboardTab - INFO - Applied filters: {'CaseInsensitive': True, 'DateFilter': {'type': 'custom', 'start_date': '2025-08-31', 'end_date': '2025-09-01', 'start_datetime': '2025-08-31 11:00', 'end_datetime': '2025-09-01 19:59'}}
2025-08-31 10:49:32 - ui.search_dashboard_tab.SearchDashboardTab - INFO - Applying custom date-time filter: 2025-08-31 11:00 -> 2025-09-01 19:59
2025-08-31 10:49:32 - core.data_processor.TenderDataProcessor - INFO - Custom date filter: 2025-08-31 00:00:00 to 2025-09-01 23:59:59
2025-08-31 10:49:32 - core.data_processor.TenderDataProcessor - INFO - Custom date filter returned 137 records
2025-08-31 10:49:32 - ui.search_dashboard_tab.SearchDashboardTab - INFO - Treeview updated with 137 rows.
2025-08-31 10:49:32 - ui.search_dashboard_tab.SearchDashboardTab - INFO - Applied filters: {'CaseInsensitive': True, 'DateFilter': {'type': 'custom', 'start_date': '2025-08-31', 'end_date': '2025-09-01', 'start_datetime': '2025-08-31 11:00', 'end_datetime': '2025-09-01 19:59'}}
2025-08-31 10:49:41 - ui.search_dashboard_tab.SearchDashboardTab - INFO - Applying custom date-time filter: 2025-08-31 14:00 -> 2025-09-01 19:59
2025-08-31 10:49:41 - core.data_processor.TenderDataProcessor - INFO - Custom date filter: 2025-08-31 00:00:00 to 2025-09-01 23:59:59
2025-08-31 10:49:41 - core.data_processor.TenderDataProcessor - INFO - Custom date filter returned 137 records
2025-08-31 10:49:41 - ui.search_dashboard_tab.SearchDashboardTab - INFO - Treeview updated with 137 rows.
2025-08-31 10:49:41 - ui.search_dashboard_tab.SearchDashboardTab - INFO - Applied filters: {'CaseInsensitive': True, 'DateFilter': {'type': 'custom', 'start_date': '2025-08-31', 'end_date': '2025-09-01', 'start_datetime': '2025-08-31 14:00', 'end_datetime': '2025-09-01 19:59'}}
2025-08-31 10:49:54 - ui.search_dashboard_tab.SearchDashboardTab - INFO - Treeview updated with 9816 rows.
2025-08-31 10:49:54 - ui.search_dashboard_tab.SearchDashboardTab - INFO - Applied filters: {'CaseInsensitive': True}
2025-08-31 10:49:54 - ui.search_dashboard_tab.SearchDashboardTab - INFO - All filters have been reset - visual feedback cleared
2025-08-31 10:49:58 - ui.search_dashboard_tab.SearchDashboardTab - INFO - Applying date filter preset: live
2025-08-31 10:49:59 - ui.search_dashboard_tab.SearchDashboardTab - INFO - Treeview updated with 367 rows.
2025-08-31 10:49:59 - ui.search_dashboard_tab.SearchDashboardTab - INFO - Applied filters: {'CaseInsensitive': True, 'DateFilter': {'type': 'live'}}
2025-08-31 10:50:13 - ui.search_dashboard_tab.SearchDashboardTab - INFO - Applying date filter preset: live
2025-08-31 10:50:13 - ui.search_dashboard_tab.SearchDashboardTab - INFO - Treeview updated with 367 rows.
2025-08-31 10:50:13 - ui.search_dashboard_tab.SearchDashboardTab - INFO - Applied filters: {'CaseInsensitive': True, 'DateFilter': {'type': 'live'}}
2025-08-31 10:50:15 - ui.search_dashboard_tab.SearchDashboardTab - INFO - Applying date filter preset: today
2025-08-31 10:50:15 - ui.search_dashboard_tab.SearchDashboardTab - INFO - Treeview updated with 2 rows.
2025-08-31 10:50:15 - ui.search_dashboard_tab.SearchDashboardTab - INFO - Applied filters: {'CaseInsensitive': True, 'DateFilter': {'type': 'today'}}
2025-08-31 10:50:16 - ui.search_dashboard_tab.SearchDashboardTab - INFO - Applying date filter preset: next_3_days
2025-08-31 10:50:16 - ui.search_dashboard_tab.SearchDashboardTab - INFO - Treeview updated with 247 rows.
2025-08-31 10:50:16 - ui.search_dashboard_tab.SearchDashboardTab - INFO - Applied filters: {'CaseInsensitive': True, 'DateFilter': {'type': 'next_3_days'}}
2025-08-31 10:50:16 - ui.search_dashboard_tab.SearchDashboardTab - INFO - Applying date filter preset: next_7_days
2025-08-31 10:50:16 - ui.search_dashboard_tab.SearchDashboardTab - INFO - Treeview updated with 317 rows.
2025-08-31 10:50:16 - ui.search_dashboard_tab.SearchDashboardTab - INFO - Applied filters: {'CaseInsensitive': True, 'DateFilter': {'type': 'next_7_days'}}
2025-08-31 10:50:17 - ui.search_dashboard_tab.SearchDashboardTab - INFO - Applying date filter preset: next_30_days
2025-08-31 10:50:17 - ui.search_dashboard_tab.SearchDashboardTab - INFO - Treeview updated with 367 rows.
2025-08-31 10:50:17 - ui.search_dashboard_tab.SearchDashboardTab - INFO - Applied filters: {'CaseInsensitive': True, 'DateFilter': {'type': 'next_30_days'}}
2025-08-31 10:50:18 - ui.search_dashboard_tab.SearchDashboardTab - INFO - Applying date filter preset: expired
2025-08-31 10:50:25 - ui.search_dashboard_tab.SearchDashboardTab - INFO - Treeview updated with 9449 rows.
2025-08-31 10:50:25 - ui.search_dashboard_tab.SearchDashboardTab - INFO - Applied filters: {'CaseInsensitive': True, 'DateFilter': {'type': 'expired'}}
2025-08-31 10:50:25 - ui.search_dashboard_tab.SearchDashboardTab - INFO - Applying date filter preset: all
2025-08-31 10:50:34 - ui.search_dashboard_tab.SearchDashboardTab - INFO - Treeview updated with 9816 rows.
2025-08-31 10:50:34 - ui.search_dashboard_tab.SearchDashboardTab - INFO - Applied filters: {'CaseInsensitive': True, 'DateFilter': {'type': 'all'}}
2025-08-31 10:51:25 - ui.search_dashboard_tab.SearchDashboardTab - INFO - Applying date filter preset: live
2025-08-31 10:51:25 - ui.search_dashboard_tab.SearchDashboardTab - INFO - Treeview updated with 367 rows.
2025-08-31 10:51:25 - ui.search_dashboard_tab.SearchDashboardTab - INFO - Applied filters: {'CaseInsensitive': True, 'DateFilter': {'type': 'live'}}
2025-08-31 10:51:37 - ui.search_dashboard_tab.SearchDashboardTab - INFO - Applying custom date-time filter: 2025-08-31 11:00 -> 2025-08-31 23:59
2025-08-31 10:51:37 - core.data_processor.TenderDataProcessor - INFO - Custom date filter: 2025-08-31 00:00:00 to 2025-08-31 23:59:59
2025-08-31 10:51:37 - core.data_processor.TenderDataProcessor - INFO - Custom date filter returned 2 records
2025-08-31 10:51:37 - ui.search_dashboard_tab.SearchDashboardTab - INFO - Treeview updated with 2 rows.
2025-08-31 10:51:37 - ui.search_dashboard_tab.SearchDashboardTab - INFO - Applied filters: {'CaseInsensitive': True, 'DateFilter': {'type': 'custom', 'start_date': '2025-08-31', 'end_date': '2025-08-31', 'start_datetime': '2025-08-31 11:00', 'end_datetime': '2025-08-31 23:59'}}
2025-08-31 10:51:53 - ui.search_dashboard_tab.SearchDashboardTab - INFO - Applying custom date-time filter: 2025-08-31 18:00 -> 2025-08-31 23:59
2025-08-31 10:51:53 - core.data_processor.TenderDataProcessor - INFO - Custom date filter: 2025-08-31 00:00:00 to 2025-08-31 23:59:59
2025-08-31 10:51:53 - core.data_processor.TenderDataProcessor - INFO - Custom date filter returned 2 records
2025-08-31 10:51:53 - ui.search_dashboard_tab.SearchDashboardTab - INFO - Treeview updated with 2 rows.
2025-08-31 10:51:53 - ui.search_dashboard_tab.SearchDashboardTab - INFO - Applied filters: {'CaseInsensitive': True, 'DateFilter': {'type': 'custom', 'start_date': '2025-08-31', 'end_date': '2025-08-31', 'start_datetime': '2025-08-31 18:00', 'end_datetime': '2025-08-31 23:59'}}
2025-08-31 10:51:56 - ui.search_dashboard_tab.SearchDashboardTab - INFO - Applying custom date-time filter: 2025-08-31 18:00 -> 2025-08-31 23:59
2025-08-31 10:51:56 - core.data_processor.TenderDataProcessor - INFO - Custom date filter: 2025-08-31 00:00:00 to 2025-08-31 23:59:59
2025-08-31 10:51:56 - core.data_processor.TenderDataProcessor - INFO - Custom date filter returned 2 records
2025-08-31 10:51:56 - ui.search_dashboard_tab.SearchDashboardTab - INFO - Treeview updated with 2 rows.
2025-08-31 10:51:56 - ui.search_dashboard_tab.SearchDashboardTab - INFO - Applied filters: {'CaseInsensitive': True, 'DateFilter': {'type': 'custom', 'start_date': '2025-08-31', 'end_date': '2025-08-31', 'start_datetime': '2025-08-31 18:00', 'end_datetime': '2025-08-31 23:59'}}
2025-08-31 10:51:57 - ui.search_dashboard_tab.SearchDashboardTab - INFO - Applying custom date-time filter: 2025-08-31 18:00 -> 2025-08-31 23:59
2025-08-31 10:51:57 - core.data_processor.TenderDataProcessor - INFO - Custom date filter: 2025-08-31 00:00:00 to 2025-08-31 23:59:59
2025-08-31 10:51:57 - core.data_processor.TenderDataProcessor - INFO - Custom date filter returned 2 records
2025-08-31 10:51:57 - ui.search_dashboard_tab.SearchDashboardTab - INFO - Treeview updated with 2 rows.
2025-08-31 10:51:57 - ui.search_dashboard_tab.SearchDashboardTab - INFO - Applied filters: {'CaseInsensitive': True, 'DateFilter': {'type': 'custom', 'start_date': '2025-08-31', 'end_date': '2025-08-31', 'start_datetime': '2025-08-31 18:00', 'end_datetime': '2025-08-31 23:59'}}
2025-08-31 10:52:00 - ui.search_dashboard_tab.SearchDashboardTab - INFO - Applying date filter preset: live
2025-08-31 10:52:00 - ui.search_dashboard_tab.SearchDashboardTab - INFO - Treeview updated with 367 rows.
2025-08-31 10:52:00 - ui.search_dashboard_tab.SearchDashboardTab - INFO - Applied filters: {'CaseInsensitive': True, 'DateFilter': {'type': 'live'}}
2025-08-31 10:52:09 - ui.search_dashboard_tab.SearchDashboardTab - INFO - Applying custom date-time filter: 2025-08-31 20:00 -> 2025-08-31 23:59
2025-08-31 10:52:09 - core.data_processor.TenderDataProcessor - INFO - Custom date filter: 2025-08-31 00:00:00 to 2025-08-31 23:59:59
2025-08-31 10:52:09 - core.data_processor.TenderDataProcessor - INFO - Custom date filter returned 2 records
2025-08-31 10:52:09 - ui.search_dashboard_tab.SearchDashboardTab - INFO - Treeview updated with 2 rows.
2025-08-31 10:52:09 - ui.search_dashboard_tab.SearchDashboardTab - INFO - Applied filters: {'CaseInsensitive': True, 'DateFilter': {'type': 'custom', 'start_date': '2025-08-31', 'end_date': '2025-08-31', 'start_datetime': '2025-08-31 20:00', 'end_datetime': '2025-08-31 23:59'}}
