2025-09-07 17:12:01 - root - INFO - Logging to file: G:\My Drive\0dev\Search Utility v3\tender_management_v3\logs\app_20250907_171201.log
2025-09-07 17:12:01 - root - INFO - Application starting...
2025-09-07 17:12:01 - ui.main_window.MainApplication - INFO - Initializing MainApplication...
2025-09-07 17:12:01 - core.config_manager - INFO - Configuration loaded from G:\My Drive\0dev\Search Utility v3\tender_management_v3\config\config.json
2025-09-07 17:12:01 - ui.main_window.MainApplication - INFO - Global configuration loaded successfully
2025-09-07 17:12:01 - ui.main_window.MainApplication - INFO - Window geometry set to 1200x800+168+32
2025-09-07 17:12:02 - ui.search_dashboard_tab.SearchDashboardTab - INFO - Applying status filter: live
2025-09-07 17:12:02 - ui.calendar_tab.CalendarTab - INFO - CalendarTab initialized
2025-09-07 17:12:02 - ui.calendar_tab.CalendarTab - INFO - Loaded 12 calendar events from G:\My Drive\0dev\Search Utility v3\tender_management_v3\data\calendar_events.json
2025-09-07 17:12:02 - ui.tender_tasks_tab.TenderTasksTab - INFO - TenderTasksTab initialized (placeholder)
2025-09-07 17:12:02 - ui.settings_tab.SettingsTab - INFO - SettingsTab initialized
2025-09-07 17:12:02 - ui.logs_tab.LogsTab - INFO - Log handler attached to root logger
2025-09-07 17:12:02 - ui.main_window.MainApplication - INFO - All tabs initialized successfully
2025-09-07 17:12:02 - ui.main_window - INFO - Main application initialized
2025-09-07 17:12:02 - root - INFO - Main window initialized
2025-09-07 17:13:00 - ui.search_dashboard_tab.SearchDashboardTab - INFO - Applying time filter: today
2025-09-07 17:13:03 - ui.search_dashboard_tab.SearchDashboardTab - INFO - Applying status filter: live
2025-09-07 17:13:05 - ui.search_dashboard_tab.SearchDashboardTab - INFO - Applying status filter: live
2025-09-07 17:17:35 - ui.search_dashboard_tab.SearchDashboardTab - INFO - Applying status filter: live
2025-09-07 17:17:35 - ui.search_dashboard_tab.SearchDashboardTab - INFO - Live tenders filter: 50 records closing after 2025-09-07 17:17:35.555867
2025-09-07 17:17:39 - ui.search_dashboard_tab.SearchDashboardTab - INFO - Live tenders filter: 50 records closing after 2025-09-07 17:17:39.122519
2025-09-07 17:17:39 - ui.search_dashboard_tab.SearchDashboardTab - INFO - Global search applied: 0 records match '2025_DFHW_110825_1' with AND logic
2025-09-07 17:17:46 - ui.search_dashboard_tab.SearchDashboardTab - INFO - Applying status filter: expired
2025-09-07 17:17:46 - ui.search_dashboard_tab.SearchDashboardTab - INFO - Expired tenders filter: 9766 records closed before 2025-09-07 17:17:46.714298
2025-09-07 17:17:46 - ui.search_dashboard_tab.SearchDashboardTab - INFO - Global search applied: 1 records match '2025_DFHW_110825_1' with AND logic
