2025-09-06 14:21:15 - root - INFO - Logging to file: G:\My Drive\0dev\Search Utility v3\tender_management_v3\logs\app_20250906_142115.log
2025-09-06 14:21:15 - root - INFO - Application starting...
2025-09-06 14:21:16 - ui.main_window.MainApplication - INFO - Initializing MainApplication...
2025-09-06 14:21:16 - core.config_manager - INFO - Configuration loaded from G:\My Drive\0dev\Search Utility v3\tender_management_v3\config\config.json
2025-09-06 14:21:16 - ui.main_window.MainApplication - INFO - Global configuration loaded successfully
2025-09-06 14:21:16 - ui.main_window.MainApplication - INFO - Window geometry set to 1200x800+168+32
2025-09-06 14:21:17 - ui.search_dashboard_tab.SearchDashboardTab - INFO - Applying status filter: live
2025-09-06 14:21:18 - ui.calendar_tab.CalendarTab - INFO - CalendarTab initialized
2025-09-06 14:21:18 - ui.calendar_tab.CalendarTab - INFO - Loaded 12 calendar events from G:\My Drive\0dev\Search Utility v3\tender_management_v3\data\calendar_events.json
2025-09-06 14:21:18 - ui.tender_tasks_tab.TenderTasksTab - INFO - TenderTasksTab initialized (placeholder)
2025-09-06 14:21:18 - ui.settings_tab.SettingsTab - INFO - SettingsTab initialized
2025-09-06 14:21:18 - ui.logs_tab.LogsTab - INFO - Log handler attached to root logger
2025-09-06 14:21:18 - ui.main_window.MainApplication - INFO - All tabs initialized successfully
2025-09-06 14:21:18 - ui.main_window - INFO - Main application initialized
2025-09-06 14:21:18 - root - INFO - Main window initialized
2025-09-06 14:21:22 - ui.search_dashboard_tab.SearchDashboardTab - INFO - Applying time filter: today
2025-09-06 14:21:42 - ui.search_dashboard_tab.SearchDashboardTab - INFO - Applying status filter: live
2025-09-06 14:21:42 - ui.search_dashboard_tab.SearchDashboardTab - INFO - Live tenders filter: 54 records closing after 2025-09-06 14:21:42.788183
2025-09-06 14:30:08 - ui.search_dashboard_tab.SearchDashboardTab - INFO - Applying status filter: expired
2025-09-06 14:30:08 - ui.search_dashboard_tab.SearchDashboardTab - INFO - Expired tenders filter: 9762 records closed before 2025-09-06 14:30:08.159665
2025-09-06 14:30:09 - ui.search_dashboard_tab.SearchDashboardTab - INFO - Applying time filter: today
2025-09-06 14:30:09 - ui.search_dashboard_tab.SearchDashboardTab - INFO - Time range filter (today): 0 records from 2025-09-06 14:30:09.595948
2025-09-06 14:31:21 - ui.search_dashboard_tab.SearchDashboardTab - INFO - Applying status filter: expired
2025-09-06 14:31:21 - ui.search_dashboard_tab.SearchDashboardTab - INFO - Expired tenders filter: 9762 records closed before 2025-09-06 14:31:21.576110
2025-09-06 14:31:22 - ui.search_dashboard_tab.SearchDashboardTab - INFO - Applying status filter: expired
2025-09-06 14:31:22 - ui.search_dashboard_tab.SearchDashboardTab - INFO - Expired tenders filter: 9762 records closed before 2025-09-06 14:31:22.012132
2025-09-06 14:31:24 - ui.search_dashboard_tab.SearchDashboardTab - INFO - Applied custom date range filter: 2025-09-06 00:00:00 to 2025-09-06 23:59:00, 20 records matching
2025-09-06 14:32:04 - ui.search_dashboard_tab.SearchDashboardTab - INFO - Applying time filter: today
2025-09-06 14:32:04 - ui.search_dashboard_tab.SearchDashboardTab - INFO - Time range filter (today): 4 records from 2025-09-06 14:32:04.408264
