2025-09-06 16:44:29 - root - INFO - Logging to file: G:\My Drive\0dev\Search Utility v3\tender_management_v3\logs\app_20250906_164429.log
2025-09-06 16:44:29 - root - INFO - Application starting...
2025-09-06 16:44:29 - ui.main_window.MainApplication - INFO - Initializing MainApplication...
2025-09-06 16:44:29 - core.config_manager - INFO - Configuration loaded from G:\My Drive\0dev\Search Utility v3\tender_management_v3\config\config.json
2025-09-06 16:44:29 - ui.main_window.MainApplication - INFO - Global configuration loaded successfully
2025-09-06 16:44:29 - ui.main_window.MainApplication - INFO - Window geometry set to 1200x800+168+32
2025-09-06 16:44:30 - ui.search_dashboard_tab.SearchDashboardTab - INFO - Applying status filter: live
2025-09-06 16:44:30 - ui.calendar_tab.CalendarTab - INFO - CalendarTab initialized
2025-09-06 16:44:30 - ui.calendar_tab.CalendarTab - INFO - Loaded 12 calendar events from G:\My Drive\0dev\Search Utility v3\tender_management_v3\data\calendar_events.json
2025-09-06 16:44:30 - ui.tender_tasks_tab.TenderTasksTab - INFO - TenderTasksTab initialized (placeholder)
2025-09-06 16:44:30 - ui.settings_tab.SettingsTab - INFO - SettingsTab initialized
2025-09-06 16:44:30 - ui.logs_tab.LogsTab - INFO - Log handler attached to root logger
2025-09-06 16:44:30 - ui.main_window.MainApplication - INFO - All tabs initialized successfully
2025-09-06 16:44:30 - ui.main_window - INFO - Main application initialized
2025-09-06 16:44:30 - root - INFO - Main window initialized
2025-09-06 16:46:31 - core.config_manager - INFO - Configuration saved to G:\My Drive\0dev\Search Utility v3\tender_management_v3\config\config.json
2025-09-06 16:48:12 - ui.search_dashboard_tab.SearchDashboardTab - INFO - Applying status filter: live
2025-09-06 16:48:12 - ui.search_dashboard_tab.SearchDashboardTab - INFO - Live tenders filter: 51 records closing after 2025-09-06 16:48:12.574236
2025-09-06 16:49:05 - ui.search_dashboard_tab.SearchDashboardTab - INFO - Applying time filter: today
2025-09-06 16:49:05 - ui.search_dashboard_tab.SearchDashboardTab - INFO - Time range filter (today): 1 records from 2025-09-06 16:49:05.335258
2025-09-06 16:49:23 - ui.search_dashboard_tab.SearchDashboardTab - INFO - Applying status filter: expired
2025-09-06 16:49:23 - ui.search_dashboard_tab.SearchDashboardTab - INFO - Expired tenders filter: 9765 records closed before 2025-09-06 16:49:23.871967
2025-09-06 16:49:38 - ui.search_dashboard_tab.SearchDashboardTab - INFO - Applying time filter: today
2025-09-06 16:49:38 - ui.search_dashboard_tab.SearchDashboardTab - INFO - Time range filter (today): 0 records from 2025-09-06 16:49:38.295086
2025-09-06 16:50:04 - ui.search_dashboard_tab.SearchDashboardTab - INFO - Applying status filter: live
2025-09-06 16:50:04 - ui.search_dashboard_tab.SearchDashboardTab - INFO - Live tenders filter: 51 records closing after 2025-09-06 16:50:04.368727
2025-09-06 16:50:06 - ui.search_dashboard_tab.SearchDashboardTab - INFO - Applying status filter: expired
2025-09-06 16:50:06 - ui.search_dashboard_tab.SearchDashboardTab - INFO - Expired tenders filter: 9765 records closed before 2025-09-06 16:50:06.330117
2025-09-06 16:50:08 - ui.search_dashboard_tab.SearchDashboardTab - INFO - Applying time filter: today
2025-09-06 16:50:08 - ui.search_dashboard_tab.SearchDashboardTab - INFO - Time range filter (today): 0 records from 2025-09-06 16:50:08.157670
2025-09-06 16:50:45 - core.config_manager - INFO - Configuration saved to G:\My Drive\0dev\Search Utility v3\tender_management_v3\config\config.json
2025-09-06 16:50:59 - core.config_manager - INFO - Configuration saved to G:\My Drive\0dev\Search Utility v3\tender_management_v3\config\config.json
