2025-09-27 19:24:05 - root - INFO - Logging to file: G:\My Drive\0dev\Search Utility v3\tender_management_v3\logs\app_20250927_192405.log
2025-09-27 19:24:05 - root - INFO - Application starting...
2025-09-27 19:24:06 - ui.main_window.MainApplication - INFO - Initializing MainApplication...
2025-09-27 19:24:06 - core.config_manager - INFO - Configuration loaded from G:\My Drive\0dev\Search Utility v3\tender_management_v3\config\config.json
2025-09-27 19:24:06 - ui.main_window.MainApplication - INFO - Global configuration loaded successfully
2025-09-27 19:24:06 - ui.main_window.MainApplication - INFO - Window geometry set to 1200x800+168+32
2025-09-27 19:24:07 - ui.search_dashboard_tab.SearchDashboardTab - INFO - Applying status filter: live
2025-09-27 19:24:07 - ui.calendar_tab.CalendarTab - INFO - CalendarTab initialized
2025-09-27 19:24:07 - ui.calendar_tab.CalendarTab - INFO - Loaded 12 calendar events from G:\My Drive\0dev\Search Utility v3\tender_management_v3\data\calendar_events.json
2025-09-27 19:24:07 - ui.tender_tasks_tab.TenderTasksTab - INFO - TenderTasksTab initialized (placeholder)
2025-09-27 19:24:07 - ui.settings_tab.SettingsTab - INFO - SettingsTab initialized
2025-09-27 19:24:07 - ui.logs_tab.LogsTab - INFO - Log handler attached to root logger
2025-09-27 19:24:07 - ui.main_window.MainApplication - INFO - All tabs initialized successfully
2025-09-27 19:24:07 - ui.main_window - INFO - Main application initialized
2025-09-27 19:24:07 - root - INFO - Main window initialized
2025-09-27 19:24:07 - ui.search_dashboard_tab.SearchDashboardTab - INFO - Loading last used data source: G:/My Drive/0dev/Search Utility v3/tender_management_v3/data/merged_data\hptenders_gov_in_consolidated_master.xlsx
2025-09-27 19:24:18 - ui.search_dashboard_tab.SearchDashboardTab - INFO - Detected URL columns: ['Direct URL', 'Status URL']
2025-09-27 19:24:18 - ui.search_dashboard_tab.SearchDashboardTab - INFO - Applying status filter: live
2025-09-27 19:24:18 - ui.search_dashboard_tab.SearchDashboardTab - INFO - Live tenders filter: 0 records closing after 2025-09-27 19:24:18.294942
2025-09-27 19:24:18 - ui.search_dashboard_tab.SearchDashboardTab - INFO - Loaded merged file for analysis: G:/My Drive/0dev/Search Utility v3/tender_management_v3/data/merged_data\hptenders_gov_in_consolidated_master.xlsx (9816 records)
2025-09-27 19:24:18 - ui.search_dashboard_tab.SearchDashboardTab - INFO - Successfully loaded last used data source: G:/My Drive/0dev/Search Utility v3/tender_management_v3/data/merged_data\hptenders_gov_in_consolidated_master.xlsx
2025-09-27 19:24:18 - ui.main_window.MainApplication - INFO - Initial data loaded for Search tab
2025-09-27 19:25:01 - ui.search_dashboard_tab.SearchDashboardTab - INFO - Detected URL columns: ['Direct URL', 'Status URL']
2025-09-27 19:25:01 - ui.search_dashboard_tab.SearchDashboardTab - INFO - Applying status filter: live
2025-09-27 19:25:01 - ui.search_dashboard_tab.SearchDashboardTab - INFO - Live tenders filter: 1283 records closing after 2025-09-27 19:25:01.543590
2025-09-27 19:25:01 - ui.search_dashboard_tab.SearchDashboardTab - INFO - Detected URL columns: ['Direct URL', 'Status URL']
2025-09-27 19:39:04 - ui.logs_tab.LogsTab - INFO - Logs tab selected
