2025-09-07 12:24:13 - root - INFO - Logging to file: G:\My Drive\0dev\Search Utility v3\tender_management_v3\logs\app_20250907_122413.log
2025-09-07 12:24:13 - root - INFO - Application starting...
2025-09-07 12:24:13 - ui.main_window.MainApplication - INFO - Initializing MainApplication...
2025-09-07 12:24:13 - core.config_manager - INFO - Configuration loaded from G:\My Drive\0dev\Search Utility v3\tender_management_v3\config\config.json
2025-09-07 12:24:13 - ui.main_window.MainApplication - INFO - Global configuration loaded successfully
2025-09-07 12:24:13 - ui.main_window.MainApplication - INFO - Window geometry set to 1200x800+168+32
2025-09-07 12:24:13 - ui.search_dashboard_tab.SearchDashboardTab - INFO - Applying status filter: live
2025-09-07 12:24:14 - ui.search_dashboard_tab.SearchDashboardTab - INFO - Applying status filter: live
2025-09-07 12:24:14 - ui.calendar_tab.CalendarTab - INFO - CalendarTab initialized
2025-09-07 12:24:14 - ui.calendar_tab.CalendarTab - INFO - Loaded 12 calendar events from G:\My Drive\0dev\Search Utility v3\tender_management_v3\data\calendar_events.json
2025-09-07 12:24:14 - ui.tender_tasks_tab.TenderTasksTab - INFO - TenderTasksTab initialized (placeholder)
2025-09-07 12:24:14 - ui.settings_tab.SettingsTab - INFO - SettingsTab initialized
2025-09-07 12:24:14 - ui.logs_tab.LogsTab - INFO - Log handler attached to root logger
2025-09-07 12:24:14 - ui.main_window.MainApplication - INFO - All tabs initialized successfully
2025-09-07 12:24:14 - ui.main_window - INFO - Main application initialized
2025-09-07 12:24:14 - root - INFO - Main window initialized
2025-09-07 12:24:45 - ui.search_dashboard_tab.SearchDashboardTab - INFO - Applying time filter: today
2025-09-07 12:24:51 - ui.search_dashboard_tab.SearchDashboardTab - INFO - Applying status filter: live
2025-09-07 12:24:53 - ui.search_dashboard_tab.SearchDashboardTab - INFO - Applying time filter: today
2025-09-07 12:24:54 - ui.search_dashboard_tab.SearchDashboardTab - INFO - Applying time filter: today
2025-09-07 12:24:55 - ui.search_dashboard_tab.SearchDashboardTab - INFO - Applying status filter: live
2025-09-07 12:25:03 - ui.search_dashboard_tab.SearchDashboardTab - INFO - Applying time filter: today
2025-09-07 12:25:06 - ui.search_dashboard_tab.SearchDashboardTab - INFO - Applying time filter: next_3_days
2025-09-07 12:25:36 - ui.search_dashboard_tab.SearchDashboardTab - INFO - Applying status filter: live
2025-09-07 12:25:36 - ui.search_dashboard_tab.SearchDashboardTab - INFO - Live tenders filter: 50 records closing after 2025-09-07 12:25:36.550854
2025-09-07 12:25:40 - ui.search_dashboard_tab.SearchDashboardTab - INFO - Live tenders filter: 50 records closing after 2025-09-07 12:25:40.620391
2025-09-07 12:25:40 - ui.search_dashboard_tab.SearchDashboardTab - INFO - Department filter applied: 39 records match 'p' with OR logic
2025-09-07 12:25:41 - ui.search_dashboard_tab.SearchDashboardTab - INFO - Live tenders filter: 50 records closing after 2025-09-07 12:25:41.994765
2025-09-07 12:25:42 - ui.search_dashboard_tab.SearchDashboardTab - INFO - Department filter applied: 1 records match 'pwd' with OR logic
2025-09-07 12:26:01 - ui.search_dashboard_tab.SearchDashboardTab - ERROR - Error cleaning saved searches: slice(None, None, None)
2025-09-07 12:26:05 - ui.search_dashboard_tab.SearchDashboardTab - ERROR - Error cleaning saved searches: slice(None, None, None)
