2025-08-26 17:33:04 - root - INFO - Logging to file: G:\My Drive\0dev\Search Utility v3\tender_management_v3\logs\app_20250826_173304.log
2025-08-26 17:33:04 - root - INFO - Application starting...
2025-08-26 17:33:04 - core.config_manager - INFO - Configuration loaded from G:\My Drive\0dev\Search Utility v3\tender_management_v3\config\config.json
2025-08-26 17:33:04 - ui.main_window - INFO - Global styles configured
2025-08-26 17:33:05 - ui.calendar_tab.CalendarTab - INFO - CalendarTab initialized
2025-08-26 17:33:05 - ui.calendar_tab.CalendarTab - INFO - Loaded 12 calendar events from G:\My Drive\0dev\Search Utility v3\tender_management_v3\data\calendar_events.json
2025-08-26 17:33:05 - ui.tender_tasks_tab.TenderTasksTab - INFO - TenderTasksTab initialized (placeholder)
2025-08-26 17:33:05 - ui.settings_tab.SettingsTab - INFO - SettingsTab initialized
2025-08-26 17:33:05 - ui.logs_tab.LogsTab - INFO - Log handler attached to root logger
2025-08-26 17:33:05 - core.config_manager - INFO - Configuration saved to G:\My Drive\0dev\Search Utility v3\tender_management_v3\config\config.json
2025-08-26 17:33:05 - core.data_processor.TenderDataProcessor - INFO - Loading data from: H:/My Drive/CRM T84/0 Live App/Search Utility/data/merged_data\hptenders_gov_in_consolidated_master.xlsx
2025-08-26 17:33:06 - core.data_processor.TenderDataProcessor - INFO - Converted 'Closing Date' to datetime format (closing date)
2025-08-26 17:33:07 - core.data_processor.TenderDataProcessor - INFO - Identified closing date columns: ['Closing Date']
2025-08-26 17:33:07 - core.data_processor.TenderDataProcessor - INFO - Successfully loaded 9816 records from 1 files.
2025-08-26 17:33:14 - ui.search_dashboard_tab.SearchDashboardTab - INFO - Updated treeview with 9816 rows.
2025-08-26 17:33:14 - ui.search_dashboard_tab.SearchDashboardTab - INFO - Restored previous session data from 1 files
2025-08-26 17:33:14 - ui.main_window - INFO - Main application initialized
2025-08-26 17:33:14 - root - INFO - Main window initialized
2025-08-26 17:33:41 - ui.search_dashboard_tab.SearchDashboardTab - INFO - Applying custom date filter: 2025-08-26 to 2025-08-27
2025-08-26 17:39:23 - ui.logs_tab.LogsTab - INFO - Logs tab selected
2025-08-26 17:39:45 - ui.tender_tasks_tab.TenderTasksTab - INFO - TenderTasksTab selected (placeholder)
2025-08-26 17:39:46 - ui.settings_tab.SettingsTab - INFO - Settings tab selected and refreshed
2025-08-26 17:39:48 - ui.logs_tab.LogsTab - INFO - Logs tab selected
