2025-09-26 15:13:04 - root - INFO - Logging to file: G:\My Drive\0dev\Search Utility v3\tender_management_v3\logs\app_20250926_151304.log
2025-09-26 15:13:04 - root - INFO - Application starting...
2025-09-26 15:13:04 - ui.main_window.MainApplication - INFO - Initializing MainApplication...
2025-09-26 15:13:04 - core.config_manager - INFO - Configuration loaded from G:\My Drive\0dev\Search Utility v3\tender_management_v3\config\config.json
2025-09-26 15:13:04 - ui.main_window.MainApplication - INFO - Global configuration loaded successfully
2025-09-26 15:13:04 - ui.main_window.MainApplication - INFO - Window geometry set to 1200x800+168+32
2025-09-26 15:13:04 - ui.search_dashboard_tab.SearchDashboardTab - INFO - Applying status filter: live
2025-09-26 15:13:05 - ui.calendar_tab.CalendarTab - INFO - CalendarTab initialized
2025-09-26 15:13:05 - ui.calendar_tab.CalendarTab - INFO - Loaded 12 calendar events from G:\My Drive\0dev\Search Utility v3\tender_management_v3\data\calendar_events.json
2025-09-26 15:13:05 - ui.tender_tasks_tab.TenderTasksTab - INFO - TenderTasksTab initialized (placeholder)
2025-09-26 15:13:05 - ui.settings_tab.SettingsTab - INFO - SettingsTab initialized
2025-09-26 15:13:05 - ui.logs_tab.LogsTab - INFO - Log handler attached to root logger
2025-09-26 15:13:05 - ui.main_window.MainApplication - INFO - All tabs initialized successfully
2025-09-26 15:13:05 - ui.main_window - INFO - Main application initialized
2025-09-26 15:13:05 - root - INFO - Main window initialized
2025-09-26 15:15:12 - ui.portal_merger_tab.PortalDataMergerTab - INFO - Added new files for merging: ('H:/My Drive/CRM T84/0 Live App/Search data/input_excel_files/hptenders_gov_in_tenders_20250926_143019.xlsx',)
2025-09-26 15:15:14 - ui.portal_merger_tab.PortalDataMergerTab - INFO - Starting batch merge process via UI. Output Folder='H:/My Drive/CRM T84/0 Live App/Search data/merged_data'
2025-09-26 15:15:14 - ui.portal_merger_tab.PortalDataMergerTab - INFO - Processing portal hptenders with 1 files
2025-09-26 15:15:14 - ui.portal_merger_tab.PortalDataMergerTab - INFO - Sorted 1 files for portal 'hptenders', oldest first.
2025-09-26 15:15:14 - ui.portal_merger_tab.PortalDataMergerTab - INFO - Portal hptenders: Processing files in this order:
  1. hptenders_gov_in_tenders_20250926_143019.xlsx

2025-09-26 15:15:14 - core.file_merger - INFO - Backup of 'hptenders_consolidated_master.xlsx' created at 'H:/My Drive/CRM T84/0 Live App/Search data/merged_data\portal_backups\hptenders\hptenders_consolidated_master_backup_20250926_151514.zip'
2025-09-26 15:15:16 - core.file_merger - INFO - Starting with 14002 existing records from master file.
2025-09-26 15:15:16 - core.file_merger - INFO - Loaded 1425 records from hptenders_gov_in_tenders_20250926_143019.xlsx
2025-09-26 15:15:16 - core.file_merger - INFO - Columns in combined data: ['Department Name', 'S.No', 'e-Published Date', 'Closing Date', 'Opening Date', 'Organisation Chain', 'Title and Ref.No./Tender ID', 'Tender ID (Extracted)', 'Direct URL', 'Status URL']
2025-09-26 15:15:16 - core.file_merger - INFO - Preferred unique keys: ['Tender ID (Extracted)', 'Title and Ref.No./Tender ID', 'Tender ID']
2025-09-26 15:15:16 - core.file_merger - INFO - Selected unique key: Tender ID (Extracted)
2025-09-26 15:15:16 - core.file_merger - INFO - Merge for portal 'hptenders': 15427 total input records -> 14146 unique records (removed 1281 duplicates)
2025-09-26 15:15:18 - core.file_merger - INFO - Successfully merged 1 files for portal 'hptenders'.
Summary: 14146 total records in merged file
• 144 new records added
• 14002 existing records updated with newer data
• 1281 duplicate records resolved
Output file: hptenders_consolidated_master.xlsx
2025-09-26 15:15:23 - ui.portal_merger_tab.PortalDataMergerTab - INFO - Batch merge process completed. Success: 1, Fail: 0
2025-09-26 15:15:28 - ui.search_dashboard_tab.SearchDashboardTab - INFO - Detected URL columns: ['Direct URL', 'Status URL']
2025-09-26 15:15:29 - ui.search_dashboard_tab.SearchDashboardTab - INFO - Applying status filter: live
2025-09-26 15:15:29 - ui.search_dashboard_tab.SearchDashboardTab - INFO - Live tenders filter: 1432 records closing after 2025-09-26 15:15:29.116731
2025-09-26 15:15:29 - ui.search_dashboard_tab.SearchDashboardTab - INFO - Detected URL columns: ['Direct URL', 'Status URL']
2025-09-26 15:15:29 - ui.search_dashboard_tab.SearchDashboardTab - INFO - Loaded merged file for analysis: H:/My Drive/CRM T84/0 Live App/Search data/merged_data\hptenders_consolidated_master.xlsx (14146 records)
2025-09-26 15:15:29 - ui.portal_merger_tab.PortalDataMergerTab - INFO - Automatically loading merged file 'H:/My Drive/CRM T84/0 Live App/Search data/merged_data\hptenders_consolidated_master.xlsx' into Search Tab.
2025-09-26 15:15:29 - ui.portal_merger_tab.PortalDataMergerTab - INFO - Cleared all files from merge list.
